CRITICAL - 2026-09-21 10:04:23 --> Uncaught CodeIgniter\Exceptions\PageNotFoundException: Can't find a route for 'get: Dashboard/Classificacoes/reprocessar/28/12'. in C:\laragon\www\servicos\procseletivos\adm\system\CodeIgniter.php:993
Stack trace:
#0 C:\laragon\www\servicos\procseletivos\adm\system\CodeIgniter.php(993): CodeIgniter\Exceptions\PageNotFoundException::forPageNotFound('Can't find a ro...')
#1 C:\laragon\www\servicos\procseletivos\adm\system\CodeIgniter.php(387): CodeIgniter\CodeIgniter->display404errors(Object(CodeIgniter\Exceptions\PageNotFoundException))
#2 C:\laragon\www\servicos\procseletivos\adm\index.php(67): CodeIgniter\CodeIgniter->run()
#3 {main}
  thrown
in SYSTEMPATH\CodeIgniter.php on line 993.
 1 [internal function]: CodeIgniter\Debug\Exceptions->shutdownHandler()
CRITICAL - 2026-09-21 10:04:48 --> Uncaught BadMethodCallException: Call to undefined method App\Models\EditaisModel::getCargosByEdital in C:\laragon\www\servicos\procseletivos\adm\system\Model.php:841
Stack trace:
#0 C:\laragon\www\servicos\procseletivos\adm\app\Controllers\Editais.php(208): CodeIgniter\Model->__call('getCargosByEdit...', Array)
#1 C:\laragon\www\servicos\procseletivos\adm\system\CodeIgniter.php(934): App\Controllers\Editais->getCargosByEdital()
#2 C:\laragon\www\servicos\procseletivos\adm\system\CodeIgniter.php(499): CodeIgniter\CodeIgniter->runController(Object(App\Controllers\Editais))
#3 C:\laragon\www\servicos\procseletivos\adm\system\CodeIgniter.php(368): CodeIgniter\CodeIgniter->handleRequest(NULL, Object(Config\Cache), false)
#4 C:\laragon\www\servicos\procseletivos\adm\index.php(67): CodeIgniter\CodeIgniter->run()
#5 {main}
  thrown
in SYSTEMPATH\Model.php on line 841.
 1 [internal function]: CodeIgniter\Debug\Exceptions->shutdownHandler()
CRITICAL - 2026-09-21 10:04:57 --> Uncaught BadMethodCallException: Call to undefined method App\Models\EditaisModel::getCargosByEdital in C:\laragon\www\servicos\procseletivos\adm\system\Model.php:841
Stack trace:
#0 C:\laragon\www\servicos\procseletivos\adm\app\Controllers\Editais.php(208): CodeIgniter\Model->__call('getCargosByEdit...', Array)
#1 C:\laragon\www\servicos\procseletivos\adm\system\CodeIgniter.php(934): App\Controllers\Editais->getCargosByEdital()
#2 C:\laragon\www\servicos\procseletivos\adm\system\CodeIgniter.php(499): CodeIgniter\CodeIgniter->runController(Object(App\Controllers\Editais))
#3 C:\laragon\www\servicos\procseletivos\adm\system\CodeIgniter.php(368): CodeIgniter\CodeIgniter->handleRequest(NULL, Object(Config\Cache), false)
#4 C:\laragon\www\servicos\procseletivos\adm\index.php(67): CodeIgniter\CodeIgniter->run()
#5 {main}
  thrown
in SYSTEMPATH\Model.php on line 841.
 1 [internal function]: CodeIgniter\Debug\Exceptions->shutdownHandler()
CRITICAL - 2026-09-21 10:05:07 --> Uncaught BadMethodCallException: Call to undefined method App\Models\EditaisModel::getCargosByEdital in C:\laragon\www\servicos\procseletivos\adm\system\Model.php:841
Stack trace:
#0 C:\laragon\www\servicos\procseletivos\adm\app\Controllers\Editais.php(208): CodeIgniter\Model->__call('getCargosByEdit...', Array)
#1 C:\laragon\www\servicos\procseletivos\adm\system\CodeIgniter.php(934): App\Controllers\Editais->getCargosByEdital()
#2 C:\laragon\www\servicos\procseletivos\adm\system\CodeIgniter.php(499): CodeIgniter\CodeIgniter->runController(Object(App\Controllers\Editais))
#3 C:\laragon\www\servicos\procseletivos\adm\system\CodeIgniter.php(368): CodeIgniter\CodeIgniter->handleRequest(NULL, Object(Config\Cache), false)
#4 C:\laragon\www\servicos\procseletivos\adm\index.php(67): CodeIgniter\CodeIgniter->run()
#5 {main}
  thrown
in SYSTEMPATH\Model.php on line 841.
 1 [internal function]: CodeIgniter\Debug\Exceptions->shutdownHandler()
CRITICAL - 2026-09-21 10:05:12 --> Uncaught BadMethodCallException: Call to undefined method App\Models\EditaisModel::getCargosByEdital in C:\laragon\www\servicos\procseletivos\adm\system\Model.php:841
Stack trace:
#0 C:\laragon\www\servicos\procseletivos\adm\app\Controllers\Editais.php(208): CodeIgniter\Model->__call('getCargosByEdit...', Array)
#1 C:\laragon\www\servicos\procseletivos\adm\system\CodeIgniter.php(934): App\Controllers\Editais->getCargosByEdital()
#2 C:\laragon\www\servicos\procseletivos\adm\system\CodeIgniter.php(499): CodeIgniter\CodeIgniter->runController(Object(App\Controllers\Editais))
#3 C:\laragon\www\servicos\procseletivos\adm\system\CodeIgniter.php(368): CodeIgniter\CodeIgniter->handleRequest(NULL, Object(Config\Cache), false)
#4 C:\laragon\www\servicos\procseletivos\adm\index.php(67): CodeIgniter\CodeIgniter->run()
#5 {main}
  thrown
in SYSTEMPATH\Model.php on line 841.
 1 [internal function]: CodeIgniter\Debug\Exceptions->shutdownHandler()
CRITICAL - 2026-09-21 10:07:58 --> Uncaught CodeIgniter\Security\Exceptions\SecurityException: The action you requested is not allowed. in C:\laragon\www\servicos\procseletivos\adm\system\Security\Security.php:306
Stack trace:
#0 C:\laragon\www\servicos\procseletivos\adm\system\Security\Security.php(306): CodeIgniter\Security\Exceptions\SecurityException::forDisallowedAction()
#1 C:\laragon\www\servicos\procseletivos\adm\system\Filters\CSRF.php(55): CodeIgniter\Security\Security->verify(Object(CodeIgniter\HTTP\IncomingRequest))
#2 C:\laragon\www\servicos\procseletivos\adm\system\Filters\Filters.php(173): CodeIgniter\Filters\CSRF->before(Object(CodeIgniter\HTTP\IncomingRequest), NULL)
#3 C:\laragon\www\servicos\procseletivos\adm\system\CodeIgniter.php(473): CodeIgniter\Filters\Filters->run('Editais/getCarg...', 'before')
#4 C:\laragon\www\servicos\procseletivos\adm\system\CodeIgniter.php(368): CodeIgniter\CodeIgniter->handleRequest(NULL, Object(Config\Cache), false)
#5 C:\laragon\www\servicos\procseletivos\adm\index.php(67): CodeIgniter\CodeIgniter->run()
#6 {main}
  thrown
in SYSTEMPATH\Security\Security.php on line 306.
 1 [internal function]: CodeIgniter\Debug\Exceptions->shutdownHandler()
CRITICAL - 2026-09-21 10:17:20 --> Uncaught CodeIgniter\Security\Exceptions\SecurityException: The action you requested is not allowed. in C:\laragon\www\servicos\procseletivos\adm\system\Security\Security.php:306
Stack trace:
#0 C:\laragon\www\servicos\procseletivos\adm\system\Security\Security.php(306): CodeIgniter\Security\Exceptions\SecurityException::forDisallowedAction()
#1 C:\laragon\www\servicos\procseletivos\adm\system\Filters\CSRF.php(55): CodeIgniter\Security\Security->verify(Object(CodeIgniter\HTTP\IncomingRequest))
#2 C:\laragon\www\servicos\procseletivos\adm\system\Filters\Filters.php(173): CodeIgniter\Filters\CSRF->before(Object(CodeIgniter\HTTP\IncomingRequest), NULL)
#3 C:\laragon\www\servicos\procseletivos\adm\system\CodeIgniter.php(473): CodeIgniter\Filters\Filters->run('Editais/getCarg...', 'before')
#4 C:\laragon\www\servicos\procseletivos\adm\system\CodeIgniter.php(368): CodeIgniter\CodeIgniter->handleRequest(NULL, Object(Config\Cache), false)
#5 C:\laragon\www\servicos\procseletivos\adm\index.php(67): CodeIgniter\CodeIgniter->run()
#6 {main}
  thrown
in SYSTEMPATH\Security\Security.php on line 306.
 1 [internal function]: CodeIgniter\Debug\Exceptions->shutdownHandler()
CRITICAL - 2026-09-21 10:17:26 --> Uncaught BadMethodCallException: Call to undefined method App\Models\EditaisModel::getCargosByEdital in C:\laragon\www\servicos\procseletivos\adm\system\Model.php:841
Stack trace:
#0 C:\laragon\www\servicos\procseletivos\adm\app\Controllers\Editais.php(208): CodeIgniter\Model->__call('getCargosByEdit...', Array)
#1 C:\laragon\www\servicos\procseletivos\adm\system\CodeIgniter.php(934): App\Controllers\Editais->getCargosByEdital()
#2 C:\laragon\www\servicos\procseletivos\adm\system\CodeIgniter.php(499): CodeIgniter\CodeIgniter->runController(Object(App\Controllers\Editais))
#3 C:\laragon\www\servicos\procseletivos\adm\system\CodeIgniter.php(368): CodeIgniter\CodeIgniter->handleRequest(NULL, Object(Config\Cache), false)
#4 C:\laragon\www\servicos\procseletivos\adm\index.php(67): CodeIgniter\CodeIgniter->run()
#5 {main}
  thrown
in SYSTEMPATH\Model.php on line 841.
 1 [internal function]: CodeIgniter\Debug\Exceptions->shutdownHandler()
CRITICAL - 2026-09-21 10:22:45 --> Uncaught BadMethodCallException: Call to undefined method App\Models\EditaisModel::getCargosByEdital in C:\laragon\www\servicos\procseletivos\adm\system\Model.php:841
Stack trace:
#0 C:\laragon\www\servicos\procseletivos\adm\app\Controllers\Editais.php(208): CodeIgniter\Model->__call('getCargosByEdit...', Array)
#1 C:\laragon\www\servicos\procseletivos\adm\system\CodeIgniter.php(934): App\Controllers\Editais->getCargosByEdital()
#2 C:\laragon\www\servicos\procseletivos\adm\system\CodeIgniter.php(499): CodeIgniter\CodeIgniter->runController(Object(App\Controllers\Editais))
#3 C:\laragon\www\servicos\procseletivos\adm\system\CodeIgniter.php(368): CodeIgniter\CodeIgniter->handleRequest(NULL, Object(Config\Cache), false)
#4 C:\laragon\www\servicos\procseletivos\adm\index.php(67): CodeIgniter\CodeIgniter->run()
#5 {main}
  thrown
in SYSTEMPATH\Model.php on line 841.
 1 [internal function]: CodeIgniter\Debug\Exceptions->shutdownHandler()
CRITICAL - 2026-09-21 10:36:26 --> Uncaught BadMethodCallException: Call to undefined method App\Models\EditaisModel::getCargosByEdital in C:\laragon\www\servicos\procseletivos\adm\system\Model.php:841
Stack trace:
#0 C:\laragon\www\servicos\procseletivos\adm\app\Controllers\Editais.php(208): CodeIgniter\Model->__call('getCargosByEdit...', Array)
#1 C:\laragon\www\servicos\procseletivos\adm\system\CodeIgniter.php(934): App\Controllers\Editais->getCargosByEdital()
#2 C:\laragon\www\servicos\procseletivos\adm\system\CodeIgniter.php(499): CodeIgniter\CodeIgniter->runController(Object(App\Controllers\Editais))
#3 C:\laragon\www\servicos\procseletivos\adm\system\CodeIgniter.php(368): CodeIgniter\CodeIgniter->handleRequest(NULL, Object(Config\Cache), false)
#4 C:\laragon\www\servicos\procseletivos\adm\index.php(67): CodeIgniter\CodeIgniter->run()
#5 {main}
  thrown
in SYSTEMPATH\Model.php on line 841.
 1 [internal function]: CodeIgniter\Debug\Exceptions->shutdownHandler()
CRITICAL - 2026-09-21 10:36:48 --> Uncaught BadMethodCallException: Call to undefined method App\Models\EditaisModel::getCargosByEdital in C:\laragon\www\servicos\procseletivos\adm\system\Model.php:841
Stack trace:
#0 C:\laragon\www\servicos\procseletivos\adm\app\Controllers\Editais.php(208): CodeIgniter\Model->__call('getCargosByEdit...', Array)
#1 C:\laragon\www\servicos\procseletivos\adm\system\CodeIgniter.php(934): App\Controllers\Editais->getCargosByEdital()
#2 C:\laragon\www\servicos\procseletivos\adm\system\CodeIgniter.php(499): CodeIgniter\CodeIgniter->runController(Object(App\Controllers\Editais))
#3 C:\laragon\www\servicos\procseletivos\adm\system\CodeIgniter.php(368): CodeIgniter\CodeIgniter->handleRequest(NULL, Object(Config\Cache), false)
#4 C:\laragon\www\servicos\procseletivos\adm\index.php(67): CodeIgniter\CodeIgniter->run()
#5 {main}
  thrown
in SYSTEMPATH\Model.php on line 841.
 1 [internal function]: CodeIgniter\Debug\Exceptions->shutdownHandler()
CRITICAL - 2026-09-21 10:37:03 --> Uncaught BadMethodCallException: Call to undefined method App\Models\EditaisModel::getCargosByEdital in C:\laragon\www\servicos\procseletivos\adm\system\Model.php:841
Stack trace:
#0 C:\laragon\www\servicos\procseletivos\adm\app\Controllers\Editais.php(208): CodeIgniter\Model->__call('getCargosByEdit...', Array)
#1 C:\laragon\www\servicos\procseletivos\adm\system\CodeIgniter.php(934): App\Controllers\Editais->getCargosByEdital()
#2 C:\laragon\www\servicos\procseletivos\adm\system\CodeIgniter.php(499): CodeIgniter\CodeIgniter->runController(Object(App\Controllers\Editais))
#3 C:\laragon\www\servicos\procseletivos\adm\system\CodeIgniter.php(368): CodeIgniter\CodeIgniter->handleRequest(NULL, Object(Config\Cache), false)
#4 C:\laragon\www\servicos\procseletivos\adm\index.php(67): CodeIgniter\CodeIgniter->run()
#5 {main}
  thrown
in SYSTEMPATH\Model.php on line 841.
 1 [internal function]: CodeIgniter\Debug\Exceptions->shutdownHandler()
