CRITICAL - 2026-09-11 08:39:02 --> Uncaught ErrorException: Array to string conversion in C:\laragon\www\servicos\procseletivos\adm\app\Views\pages\candidatos\Classificacoes_view.php:70
Stack trace:
#0 C:\laragon\www\servicos\procseletivos\adm\app\Views\pages\candidatos\Classificacoes_view.php(70): CodeIgniter\Debug\Exceptions->errorHandler(2, 'Array to string...', 'C:\\laragon\\www\\...', 70)
#1 C:\laragon\www\servicos\procseletivos\adm\system\View\View.php(213): include('C:\\laragon\\www\\...')
#2 C:\laragon\www\servicos\procseletivos\adm\system\View\View.php(216): CodeIgniter\View\View->CodeIgniter\View\{closure}()
#3 C:\laragon\www\servicos\procseletivos\adm\system\Common.php(1177): CodeIgniter\View\View->render('pages/candidato...', Array, true)
#4 C:\laragon\www\servicos\procseletivos\adm\app\Views\layoutDash.php(5): view('pages/candidato...')
#5 C:\laragon\www\servicos\procseletivos\adm\system\View\View.php(213): include('C:\\laragon\\www\\...')
#6 C:\laragon\www\servicos\procseletivos\adm\system\View\View.php(216): CodeIgniter\View\View->CodeIgniter\View\{closure}()
#7 C:\laragon\www\servicos\procseletivos\adm\system\Common.php(1177): CodeIgniter\View\View->render('layoutDash', Array, true)
#8 C:\laragon\www\servicos\procseletivos\adm\app\Controllers\Classificacoes.php(86): view('layoutDash', Array)
#9 C:\laragon\www\servicos\procseletivos\adm\system\CodeIgniter.php(934): App\Controllers\Classificacoes->index('28', '12')
#10 C:\laragon\www\servicos\procseletivos\adm\system\CodeIgniter.php(499): CodeIgniter\CodeIgniter->runController(Object(App\Controllers\Classificacoes))
#11 C:\laragon\www\servicos\procseletivos\adm\system\CodeIgniter.php(368): CodeIgniter\CodeIgniter->handleRequest(NULL, Object(Config\Cache), false)
#12 C:\laragon\www\servicos\procseletivos\adm\index.php(67): CodeIgniter\CodeIgniter->run()
#13 {main}
  thrown
in APPPATH\Views\pages\candidatos\Classificacoes_view.php on line 70.
 1 [internal function]: CodeIgniter\Debug\Exceptions->shutdownHandler()
CRITICAL - 2026-09-11 09:32:37 --> Uncaught CodeIgniter\Security\Exceptions\SecurityException: The action you requested is not allowed. in C:\laragon\www\servicos\procseletivos\adm\system\Security\Security.php:306
Stack trace:
#0 C:\laragon\www\servicos\procseletivos\adm\system\Security\Security.php(306): CodeIgniter\Security\Exceptions\SecurityException::forDisallowedAction()
#1 C:\laragon\www\servicos\procseletivos\adm\system\Filters\CSRF.php(55): CodeIgniter\Security\Security->verify(Object(CodeIgniter\HTTP\IncomingRequest))
#2 C:\laragon\www\servicos\procseletivos\adm\system\Filters\Filters.php(173): CodeIgniter\Filters\CSRF->before(Object(CodeIgniter\HTTP\IncomingRequest), NULL)
#3 C:\laragon\www\servicos\procseletivos\adm\system\CodeIgniter.php(473): CodeIgniter\Filters\Filters->run('CargosDesempate...', 'before')
#4 C:\laragon\www\servicos\procseletivos\adm\system\CodeIgniter.php(368): CodeIgniter\CodeIgniter->handleRequest(NULL, Object(Config\Cache), false)
#5 C:\laragon\www\servicos\procseletivos\adm\index.php(67): CodeIgniter\CodeIgniter->run()
#6 {main}
  thrown
in SYSTEMPATH\Security\Security.php on line 306.
 1 [internal function]: CodeIgniter\Debug\Exceptions->shutdownHandler()
CRITICAL - 2026-09-11 09:32:48 --> Uncaught CodeIgniter\Security\Exceptions\SecurityException: The action you requested is not allowed. in C:\laragon\www\servicos\procseletivos\adm\system\Security\Security.php:306
Stack trace:
#0 C:\laragon\www\servicos\procseletivos\adm\system\Security\Security.php(306): CodeIgniter\Security\Exceptions\SecurityException::forDisallowedAction()
#1 C:\laragon\www\servicos\procseletivos\adm\system\Filters\CSRF.php(55): CodeIgniter\Security\Security->verify(Object(CodeIgniter\HTTP\IncomingRequest))
#2 C:\laragon\www\servicos\procseletivos\adm\system\Filters\Filters.php(173): CodeIgniter\Filters\CSRF->before(Object(CodeIgniter\HTTP\IncomingRequest), NULL)
#3 C:\laragon\www\servicos\procseletivos\adm\system\CodeIgniter.php(473): CodeIgniter\Filters\Filters->run('CargosDesempate...', 'before')
#4 C:\laragon\www\servicos\procseletivos\adm\system\CodeIgniter.php(368): CodeIgniter\CodeIgniter->handleRequest(NULL, Object(Config\Cache), false)
#5 C:\laragon\www\servicos\procseletivos\adm\index.php(67): CodeIgniter\CodeIgniter->run()
#6 {main}
  thrown
in SYSTEMPATH\Security\Security.php on line 306.
 1 [internal function]: CodeIgniter\Debug\Exceptions->shutdownHandler()
CRITICAL - 2026-09-11 09:32:52 --> Uncaught CodeIgniter\Exceptions\PageNotFoundException: Can't find a route for 'get: home'. in C:\laragon\www\servicos\procseletivos\adm\system\CodeIgniter.php:993
Stack trace:
#0 C:\laragon\www\servicos\procseletivos\adm\system\CodeIgniter.php(993): CodeIgniter\Exceptions\PageNotFoundException::forPageNotFound('Can't find a ro...')
#1 C:\laragon\www\servicos\procseletivos\adm\system\CodeIgniter.php(387): CodeIgniter\CodeIgniter->display404errors(Object(CodeIgniter\Exceptions\PageNotFoundException))
#2 C:\laragon\www\servicos\procseletivos\adm\index.php(67): CodeIgniter\CodeIgniter->run()
#3 {main}
  thrown
in SYSTEMPATH\CodeIgniter.php on line 993.
 1 [internal function]: CodeIgniter\Debug\Exceptions->shutdownHandler()
CRITICAL - 2026-09-11 09:33:01 --> Uncaught CodeIgniter\Exceptions\PageNotFoundException: Can't find a route for 'get: home'. in C:\laragon\www\servicos\procseletivos\adm\system\CodeIgniter.php:993
Stack trace:
#0 C:\laragon\www\servicos\procseletivos\adm\system\CodeIgniter.php(993): CodeIgniter\Exceptions\PageNotFoundException::forPageNotFound('Can't find a ro...')
#1 C:\laragon\www\servicos\procseletivos\adm\system\CodeIgniter.php(387): CodeIgniter\CodeIgniter->display404errors(Object(CodeIgniter\Exceptions\PageNotFoundException))
#2 C:\laragon\www\servicos\procseletivos\adm\index.php(67): CodeIgniter\CodeIgniter->run()
#3 {main}
  thrown
in SYSTEMPATH\CodeIgniter.php on line 993.
 1 [internal function]: CodeIgniter\Debug\Exceptions->shutdownHandler()
CRITICAL - 2026-09-11 09:33:57 --> Uncaught CodeIgniter\Exceptions\PageNotFoundException: Can't find a route for 'get: home'. in C:\laragon\www\servicos\procseletivos\adm\system\CodeIgniter.php:993
Stack trace:
#0 C:\laragon\www\servicos\procseletivos\adm\system\CodeIgniter.php(993): CodeIgniter\Exceptions\PageNotFoundException::forPageNotFound('Can't find a ro...')
#1 C:\laragon\www\servicos\procseletivos\adm\system\CodeIgniter.php(387): CodeIgniter\CodeIgniter->display404errors(Object(CodeIgniter\Exceptions\PageNotFoundException))
#2 C:\laragon\www\servicos\procseletivos\adm\index.php(67): CodeIgniter\CodeIgniter->run()
#3 {main}
  thrown
in SYSTEMPATH\CodeIgniter.php on line 993.
 1 [internal function]: CodeIgniter\Debug\Exceptions->shutdownHandler()
ERROR - 2026-09-11 09:51:58 --> mysqli_sql_exception: Table 'testes_bd_processos_seletivos_administracao.tb_cargos_experiencias_editais' doesn't exist in C:\laragon\www\servicos\procseletivos\adm\system\Database\MySQLi\Connection.php:295
Stack trace:
#0 C:\laragon\www\servicos\procseletivos\adm\system\Database\MySQLi\Connection.php(295): mysqli->query('SELECT `exp`.`f...', 0)
#1 C:\laragon\www\servicos\procseletivos\adm\system\Database\BaseConnection.php(691): CodeIgniter\Database\MySQLi\Connection->execute('SELECT `exp`.`f...')
#2 C:\laragon\www\servicos\procseletivos\adm\system\Database\BaseConnection.php(605): CodeIgniter\Database\BaseConnection->simpleQuery('SELECT `exp`.`f...')
#3 C:\laragon\www\servicos\procseletivos\adm\system\Database\BaseBuilder.php(1602): CodeIgniter\Database\BaseConnection->query('SELECT `exp`.`f...', Array, false)
#4 C:\laragon\www\servicos\procseletivos\adm\app\Models\CadastrosExperienciasModel.php(66): CodeIgniter\Database\BaseBuilder->get()
#5 C:\laragon\www\servicos\procseletivos\adm\app\Services\Candidatos\RecursosService.php(189): App\Models\CadastrosExperienciasModel->listarExperiencias('12')
#6 C:\laragon\www\servicos\procseletivos\adm\app\Controllers\Recursos.php(25): App\Services\Candidatos\RecursosService->tiposCamposFormulario('12')
#7 C:\laragon\www\servicos\procseletivos\adm\system\CodeIgniter.php(934): App\Controllers\Recursos->index('28', '12', '3291')
#8 C:\laragon\www\servicos\procseletivos\adm\system\CodeIgniter.php(499): CodeIgniter\CodeIgniter->runController(Object(App\Controllers\Recursos))
#9 C:\laragon\www\servicos\procseletivos\adm\system\CodeIgniter.php(368): CodeIgniter\CodeIgniter->handleRequest(NULL, Object(Config\Cache), false)
#10 C:\laragon\www\servicos\procseletivos\adm\index.php(67): CodeIgniter\CodeIgniter->run()
#11 {main}
CRITICAL - 2026-09-11 09:51:58 --> Uncaught mysqli_sql_exception: Table 'testes_bd_processos_seletivos_administracao.tb_cargos_experiencias_editais' doesn't exist in C:\laragon\www\servicos\procseletivos\adm\system\Database\MySQLi\Connection.php:295
Stack trace:
#0 C:\laragon\www\servicos\procseletivos\adm\system\Database\MySQLi\Connection.php(295): mysqli->query('SELECT `exp`.`f...', 0)
#1 C:\laragon\www\servicos\procseletivos\adm\system\Database\BaseConnection.php(691): CodeIgniter\Database\MySQLi\Connection->execute('SELECT `exp`.`f...')
#2 C:\laragon\www\servicos\procseletivos\adm\system\Database\BaseConnection.php(605): CodeIgniter\Database\BaseConnection->simpleQuery('SELECT `exp`.`f...')
#3 C:\laragon\www\servicos\procseletivos\adm\system\Database\BaseBuilder.php(1602): CodeIgniter\Database\BaseConnection->query('SELECT `exp`.`f...', Array, false)
#4 C:\laragon\www\servicos\procseletivos\adm\app\Models\CadastrosExperienciasModel.php(66): CodeIgniter\Database\BaseBuilder->get()
#5 C:\laragon\www\servicos\procseletivos\adm\app\Services\Candidatos\RecursosService.php(189): App\Models\CadastrosExperienciasModel->listarExperiencias('12')
#6 C:\laragon\www\servicos\procseletivos\adm\app\Controllers\Recursos.php(25): App\Services\Candidatos\RecursosService->tiposCamposFormulario('12')
#7 C:\laragon\www\servicos\procseletivos\adm\system\CodeIgniter.php(934): App\Controllers\Recursos->index('28', '12', '3291')
#8 C:\laragon\www\servicos\procseletivos\adm\system\CodeIgniter.php(499): CodeIgniter\CodeIgniter->runController(Object(App\Controllers\Recursos))
#9 C:\laragon\www\servicos\procseletivos\adm\system\CodeIgniter.php(368): CodeIgniter\CodeIgniter->handleRequest(NULL, Object(Config\Cache), false)
#10 C:\laragon\www\servicos\procseletivos\adm\index.php(67): CodeIgniter\CodeIgniter->run()
#11 {main}

Next CodeIgniter\Database\Exceptions\DatabaseException: Table 'testes_bd_processos_seletivos_administracao.tb_cargos_experiencias_editais' doesn't exist in C:\laragon\www\servicos\procseletivos\adm\system\Database\MySQLi\Connection.php:300
Stack trace:
#0 C:\laragon\www\servicos\procseletivos\adm\system\Database\BaseConnection.php(691): CodeIgniter\Database\MySQLi\Connection->execute('SELECT `exp`.`f...')
#1 C:\laragon\www\servicos\procseletivos\adm\system\Database\BaseConnection.php(605): CodeIgniter\Database\BaseConnection->simpleQuery('SELECT `exp`.`f...')
#2 C:\laragon\www\servicos\procseletivos\adm\system\Database\BaseBuilder.php(1602): CodeIgniter\Database\BaseConnection->query('SELECT `exp`.`f...', Array, false)
#3 C:\laragon\www\servicos\procseletivos\adm\app\Models\CadastrosExperienciasModel.php(66): CodeIgniter\Database\BaseBuilder->get()
#4 C:\laragon\www\servicos\procseletivos\adm\app\Services\Candidatos\RecursosService.php(189): App\Models\CadastrosExperienciasModel->listarExperiencias('12')
#5 C:\laragon\www\servicos\procseletivos\adm\app\Controllers\Recursos.php(25): App\Services\Candidatos\RecursosService->tiposCamposFormulario('12')
#6 C:\laragon\www\servicos\procseletivos\adm\system\CodeIgniter.php(934): App\Controllers\Recursos->index('28', '12', '3291')
#7 C:\laragon\www\servicos\procseletivos\adm\system\CodeIgniter.php(499): CodeIgniter\CodeIgniter->runController(Object(App\Controllers\Recursos))
#8 C:\laragon\www\servicos\procseletivos\adm\system\CodeIgniter.php(368): CodeIgniter\CodeIgniter->handleRequest(NULL, Object(Config\Cache), false)
#9 C:\laragon\www\servicos\procseletivos\adm\index.php(67): CodeIgniter\CodeIgniter->run()
#10 {main}

Next CodeIgniter\Database\Exceptions\DatabaseException: Table 'testes_bd_processos_seletivos_administracao.tb_cargos_experiencias_editais' doesn't exist in C:\laragon\www\servicos\procseletivos\adm\system\Database\BaseConnection.php:645
Stack trace:
#0 C:\laragon\www\servicos\procseletivos\adm\system\Database\BaseBuilder.php(1602): CodeIgniter\Database\BaseConnection->query('SELECT `exp`.`f...', Array, false)
#1 C:\laragon\www\servicos\procseletivos\adm\app\Models\CadastrosExperienciasModel.php(66): CodeIgniter\Database\BaseBuilder->get()
#2 C:\laragon\www\servicos\procseletivos\adm\app\Services\Candidatos\RecursosService.php(189): App\Models\CadastrosExperienciasModel->listarExperiencias('12')
#3 C:\laragon\www\servicos\procseletivos\adm\app\Controllers\Recursos.php(25): App\Services\Candidatos\RecursosService->tiposCamposFormulario('12')
#4 C:\laragon\www\servicos\procseletivos\adm\system\CodeIgniter.php(934): App\Controllers\Recursos->index('28', '12', '3291')
#5 C:\laragon\www\servicos\procseletivos\adm\system\CodeIgniter.php(499): CodeIgniter\CodeIgniter->runController(Object(App\Controllers\Recursos))
#6 C:\laragon\www\servicos\procseletivos\adm\system\CodeIgniter.php(368): CodeIgniter\CodeIgniter->handleRequest(NULL, Object(Config\Cache), false)
#7 C:\laragon\www\servicos\procseletivos\adm\index.php(67): CodeIgniter\CodeIgniter->run()
#8 {main}
  thrown
in SYSTEMPATH\Database\BaseConnection.php on line 645.
 1 [internal function]: CodeIgniter\Debug\Exceptions->shutdownHandler()
ERROR - 2026-09-11 10:03:05 --> mysqli_sql_exception: Unknown column 'exp.ds_multiplicador' in 'field list' in C:\laragon\www\servicos\procseletivos\adm\system\Database\MySQLi\Connection.php:295
Stack trace:
#0 C:\laragon\www\servicos\procseletivos\adm\system\Database\MySQLi\Connection.php(295): mysqli->query('SELECT `exp`.`f...', 0)
#1 C:\laragon\www\servicos\procseletivos\adm\system\Database\BaseConnection.php(691): CodeIgniter\Database\MySQLi\Connection->execute('SELECT `exp`.`f...')
#2 C:\laragon\www\servicos\procseletivos\adm\system\Database\BaseConnection.php(605): CodeIgniter\Database\BaseConnection->simpleQuery('SELECT `exp`.`f...')
#3 C:\laragon\www\servicos\procseletivos\adm\system\Database\BaseBuilder.php(1602): CodeIgniter\Database\BaseConnection->query('SELECT `exp`.`f...', Array, false)
#4 C:\laragon\www\servicos\procseletivos\adm\app\Models\CadastrosExperienciasModel.php(66): CodeIgniter\Database\BaseBuilder->get()
#5 C:\laragon\www\servicos\procseletivos\adm\app\Services\Candidatos\RecursosService.php(189): App\Models\CadastrosExperienciasModel->listarExperiencias('12')
#6 C:\laragon\www\servicos\procseletivos\adm\app\Controllers\Recursos.php(25): App\Services\Candidatos\RecursosService->tiposCamposFormulario('12')
#7 C:\laragon\www\servicos\procseletivos\adm\system\CodeIgniter.php(934): App\Controllers\Recursos->index('28', '12', '3291')
#8 C:\laragon\www\servicos\procseletivos\adm\system\CodeIgniter.php(499): CodeIgniter\CodeIgniter->runController(Object(App\Controllers\Recursos))
#9 C:\laragon\www\servicos\procseletivos\adm\system\CodeIgniter.php(368): CodeIgniter\CodeIgniter->handleRequest(NULL, Object(Config\Cache), false)
#10 C:\laragon\www\servicos\procseletivos\adm\index.php(67): CodeIgniter\CodeIgniter->run()
#11 {main}
CRITICAL - 2026-09-11 10:03:05 --> Uncaught mysqli_sql_exception: Unknown column 'exp.ds_multiplicador' in 'field list' in C:\laragon\www\servicos\procseletivos\adm\system\Database\MySQLi\Connection.php:295
Stack trace:
#0 C:\laragon\www\servicos\procseletivos\adm\system\Database\MySQLi\Connection.php(295): mysqli->query('SELECT `exp`.`f...', 0)
#1 C:\laragon\www\servicos\procseletivos\adm\system\Database\BaseConnection.php(691): CodeIgniter\Database\MySQLi\Connection->execute('SELECT `exp`.`f...')
#2 C:\laragon\www\servicos\procseletivos\adm\system\Database\BaseConnection.php(605): CodeIgniter\Database\BaseConnection->simpleQuery('SELECT `exp`.`f...')
#3 C:\laragon\www\servicos\procseletivos\adm\system\Database\BaseBuilder.php(1602): CodeIgniter\Database\BaseConnection->query('SELECT `exp`.`f...', Array, false)
#4 C:\laragon\www\servicos\procseletivos\adm\app\Models\CadastrosExperienciasModel.php(66): CodeIgniter\Database\BaseBuilder->get()
#5 C:\laragon\www\servicos\procseletivos\adm\app\Services\Candidatos\RecursosService.php(189): App\Models\CadastrosExperienciasModel->listarExperiencias('12')
#6 C:\laragon\www\servicos\procseletivos\adm\app\Controllers\Recursos.php(25): App\Services\Candidatos\RecursosService->tiposCamposFormulario('12')
#7 C:\laragon\www\servicos\procseletivos\adm\system\CodeIgniter.php(934): App\Controllers\Recursos->index('28', '12', '3291')
#8 C:\laragon\www\servicos\procseletivos\adm\system\CodeIgniter.php(499): CodeIgniter\CodeIgniter->runController(Object(App\Controllers\Recursos))
#9 C:\laragon\www\servicos\procseletivos\adm\system\CodeIgniter.php(368): CodeIgniter\CodeIgniter->handleRequest(NULL, Object(Config\Cache), false)
#10 C:\laragon\www\servicos\procseletivos\adm\index.php(67): CodeIgniter\CodeIgniter->run()
#11 {main}

Next CodeIgniter\Database\Exceptions\DatabaseException: Unknown column 'exp.ds_multiplicador' in 'field list' in C:\laragon\www\servicos\procseletivos\adm\system\Database\MySQLi\Connection.php:300
Stack trace:
#0 C:\laragon\www\servicos\procseletivos\adm\system\Database\BaseConnection.php(691): CodeIgniter\Database\MySQLi\Connection->execute('SELECT `exp`.`f...')
#1 C:\laragon\www\servicos\procseletivos\adm\system\Database\BaseConnection.php(605): CodeIgniter\Database\BaseConnection->simpleQuery('SELECT `exp`.`f...')
#2 C:\laragon\www\servicos\procseletivos\adm\system\Database\BaseBuilder.php(1602): CodeIgniter\Database\BaseConnection->query('SELECT `exp`.`f...', Array, false)
#3 C:\laragon\www\servicos\procseletivos\adm\app\Models\CadastrosExperienciasModel.php(66): CodeIgniter\Database\BaseBuilder->get()
#4 C:\laragon\www\servicos\procseletivos\adm\app\Services\Candidatos\RecursosService.php(189): App\Models\CadastrosExperienciasModel->listarExperiencias('12')
#5 C:\laragon\www\servicos\procseletivos\adm\app\Controllers\Recursos.php(25): App\Services\Candidatos\RecursosService->tiposCamposFormulario('12')
#6 C:\laragon\www\servicos\procseletivos\adm\system\CodeIgniter.php(934): App\Controllers\Recursos->index('28', '12', '3291')
#7 C:\laragon\www\servicos\procseletivos\adm\system\CodeIgniter.php(499): CodeIgniter\CodeIgniter->runController(Object(App\Controllers\Recursos))
#8 C:\laragon\www\servicos\procseletivos\adm\system\CodeIgniter.php(368): CodeIgniter\CodeIgniter->handleRequest(NULL, Object(Config\Cache), false)
#9 C:\laragon\www\servicos\procseletivos\adm\index.php(67): CodeIgniter\CodeIgniter->run()
#10 {main}

Next CodeIgniter\Database\Exceptions\DatabaseException: Unknown column 'exp.ds_multiplicador' in 'field list' in C:\laragon\www\servicos\procseletivos\adm\system\Database\BaseConnection.php:645
Stack trace:
#0 C:\laragon\www\servicos\procseletivos\adm\system\Database\BaseBuilder.php(1602): CodeIgniter\Database\BaseConnection->query('SELECT `exp`.`f...', Array, false)
#1 C:\laragon\www\servicos\procseletivos\adm\app\Models\CadastrosExperienciasModel.php(66): CodeIgniter\Database\BaseBuilder->get()
#2 C:\laragon\www\servicos\procseletivos\adm\app\Services\Candidatos\RecursosService.php(189): App\Models\CadastrosExperienciasModel->listarExperiencias('12')
#3 C:\laragon\www\servicos\procseletivos\adm\app\Controllers\Recursos.php(25): App\Services\Candidatos\RecursosService->tiposCamposFormulario('12')
#4 C:\laragon\www\servicos\procseletivos\adm\system\CodeIgniter.php(934): App\Controllers\Recursos->index('28', '12', '3291')
#5 C:\laragon\www\servicos\procseletivos\adm\system\CodeIgniter.php(499): CodeIgniter\CodeIgniter->runController(Object(App\Controllers\Recursos))
#6 C:\laragon\www\servicos\procseletivos\adm\system\CodeIgniter.php(368): CodeIgniter\CodeIgniter->handleRequest(NULL, Object(Config\Cache), false)
#7 C:\laragon\www\servicos\procseletivos\adm\index.php(67): CodeIgniter\CodeIgniter->run()
#8 {main}
  thrown
in SYSTEMPATH\Database\BaseConnection.php on line 645.
 1 [internal function]: CodeIgniter\Debug\Exceptions->shutdownHandler()
ERROR - 2026-09-11 10:07:21 --> mysqli_sql_exception: Unknown column 'exp.ds_multiplicador' in 'field list' in C:\laragon\www\servicos\procseletivos\adm\system\Database\MySQLi\Connection.php:295
Stack trace:
#0 C:\laragon\www\servicos\procseletivos\adm\system\Database\MySQLi\Connection.php(295): mysqli->query('SELECT `exp`.`f...', 0)
#1 C:\laragon\www\servicos\procseletivos\adm\system\Database\BaseConnection.php(691): CodeIgniter\Database\MySQLi\Connection->execute('SELECT `exp`.`f...')
#2 C:\laragon\www\servicos\procseletivos\adm\system\Database\BaseConnection.php(605): CodeIgniter\Database\BaseConnection->simpleQuery('SELECT `exp`.`f...')
#3 C:\laragon\www\servicos\procseletivos\adm\system\Database\BaseBuilder.php(1602): CodeIgniter\Database\BaseConnection->query('SELECT `exp`.`f...', Array, false)
#4 C:\laragon\www\servicos\procseletivos\adm\app\Models\CadastrosExperienciasModel.php(66): CodeIgniter\Database\BaseBuilder->get()
#5 C:\laragon\www\servicos\procseletivos\adm\app\Services\Candidatos\RecursosService.php(189): App\Models\CadastrosExperienciasModel->listarExperiencias('12')
#6 C:\laragon\www\servicos\procseletivos\adm\app\Controllers\Recursos.php(25): App\Services\Candidatos\RecursosService->tiposCamposFormulario('12')
#7 C:\laragon\www\servicos\procseletivos\adm\system\CodeIgniter.php(934): App\Controllers\Recursos->index('28', '12', '3291')
#8 C:\laragon\www\servicos\procseletivos\adm\system\CodeIgniter.php(499): CodeIgniter\CodeIgniter->runController(Object(App\Controllers\Recursos))
#9 C:\laragon\www\servicos\procseletivos\adm\system\CodeIgniter.php(368): CodeIgniter\CodeIgniter->handleRequest(NULL, Object(Config\Cache), false)
#10 C:\laragon\www\servicos\procseletivos\adm\index.php(67): CodeIgniter\CodeIgniter->run()
#11 {main}
CRITICAL - 2026-09-11 10:07:21 --> Uncaught mysqli_sql_exception: Unknown column 'exp.ds_multiplicador' in 'field list' in C:\laragon\www\servicos\procseletivos\adm\system\Database\MySQLi\Connection.php:295
Stack trace:
#0 C:\laragon\www\servicos\procseletivos\adm\system\Database\MySQLi\Connection.php(295): mysqli->query('SELECT `exp`.`f...', 0)
#1 C:\laragon\www\servicos\procseletivos\adm\system\Database\BaseConnection.php(691): CodeIgniter\Database\MySQLi\Connection->execute('SELECT `exp`.`f...')
#2 C:\laragon\www\servicos\procseletivos\adm\system\Database\BaseConnection.php(605): CodeIgniter\Database\BaseConnection->simpleQuery('SELECT `exp`.`f...')
#3 C:\laragon\www\servicos\procseletivos\adm\system\Database\BaseBuilder.php(1602): CodeIgniter\Database\BaseConnection->query('SELECT `exp`.`f...', Array, false)
#4 C:\laragon\www\servicos\procseletivos\adm\app\Models\CadastrosExperienciasModel.php(66): CodeIgniter\Database\BaseBuilder->get()
#5 C:\laragon\www\servicos\procseletivos\adm\app\Services\Candidatos\RecursosService.php(189): App\Models\CadastrosExperienciasModel->listarExperiencias('12')
#6 C:\laragon\www\servicos\procseletivos\adm\app\Controllers\Recursos.php(25): App\Services\Candidatos\RecursosService->tiposCamposFormulario('12')
#7 C:\laragon\www\servicos\procseletivos\adm\system\CodeIgniter.php(934): App\Controllers\Recursos->index('28', '12', '3291')
#8 C:\laragon\www\servicos\procseletivos\adm\system\CodeIgniter.php(499): CodeIgniter\CodeIgniter->runController(Object(App\Controllers\Recursos))
#9 C:\laragon\www\servicos\procseletivos\adm\system\CodeIgniter.php(368): CodeIgniter\CodeIgniter->handleRequest(NULL, Object(Config\Cache), false)
#10 C:\laragon\www\servicos\procseletivos\adm\index.php(67): CodeIgniter\CodeIgniter->run()
#11 {main}

Next CodeIgniter\Database\Exceptions\DatabaseException: Unknown column 'exp.ds_multiplicador' in 'field list' in C:\laragon\www\servicos\procseletivos\adm\system\Database\MySQLi\Connection.php:300
Stack trace:
#0 C:\laragon\www\servicos\procseletivos\adm\system\Database\BaseConnection.php(691): CodeIgniter\Database\MySQLi\Connection->execute('SELECT `exp`.`f...')
#1 C:\laragon\www\servicos\procseletivos\adm\system\Database\BaseConnection.php(605): CodeIgniter\Database\BaseConnection->simpleQuery('SELECT `exp`.`f...')
#2 C:\laragon\www\servicos\procseletivos\adm\system\Database\BaseBuilder.php(1602): CodeIgniter\Database\BaseConnection->query('SELECT `exp`.`f...', Array, false)
#3 C:\laragon\www\servicos\procseletivos\adm\app\Models\CadastrosExperienciasModel.php(66): CodeIgniter\Database\BaseBuilder->get()
#4 C:\laragon\www\servicos\procseletivos\adm\app\Services\Candidatos\RecursosService.php(189): App\Models\CadastrosExperienciasModel->listarExperiencias('12')
#5 C:\laragon\www\servicos\procseletivos\adm\app\Controllers\Recursos.php(25): App\Services\Candidatos\RecursosService->tiposCamposFormulario('12')
#6 C:\laragon\www\servicos\procseletivos\adm\system\CodeIgniter.php(934): App\Controllers\Recursos->index('28', '12', '3291')
#7 C:\laragon\www\servicos\procseletivos\adm\system\CodeIgniter.php(499): CodeIgniter\CodeIgniter->runController(Object(App\Controllers\Recursos))
#8 C:\laragon\www\servicos\procseletivos\adm\system\CodeIgniter.php(368): CodeIgniter\CodeIgniter->handleRequest(NULL, Object(Config\Cache), false)
#9 C:\laragon\www\servicos\procseletivos\adm\index.php(67): CodeIgniter\CodeIgniter->run()
#10 {main}

Next CodeIgniter\Database\Exceptions\DatabaseException: Unknown column 'exp.ds_multiplicador' in 'field list' in C:\laragon\www\servicos\procseletivos\adm\system\Database\BaseConnection.php:645
Stack trace:
#0 C:\laragon\www\servicos\procseletivos\adm\system\Database\BaseBuilder.php(1602): CodeIgniter\Database\BaseConnection->query('SELECT `exp`.`f...', Array, false)
#1 C:\laragon\www\servicos\procseletivos\adm\app\Models\CadastrosExperienciasModel.php(66): CodeIgniter\Database\BaseBuilder->get()
#2 C:\laragon\www\servicos\procseletivos\adm\app\Services\Candidatos\RecursosService.php(189): App\Models\CadastrosExperienciasModel->listarExperiencias('12')
#3 C:\laragon\www\servicos\procseletivos\adm\app\Controllers\Recursos.php(25): App\Services\Candidatos\RecursosService->tiposCamposFormulario('12')
#4 C:\laragon\www\servicos\procseletivos\adm\system\CodeIgniter.php(934): App\Controllers\Recursos->index('28', '12', '3291')
#5 C:\laragon\www\servicos\procseletivos\adm\system\CodeIgniter.php(499): CodeIgniter\CodeIgniter->runController(Object(App\Controllers\Recursos))
#6 C:\laragon\www\servicos\procseletivos\adm\system\CodeIgniter.php(368): CodeIgniter\CodeIgniter->handleRequest(NULL, Object(Config\Cache), false)
#7 C:\laragon\www\servicos\procseletivos\adm\index.php(67): CodeIgniter\CodeIgniter->run()
#8 {main}
  thrown
in SYSTEMPATH\Database\BaseConnection.php on line 645.
 1 [internal function]: CodeIgniter\Debug\Exceptions->shutdownHandler()
ERROR - 2026-09-11 10:12:42 --> mysqli_sql_exception: Unknown column 'esc.ds_multiplicador' in 'field list' in C:\laragon\www\servicos\procseletivos\adm\system\Database\MySQLi\Connection.php:295
Stack trace:
#0 C:\laragon\www\servicos\procseletivos\adm\system\Database\MySQLi\Connection.php(295): mysqli->query('SELECT `esc`.`f...', 0)
#1 C:\laragon\www\servicos\procseletivos\adm\system\Database\BaseConnection.php(691): CodeIgniter\Database\MySQLi\Connection->execute('SELECT `esc`.`f...')
#2 C:\laragon\www\servicos\procseletivos\adm\system\Database\BaseConnection.php(605): CodeIgniter\Database\BaseConnection->simpleQuery('SELECT `esc`.`f...')
#3 C:\laragon\www\servicos\procseletivos\adm\system\Database\BaseBuilder.php(1602): CodeIgniter\Database\BaseConnection->query('SELECT `esc`.`f...', Array, false)
#4 C:\laragon\www\servicos\procseletivos\adm\app\Models\CadastrosEscolaridadesModel.php(69): CodeIgniter\Database\BaseBuilder->get()
#5 C:\laragon\www\servicos\procseletivos\adm\app\Services\Candidatos\RecursosService.php(191): App\Models\CadastrosEscolaridadesModel->listarEscolaridades('12')
#6 C:\laragon\www\servicos\procseletivos\adm\app\Controllers\Recursos.php(25): App\Services\Candidatos\RecursosService->tiposCamposFormulario('12')
#7 C:\laragon\www\servicos\procseletivos\adm\system\CodeIgniter.php(934): App\Controllers\Recursos->index('28', '12', '3291')
#8 C:\laragon\www\servicos\procseletivos\adm\system\CodeIgniter.php(499): CodeIgniter\CodeIgniter->runController(Object(App\Controllers\Recursos))
#9 C:\laragon\www\servicos\procseletivos\adm\system\CodeIgniter.php(368): CodeIgniter\CodeIgniter->handleRequest(NULL, Object(Config\Cache), false)
#10 C:\laragon\www\servicos\procseletivos\adm\index.php(67): CodeIgniter\CodeIgniter->run()
#11 {main}
CRITICAL - 2026-09-11 10:12:42 --> Uncaught mysqli_sql_exception: Unknown column 'esc.ds_multiplicador' in 'field list' in C:\laragon\www\servicos\procseletivos\adm\system\Database\MySQLi\Connection.php:295
Stack trace:
#0 C:\laragon\www\servicos\procseletivos\adm\system\Database\MySQLi\Connection.php(295): mysqli->query('SELECT `esc`.`f...', 0)
#1 C:\laragon\www\servicos\procseletivos\adm\system\Database\BaseConnection.php(691): CodeIgniter\Database\MySQLi\Connection->execute('SELECT `esc`.`f...')
#2 C:\laragon\www\servicos\procseletivos\adm\system\Database\BaseConnection.php(605): CodeIgniter\Database\BaseConnection->simpleQuery('SELECT `esc`.`f...')
#3 C:\laragon\www\servicos\procseletivos\adm\system\Database\BaseBuilder.php(1602): CodeIgniter\Database\BaseConnection->query('SELECT `esc`.`f...', Array, false)
#4 C:\laragon\www\servicos\procseletivos\adm\app\Models\CadastrosEscolaridadesModel.php(69): CodeIgniter\Database\BaseBuilder->get()
#5 C:\laragon\www\servicos\procseletivos\adm\app\Services\Candidatos\RecursosService.php(191): App\Models\CadastrosEscolaridadesModel->listarEscolaridades('12')
#6 C:\laragon\www\servicos\procseletivos\adm\app\Controllers\Recursos.php(25): App\Services\Candidatos\RecursosService->tiposCamposFormulario('12')
#7 C:\laragon\www\servicos\procseletivos\adm\system\CodeIgniter.php(934): App\Controllers\Recursos->index('28', '12', '3291')
#8 C:\laragon\www\servicos\procseletivos\adm\system\CodeIgniter.php(499): CodeIgniter\CodeIgniter->runController(Object(App\Controllers\Recursos))
#9 C:\laragon\www\servicos\procseletivos\adm\system\CodeIgniter.php(368): CodeIgniter\CodeIgniter->handleRequest(NULL, Object(Config\Cache), false)
#10 C:\laragon\www\servicos\procseletivos\adm\index.php(67): CodeIgniter\CodeIgniter->run()
#11 {main}

Next CodeIgniter\Database\Exceptions\DatabaseException: Unknown column 'esc.ds_multiplicador' in 'field list' in C:\laragon\www\servicos\procseletivos\adm\system\Database\MySQLi\Connection.php:300
Stack trace:
#0 C:\laragon\www\servicos\procseletivos\adm\system\Database\BaseConnection.php(691): CodeIgniter\Database\MySQLi\Connection->execute('SELECT `esc`.`f...')
#1 C:\laragon\www\servicos\procseletivos\adm\system\Database\BaseConnection.php(605): CodeIgniter\Database\BaseConnection->simpleQuery('SELECT `esc`.`f...')
#2 C:\laragon\www\servicos\procseletivos\adm\system\Database\BaseBuilder.php(1602): CodeIgniter\Database\BaseConnection->query('SELECT `esc`.`f...', Array, false)
#3 C:\laragon\www\servicos\procseletivos\adm\app\Models\CadastrosEscolaridadesModel.php(69): CodeIgniter\Database\BaseBuilder->get()
#4 C:\laragon\www\servicos\procseletivos\adm\app\Services\Candidatos\RecursosService.php(191): App\Models\CadastrosEscolaridadesModel->listarEscolaridades('12')
#5 C:\laragon\www\servicos\procseletivos\adm\app\Controllers\Recursos.php(25): App\Services\Candidatos\RecursosService->tiposCamposFormulario('12')
#6 C:\laragon\www\servicos\procseletivos\adm\system\CodeIgniter.php(934): App\Controllers\Recursos->index('28', '12', '3291')
#7 C:\laragon\www\servicos\procseletivos\adm\system\CodeIgniter.php(499): CodeIgniter\CodeIgniter->runController(Object(App\Controllers\Recursos))
#8 C:\laragon\www\servicos\procseletivos\adm\system\CodeIgniter.php(368): CodeIgniter\CodeIgniter->handleRequest(NULL, Object(Config\Cache), false)
#9 C:\laragon\www\servicos\procseletivos\adm\index.php(67): CodeIgniter\CodeIgniter->run()
#10 {main}

Next CodeIgniter\Database\Exceptions\DatabaseException: Unknown column 'esc.ds_multiplicador' in 'field list' in C:\laragon\www\servicos\procseletivos\adm\system\Database\BaseConnection.php:645
Stack trace:
#0 C:\laragon\www\servicos\procseletivos\adm\system\Database\BaseBuilder.php(1602): CodeIgniter\Database\BaseConnection->query('SELECT `esc`.`f...', Array, false)
#1 C:\laragon\www\servicos\procseletivos\adm\app\Models\CadastrosEscolaridadesModel.php(69): CodeIgniter\Database\BaseBuilder->get()
#2 C:\laragon\www\servicos\procseletivos\adm\app\Services\Candidatos\RecursosService.php(191): App\Models\CadastrosEscolaridadesModel->listarEscolaridades('12')
#3 C:\laragon\www\servicos\procseletivos\adm\app\Controllers\Recursos.php(25): App\Services\Candidatos\RecursosService->tiposCamposFormulario('12')
#4 C:\laragon\www\servicos\procseletivos\adm\system\CodeIgniter.php(934): App\Controllers\Recursos->index('28', '12', '3291')
#5 C:\laragon\www\servicos\procseletivos\adm\system\CodeIgniter.php(499): CodeIgniter\CodeIgniter->runController(Object(App\Controllers\Recursos))
#6 C:\laragon\www\servicos\procseletivos\adm\system\CodeIgniter.php(368): CodeIgniter\CodeIgniter->handleRequest(NULL, Object(Config\Cache), false)
#7 C:\laragon\www\servicos\procseletivos\adm\index.php(67): CodeIgniter\CodeIgniter->run()
#8 {main}
  thrown
in SYSTEMPATH\Database\BaseConnection.php on line 645.
 1 [internal function]: CodeIgniter\Debug\Exceptions->shutdownHandler()
ERROR - 2026-09-11 10:15:27 --> mysqli_sql_exception: Unknown column 'aper.ds_multiplicador' in 'field list' in C:\laragon\www\servicos\procseletivos\adm\system\Database\MySQLi\Connection.php:295
Stack trace:
#0 C:\laragon\www\servicos\procseletivos\adm\system\Database\MySQLi\Connection.php(295): mysqli->query('SELECT `aper`.`...', 0)
#1 C:\laragon\www\servicos\procseletivos\adm\system\Database\BaseConnection.php(691): CodeIgniter\Database\MySQLi\Connection->execute('SELECT `aper`.`...')
#2 C:\laragon\www\servicos\procseletivos\adm\system\Database\BaseConnection.php(605): CodeIgniter\Database\BaseConnection->simpleQuery('SELECT `aper`.`...')
#3 C:\laragon\www\servicos\procseletivos\adm\system\Database\BaseBuilder.php(1602): CodeIgniter\Database\BaseConnection->query('SELECT `aper`.`...', Array, false)
#4 C:\laragon\www\servicos\procseletivos\adm\app\Models\CadastrosAperfeicoamentosModel.php(66): CodeIgniter\Database\BaseBuilder->get()
#5 C:\laragon\www\servicos\procseletivos\adm\app\Services\Candidatos\RecursosService.php(193): App\Models\CadastrosAperfeicoamentosModel->listarAperfeicoamentos('12')
#6 C:\laragon\www\servicos\procseletivos\adm\app\Controllers\Recursos.php(25): App\Services\Candidatos\RecursosService->tiposCamposFormulario('12')
#7 C:\laragon\www\servicos\procseletivos\adm\system\CodeIgniter.php(934): App\Controllers\Recursos->index('28', '12', '3291')
#8 C:\laragon\www\servicos\procseletivos\adm\system\CodeIgniter.php(499): CodeIgniter\CodeIgniter->runController(Object(App\Controllers\Recursos))
#9 C:\laragon\www\servicos\procseletivos\adm\system\CodeIgniter.php(368): CodeIgniter\CodeIgniter->handleRequest(NULL, Object(Config\Cache), false)
#10 C:\laragon\www\servicos\procseletivos\adm\index.php(67): CodeIgniter\CodeIgniter->run()
#11 {main}
CRITICAL - 2026-09-11 10:15:27 --> Uncaught mysqli_sql_exception: Unknown column 'aper.ds_multiplicador' in 'field list' in C:\laragon\www\servicos\procseletivos\adm\system\Database\MySQLi\Connection.php:295
Stack trace:
#0 C:\laragon\www\servicos\procseletivos\adm\system\Database\MySQLi\Connection.php(295): mysqli->query('SELECT `aper`.`...', 0)
#1 C:\laragon\www\servicos\procseletivos\adm\system\Database\BaseConnection.php(691): CodeIgniter\Database\MySQLi\Connection->execute('SELECT `aper`.`...')
#2 C:\laragon\www\servicos\procseletivos\adm\system\Database\BaseConnection.php(605): CodeIgniter\Database\BaseConnection->simpleQuery('SELECT `aper`.`...')
#3 C:\laragon\www\servicos\procseletivos\adm\system\Database\BaseBuilder.php(1602): CodeIgniter\Database\BaseConnection->query('SELECT `aper`.`...', Array, false)
#4 C:\laragon\www\servicos\procseletivos\adm\app\Models\CadastrosAperfeicoamentosModel.php(66): CodeIgniter\Database\BaseBuilder->get()
#5 C:\laragon\www\servicos\procseletivos\adm\app\Services\Candidatos\RecursosService.php(193): App\Models\CadastrosAperfeicoamentosModel->listarAperfeicoamentos('12')
#6 C:\laragon\www\servicos\procseletivos\adm\app\Controllers\Recursos.php(25): App\Services\Candidatos\RecursosService->tiposCamposFormulario('12')
#7 C:\laragon\www\servicos\procseletivos\adm\system\CodeIgniter.php(934): App\Controllers\Recursos->index('28', '12', '3291')
#8 C:\laragon\www\servicos\procseletivos\adm\system\CodeIgniter.php(499): CodeIgniter\CodeIgniter->runController(Object(App\Controllers\Recursos))
#9 C:\laragon\www\servicos\procseletivos\adm\system\CodeIgniter.php(368): CodeIgniter\CodeIgniter->handleRequest(NULL, Object(Config\Cache), false)
#10 C:\laragon\www\servicos\procseletivos\adm\index.php(67): CodeIgniter\CodeIgniter->run()
#11 {main}

Next CodeIgniter\Database\Exceptions\DatabaseException: Unknown column 'aper.ds_multiplicador' in 'field list' in C:\laragon\www\servicos\procseletivos\adm\system\Database\MySQLi\Connection.php:300
Stack trace:
#0 C:\laragon\www\servicos\procseletivos\adm\system\Database\BaseConnection.php(691): CodeIgniter\Database\MySQLi\Connection->execute('SELECT `aper`.`...')
#1 C:\laragon\www\servicos\procseletivos\adm\system\Database\BaseConnection.php(605): CodeIgniter\Database\BaseConnection->simpleQuery('SELECT `aper`.`...')
#2 C:\laragon\www\servicos\procseletivos\adm\system\Database\BaseBuilder.php(1602): CodeIgniter\Database\BaseConnection->query('SELECT `aper`.`...', Array, false)
#3 C:\laragon\www\servicos\procseletivos\adm\app\Models\CadastrosAperfeicoamentosModel.php(66): CodeIgniter\Database\BaseBuilder->get()
#4 C:\laragon\www\servicos\procseletivos\adm\app\Services\Candidatos\RecursosService.php(193): App\Models\CadastrosAperfeicoamentosModel->listarAperfeicoamentos('12')
#5 C:\laragon\www\servicos\procseletivos\adm\app\Controllers\Recursos.php(25): App\Services\Candidatos\RecursosService->tiposCamposFormulario('12')
#6 C:\laragon\www\servicos\procseletivos\adm\system\CodeIgniter.php(934): App\Controllers\Recursos->index('28', '12', '3291')
#7 C:\laragon\www\servicos\procseletivos\adm\system\CodeIgniter.php(499): CodeIgniter\CodeIgniter->runController(Object(App\Controllers\Recursos))
#8 C:\laragon\www\servicos\procseletivos\adm\system\CodeIgniter.php(368): CodeIgniter\CodeIgniter->handleRequest(NULL, Object(Config\Cache), false)
#9 C:\laragon\www\servicos\procseletivos\adm\index.php(67): CodeIgniter\CodeIgniter->run()
#10 {main}

Next CodeIgniter\Database\Exceptions\DatabaseException: Unknown column 'aper.ds_multiplicador' in 'field list' in C:\laragon\www\servicos\procseletivos\adm\system\Database\BaseConnection.php:645
Stack trace:
#0 C:\laragon\www\servicos\procseletivos\adm\system\Database\BaseBuilder.php(1602): CodeIgniter\Database\BaseConnection->query('SELECT `aper`.`...', Array, false)
#1 C:\laragon\www\servicos\procseletivos\adm\app\Models\CadastrosAperfeicoamentosModel.php(66): CodeIgniter\Database\BaseBuilder->get()
#2 C:\laragon\www\servicos\procseletivos\adm\app\Services\Candidatos\RecursosService.php(193): App\Models\CadastrosAperfeicoamentosModel->listarAperfeicoamentos('12')
#3 C:\laragon\www\servicos\procseletivos\adm\app\Controllers\Recursos.php(25): App\Services\Candidatos\RecursosService->tiposCamposFormulario('12')
#4 C:\laragon\www\servicos\procseletivos\adm\system\CodeIgniter.php(934): App\Controllers\Recursos->index('28', '12', '3291')
#5 C:\laragon\www\servicos\procseletivos\adm\system\CodeIgniter.php(499): CodeIgniter\CodeIgniter->runController(Object(App\Controllers\Recursos))
#6 C:\laragon\www\servicos\procseletivos\adm\system\CodeIgniter.php(368): CodeIgniter\CodeIgniter->handleRequest(NULL, Object(Config\Cache), false)
#7 C:\laragon\www\servicos\procseletivos\adm\index.php(67): CodeIgniter\CodeIgniter->run()
#8 {main}
  thrown
in SYSTEMPATH\Database\BaseConnection.php on line 645.
 1 [internal function]: CodeIgniter\Debug\Exceptions->shutdownHandler()
CRITICAL - 2026-09-11 10:16:47 --> Uncaught RuntimeException: Erro ao inserir recurso: {"ds_numero_protocolo":"O campo ds_numero_protocolo \u00e9 requerido."} in C:\laragon\www\servicos\procseletivos\adm\app\Services\Candidatos\RecursosService.php:410
Stack trace:
#0 C:\laragon\www\servicos\procseletivos\adm\app\Services\Candidatos\RecursosService.php(55): App\Services\Candidatos\RecursosService->registrarRecursos(28, 12, 3246, Array, '')
#1 C:\laragon\www\servicos\procseletivos\adm\app\Services\Candidatos\RecursosService.php(36): App\Services\Candidatos\RecursosService->salvarExperiencias(28, 12, 3246, '', Array)
#2 C:\laragon\www\servicos\procseletivos\adm\app\Services\Base\AbstractCrudService.php(24): App\Services\Candidatos\RecursosService->App\Services\Candidatos\{closure}()
#3 C:\laragon\www\servicos\procseletivos\adm\app\Services\Candidatos\RecursosService.php(34): App\Services\Base\AbstractCrudService->transactional(Object(Closure))
#4 C:\laragon\www\servicos\procseletivos\adm\app\Controllers\Recursos.php(102): App\Services\Candidatos\RecursosService->aplicarRecursos(28, 12, 3246, Array)
#5 C:\laragon\www\servicos\procseletivos\adm\system\CodeIgniter.php(934): App\Controllers\Recursos->registrar()
#6 C:\laragon\www\servicos\procseletivos\adm\system\CodeIgniter.php(499): CodeIgniter\CodeIgniter->runController(Object(App\Controllers\Recursos))
#7 C:\laragon\www\servicos\procseletivos\adm\system\CodeIgniter.php(368): CodeIgniter\CodeIgniter->handleRequest(NULL, Object(Config\Cache), false)
#8 C:\laragon\www\servicos\procseletivos\adm\index.php(67): CodeIgniter\CodeIgniter->run()
#9 {main}

Next RuntimeException: Falha na transação: Erro ao inserir recurso: {"ds_numero_protocolo":"O campo ds_numero_protocolo \u00e9 requerido."} in C:\laragon\www\servicos\procseletivos\adm\app\Services\Base\AbstractCrudService.php:46
Stack trace:
#0 C:\laragon\www\servicos\procseletivos\adm\app\Services\Candidatos\RecursosService.php(34): App\Services\Base\AbstractCrudService->transactional(Object(Closure))
#1 C:\laragon\www\servicos\procseletivos\adm\app\Controllers\Recursos.php(102): App\Services\Candidatos\RecursosService->aplicarRecursos(28, 12, 3246, Array)
#2 C:\laragon\www\servicos\procseletivos\adm\system\CodeIgniter.php(934): App\Controllers\Recursos->registrar()
#3 C:\laragon\www\servicos\procseletivos\adm\system\CodeIgniter.php(499): CodeIgniter\CodeIgniter->runController(Object(App\Controllers\Recursos))
#4 C:\laragon\www\servicos\procseletivos\adm\system\CodeIgniter.php(368): CodeIgniter\CodeIgniter->handleRequest(NULL, Object(Config\Cache), false)
#5 C:\laragon\www\servicos\procseletivos\adm\index.php(67): CodeIgniter\CodeIgniter->run()
#6 {main}
  thrown
in APPPATH\Services\Base\AbstractCrudService.php on line 46.
 1 [internal function]: CodeIgniter\Debug\Exceptions->shutdownHandler()
ERROR - 2026-09-11 10:17:19 --> mysqli_sql_exception: Unknown column 'ds_status' in 'field list' in C:\laragon\www\servicos\procseletivos\adm\system\Database\MySQLi\Connection.php:295
Stack trace:
#0 C:\laragon\www\servicos\procseletivos\adm\system\Database\MySQLi\Connection.php(295): mysqli->query('INSERT INTO `tb...', 0)
#1 C:\laragon\www\servicos\procseletivos\adm\system\Database\BaseConnection.php(691): CodeIgniter\Database\MySQLi\Connection->execute('INSERT INTO `tb...')
#2 C:\laragon\www\servicos\procseletivos\adm\system\Database\BaseConnection.php(605): CodeIgniter\Database\BaseConnection->simpleQuery('INSERT INTO `tb...')
#3 C:\laragon\www\servicos\procseletivos\adm\system\Database\BaseBuilder.php(2295): CodeIgniter\Database\BaseConnection->query('INSERT INTO `tb...', Array, false)
#4 C:\laragon\www\servicos\procseletivos\adm\app\Services\Candidatos\RecursosService.php(81): CodeIgniter\Database\BaseBuilder->insert(Array)
#5 C:\laragon\www\servicos\procseletivos\adm\app\Services\Candidatos\RecursosService.php(36): App\Services\Candidatos\RecursosService->salvarExperiencias(28, 12, 3246, '1234567', Array)
#6 C:\laragon\www\servicos\procseletivos\adm\app\Services\Base\AbstractCrudService.php(24): App\Services\Candidatos\RecursosService->App\Services\Candidatos\{closure}()
#7 C:\laragon\www\servicos\procseletivos\adm\app\Services\Candidatos\RecursosService.php(34): App\Services\Base\AbstractCrudService->transactional(Object(Closure))
#8 C:\laragon\www\servicos\procseletivos\adm\app\Controllers\Recursos.php(102): App\Services\Candidatos\RecursosService->aplicarRecursos(28, 12, 3246, Array)
#9 C:\laragon\www\servicos\procseletivos\adm\system\CodeIgniter.php(934): App\Controllers\Recursos->registrar()
#10 C:\laragon\www\servicos\procseletivos\adm\system\CodeIgniter.php(499): CodeIgniter\CodeIgniter->runController(Object(App\Controllers\Recursos))
#11 C:\laragon\www\servicos\procseletivos\adm\system\CodeIgniter.php(368): CodeIgniter\CodeIgniter->handleRequest(NULL, Object(Config\Cache), false)
#12 C:\laragon\www\servicos\procseletivos\adm\index.php(67): CodeIgniter\CodeIgniter->run()
#13 {main}
CRITICAL - 2026-09-11 10:17:19 --> Uncaught RuntimeException: Erro SQL [0] - Transação marcada como falha sem erro SQL explícito. in C:\laragon\www\servicos\procseletivos\adm\app\Services\Base\AbstractCrudService.php:34
Stack trace:
#0 C:\laragon\www\servicos\procseletivos\adm\app\Services\Candidatos\RecursosService.php(34): App\Services\Base\AbstractCrudService->transactional(Object(Closure))
#1 C:\laragon\www\servicos\procseletivos\adm\app\Controllers\Recursos.php(102): App\Services\Candidatos\RecursosService->aplicarRecursos(28, 12, 3246, Array)
#2 C:\laragon\www\servicos\procseletivos\adm\system\CodeIgniter.php(934): App\Controllers\Recursos->registrar()
#3 C:\laragon\www\servicos\procseletivos\adm\system\CodeIgniter.php(499): CodeIgniter\CodeIgniter->runController(Object(App\Controllers\Recursos))
#4 C:\laragon\www\servicos\procseletivos\adm\system\CodeIgniter.php(368): CodeIgniter\CodeIgniter->handleRequest(NULL, Object(Config\Cache), false)
#5 C:\laragon\www\servicos\procseletivos\adm\index.php(67): CodeIgniter\CodeIgniter->run()
#6 {main}

Next RuntimeException: Falha na transação: Erro SQL [0] - Transação marcada como falha sem erro SQL explícito. in C:\laragon\www\servicos\procseletivos\adm\app\Services\Base\AbstractCrudService.php:46
Stack trace:
#0 C:\laragon\www\servicos\procseletivos\adm\app\Services\Candidatos\RecursosService.php(34): App\Services\Base\AbstractCrudService->transactional(Object(Closure))
#1 C:\laragon\www\servicos\procseletivos\adm\app\Controllers\Recursos.php(102): App\Services\Candidatos\RecursosService->aplicarRecursos(28, 12, 3246, Array)
#2 C:\laragon\www\servicos\procseletivos\adm\system\CodeIgniter.php(934): App\Controllers\Recursos->registrar()
#3 C:\laragon\www\servicos\procseletivos\adm\system\CodeIgniter.php(499): CodeIgniter\CodeIgniter->runController(Object(App\Controllers\Recursos))
#4 C:\laragon\www\servicos\procseletivos\adm\system\CodeIgniter.php(368): CodeIgniter\CodeIgniter->handleRequest(NULL, Object(Config\Cache), false)
#5 C:\laragon\www\servicos\procseletivos\adm\index.php(67): CodeIgniter\CodeIgniter->run()
#6 {main}
  thrown
in APPPATH\Services\Base\AbstractCrudService.php on line 46.
 1 [internal function]: CodeIgniter\Debug\Exceptions->shutdownHandler()
CRITICAL - 2026-09-11 13:54:21 --> syntax error, unexpected token "?", expecting "elseif" or "else" or "endif"
in APPPATH\Views\pages\candidatos\dadosCandidato_view.php on line 78.
 1 [internal function]: CodeIgniter\Debug\Exceptions->shutdownHandler()
CRITICAL - 2026-09-11 13:55:31 --> syntax error, unexpected token "?", expecting "elseif" or "else" or "endif"
in APPPATH\Views\pages\candidatos\dadosCandidato_view.php on line 78.
 1 [internal function]: CodeIgniter\Debug\Exceptions->shutdownHandler()
ERROR - 2026-09-11 15:54:47 --> mysqli_sql_exception: Unknown column 'ds_status' in 'field list' in C:\laragon\www\servicos\procseletivos\adm\system\Database\MySQLi\Connection.php:295
Stack trace:
#0 C:\laragon\www\servicos\procseletivos\adm\system\Database\MySQLi\Connection.php(295): mysqli->query('INSERT INTO `tb...', 0)
#1 C:\laragon\www\servicos\procseletivos\adm\system\Database\BaseConnection.php(691): CodeIgniter\Database\MySQLi\Connection->execute('INSERT INTO `tb...')
#2 C:\laragon\www\servicos\procseletivos\adm\system\Database\BaseConnection.php(605): CodeIgniter\Database\BaseConnection->simpleQuery('INSERT INTO `tb...')
#3 C:\laragon\www\servicos\procseletivos\adm\system\Database\BaseBuilder.php(2295): CodeIgniter\Database\BaseConnection->query('INSERT INTO `tb...', Array, false)
#4 C:\laragon\www\servicos\procseletivos\adm\app\Services\Candidatos\RecursosService.php(175): CodeIgniter\Database\BaseBuilder->insert(Array)
#5 C:\laragon\www\servicos\procseletivos\adm\app\Services\Candidatos\RecursosService.php(44): App\Services\Candidatos\RecursosService->salvarCategoria('escolaridades', 28, 12, 3246, '1234567', Array, 'tb_cadastrados_...', 'fk_id_escolarid...', Object(App\Models\CadastrosEscolaridadesModel), Object(App\Models\CargosEscolaridadesModel))
#6 C:\laragon\www\servicos\procseletivos\adm\app\Services\Base\AbstractCrudService.php(24): App\Services\Candidatos\RecursosService->App\Services\Candidatos\{closure}()
#7 C:\laragon\www\servicos\procseletivos\adm\app\Services\Candidatos\RecursosService.php(28): App\Services\Base\AbstractCrudService->transactional(Object(Closure))
#8 C:\laragon\www\servicos\procseletivos\adm\app\Controllers\Recursos.php(102): App\Services\Candidatos\RecursosService->aplicarRecursos(28, 12, 3246, Array)
#9 C:\laragon\www\servicos\procseletivos\adm\system\CodeIgniter.php(934): App\Controllers\Recursos->registrar()
#10 C:\laragon\www\servicos\procseletivos\adm\system\CodeIgniter.php(499): CodeIgniter\CodeIgniter->runController(Object(App\Controllers\Recursos))
#11 C:\laragon\www\servicos\procseletivos\adm\system\CodeIgniter.php(368): CodeIgniter\CodeIgniter->handleRequest(NULL, Object(Config\Cache), false)
#12 C:\laragon\www\servicos\procseletivos\adm\index.php(67): CodeIgniter\CodeIgniter->run()
#13 {main}
ERROR - 2026-09-11 15:54:47 --> mysqli_sql_exception: Unknown column 'ds_status' in 'field list' in C:\laragon\www\servicos\procseletivos\adm\system\Database\MySQLi\Connection.php:295
Stack trace:
#0 C:\laragon\www\servicos\procseletivos\adm\system\Database\MySQLi\Connection.php(295): mysqli->query('INSERT INTO `tb...', 0)
#1 C:\laragon\www\servicos\procseletivos\adm\system\Database\BaseConnection.php(691): CodeIgniter\Database\MySQLi\Connection->execute('INSERT INTO `tb...')
#2 C:\laragon\www\servicos\procseletivos\adm\system\Database\BaseConnection.php(605): CodeIgniter\Database\BaseConnection->simpleQuery('INSERT INTO `tb...')
#3 C:\laragon\www\servicos\procseletivos\adm\system\Database\BaseBuilder.php(2295): CodeIgniter\Database\BaseConnection->query('INSERT INTO `tb...', Array, false)
#4 C:\laragon\www\servicos\procseletivos\adm\app\Services\Candidatos\RecursosService.php(175): CodeIgniter\Database\BaseBuilder->insert(Array)
#5 C:\laragon\www\servicos\procseletivos\adm\app\Services\Candidatos\RecursosService.php(44): App\Services\Candidatos\RecursosService->salvarCategoria('escolaridades', 28, 12, 3246, '1234567', Array, 'tb_cadastrados_...', 'fk_id_escolarid...', Object(App\Models\CadastrosEscolaridadesModel), Object(App\Models\CargosEscolaridadesModel))
#6 C:\laragon\www\servicos\procseletivos\adm\app\Services\Base\AbstractCrudService.php(24): App\Services\Candidatos\RecursosService->App\Services\Candidatos\{closure}()
#7 C:\laragon\www\servicos\procseletivos\adm\app\Services\Candidatos\RecursosService.php(28): App\Services\Base\AbstractCrudService->transactional(Object(Closure))
#8 C:\laragon\www\servicos\procseletivos\adm\app\Controllers\Recursos.php(102): App\Services\Candidatos\RecursosService->aplicarRecursos(28, 12, 3246, Array)
#9 C:\laragon\www\servicos\procseletivos\adm\system\CodeIgniter.php(934): App\Controllers\Recursos->registrar()
#10 C:\laragon\www\servicos\procseletivos\adm\system\CodeIgniter.php(499): CodeIgniter\CodeIgniter->runController(Object(App\Controllers\Recursos))
#11 C:\laragon\www\servicos\procseletivos\adm\system\CodeIgniter.php(368): CodeIgniter\CodeIgniter->handleRequest(NULL, Object(Config\Cache), false)
#12 C:\laragon\www\servicos\procseletivos\adm\index.php(67): CodeIgniter\CodeIgniter->run()
#13 {main}
ERROR - 2026-09-11 15:54:47 --> mysqli_sql_exception: Unknown column 'ds_status' in 'field list' in C:\laragon\www\servicos\procseletivos\adm\system\Database\MySQLi\Connection.php:295
Stack trace:
#0 C:\laragon\www\servicos\procseletivos\adm\system\Database\MySQLi\Connection.php(295): mysqli->query('INSERT INTO `tb...', 0)
#1 C:\laragon\www\servicos\procseletivos\adm\system\Database\BaseConnection.php(691): CodeIgniter\Database\MySQLi\Connection->execute('INSERT INTO `tb...')
#2 C:\laragon\www\servicos\procseletivos\adm\system\Database\BaseConnection.php(605): CodeIgniter\Database\BaseConnection->simpleQuery('INSERT INTO `tb...')
#3 C:\laragon\www\servicos\procseletivos\adm\system\Database\BaseBuilder.php(2295): CodeIgniter\Database\BaseConnection->query('INSERT INTO `tb...', Array, false)
#4 C:\laragon\www\servicos\procseletivos\adm\app\Services\Candidatos\RecursosService.php(175): CodeIgniter\Database\BaseBuilder->insert(Array)
#5 C:\laragon\www\servicos\procseletivos\adm\app\Services\Candidatos\RecursosService.php(44): App\Services\Candidatos\RecursosService->salvarCategoria('escolaridades', 28, 12, 3246, '1234567', Array, 'tb_cadastrados_...', 'fk_id_escolarid...', Object(App\Models\CadastrosEscolaridadesModel), Object(App\Models\CargosEscolaridadesModel))
#6 C:\laragon\www\servicos\procseletivos\adm\app\Services\Base\AbstractCrudService.php(24): App\Services\Candidatos\RecursosService->App\Services\Candidatos\{closure}()
#7 C:\laragon\www\servicos\procseletivos\adm\app\Services\Candidatos\RecursosService.php(28): App\Services\Base\AbstractCrudService->transactional(Object(Closure))
#8 C:\laragon\www\servicos\procseletivos\adm\app\Controllers\Recursos.php(102): App\Services\Candidatos\RecursosService->aplicarRecursos(28, 12, 3246, Array)
#9 C:\laragon\www\servicos\procseletivos\adm\system\CodeIgniter.php(934): App\Controllers\Recursos->registrar()
#10 C:\laragon\www\servicos\procseletivos\adm\system\CodeIgniter.php(499): CodeIgniter\CodeIgniter->runController(Object(App\Controllers\Recursos))
#11 C:\laragon\www\servicos\procseletivos\adm\system\CodeIgniter.php(368): CodeIgniter\CodeIgniter->handleRequest(NULL, Object(Config\Cache), false)
#12 C:\laragon\www\servicos\procseletivos\adm\index.php(67): CodeIgniter\CodeIgniter->run()
#13 {main}
CRITICAL - 2026-09-11 15:54:47 --> Uncaught RuntimeException: Erro SQL [0] - Transação marcada como falha sem erro SQL explícito. in C:\laragon\www\servicos\procseletivos\adm\app\Services\Base\AbstractCrudService.php:34
Stack trace:
#0 C:\laragon\www\servicos\procseletivos\adm\app\Services\Candidatos\RecursosService.php(28): App\Services\Base\AbstractCrudService->transactional(Object(Closure))
#1 C:\laragon\www\servicos\procseletivos\adm\app\Controllers\Recursos.php(102): App\Services\Candidatos\RecursosService->aplicarRecursos(28, 12, 3246, Array)
#2 C:\laragon\www\servicos\procseletivos\adm\system\CodeIgniter.php(934): App\Controllers\Recursos->registrar()
#3 C:\laragon\www\servicos\procseletivos\adm\system\CodeIgniter.php(499): CodeIgniter\CodeIgniter->runController(Object(App\Controllers\Recursos))
#4 C:\laragon\www\servicos\procseletivos\adm\system\CodeIgniter.php(368): CodeIgniter\CodeIgniter->handleRequest(NULL, Object(Config\Cache), false)
#5 C:\laragon\www\servicos\procseletivos\adm\index.php(67): CodeIgniter\CodeIgniter->run()
#6 {main}

Next RuntimeException: Falha na transação: Erro SQL [0] - Transação marcada como falha sem erro SQL explícito. in C:\laragon\www\servicos\procseletivos\adm\app\Services\Base\AbstractCrudService.php:46
Stack trace:
#0 C:\laragon\www\servicos\procseletivos\adm\app\Services\Candidatos\RecursosService.php(28): App\Services\Base\AbstractCrudService->transactional(Object(Closure))
#1 C:\laragon\www\servicos\procseletivos\adm\app\Controllers\Recursos.php(102): App\Services\Candidatos\RecursosService->aplicarRecursos(28, 12, 3246, Array)
#2 C:\laragon\www\servicos\procseletivos\adm\system\CodeIgniter.php(934): App\Controllers\Recursos->registrar()
#3 C:\laragon\www\servicos\procseletivos\adm\system\CodeIgniter.php(499): CodeIgniter\CodeIgniter->runController(Object(App\Controllers\Recursos))
#4 C:\laragon\www\servicos\procseletivos\adm\system\CodeIgniter.php(368): CodeIgniter\CodeIgniter->handleRequest(NULL, Object(Config\Cache), false)
#5 C:\laragon\www\servicos\procseletivos\adm\index.php(67): CodeIgniter\CodeIgniter->run()
#6 {main}
  thrown
in APPPATH\Services\Base\AbstractCrudService.php on line 46.
 1 [internal function]: CodeIgniter\Debug\Exceptions->shutdownHandler()
