CRITICAL - 2026-09-23 09:31:25 --> syntax error, unexpected token "?"
in APPPATH\Views\pages\candidatos\Classificacoes_view.php on line 74.
 1 [internal function]: CodeIgniter\Debug\Exceptions->shutdownHandler()
CRITICAL - 2026-09-23 09:31:34 --> syntax error, unexpected token "?"
in APPPATH\Views\pages\candidatos\Classificacoes_view.php on line 74.
 1 [internal function]: CodeIgniter\Debug\Exceptions->shutdownHandler()
CRITICAL - 2026-09-23 09:32:15 --> Uncaught ErrorException: Undefined array key "nr_total_pos_graduacao" in C:\laragon\www\servicos\procseletivos\adm\app\Views\pages\candidatos\Classificacoes_view.php:87
Stack trace:
#0 C:\laragon\www\servicos\procseletivos\adm\app\Views\pages\candidatos\Classificacoes_view.php(87): CodeIgniter\Debug\Exceptions->errorHandler(2, 'Undefined array...', 'C:\\laragon\\www\\...', 87)
#1 C:\laragon\www\servicos\procseletivos\adm\system\View\View.php(213): include('C:\\laragon\\www\\...')
#2 C:\laragon\www\servicos\procseletivos\adm\system\View\View.php(216): CodeIgniter\View\View->CodeIgniter\View\{closure}()
#3 C:\laragon\www\servicos\procseletivos\adm\system\Common.php(1177): CodeIgniter\View\View->render('pages/candidato...', Array, true)
#4 C:\laragon\www\servicos\procseletivos\adm\app\Views\layoutDash.php(5): view('pages/candidato...')
#5 C:\laragon\www\servicos\procseletivos\adm\system\View\View.php(213): include('C:\\laragon\\www\\...')
#6 C:\laragon\www\servicos\procseletivos\adm\system\View\View.php(216): CodeIgniter\View\View->CodeIgniter\View\{closure}()
#7 C:\laragon\www\servicos\procseletivos\adm\system\Common.php(1177): CodeIgniter\View\View->render('layoutDash', Array, true)
#8 C:\laragon\www\servicos\procseletivos\adm\app\Controllers\Classificacoes.php(83): view('layoutDash', Array)
#9 C:\laragon\www\servicos\procseletivos\adm\system\CodeIgniter.php(934): App\Controllers\Classificacoes->index('28', '12')
#10 C:\laragon\www\servicos\procseletivos\adm\system\CodeIgniter.php(499): CodeIgniter\CodeIgniter->runController(Object(App\Controllers\Classificacoes))
#11 C:\laragon\www\servicos\procseletivos\adm\system\CodeIgniter.php(368): CodeIgniter\CodeIgniter->handleRequest(NULL, Object(Config\Cache), false)
#12 C:\laragon\www\servicos\procseletivos\adm\index.php(67): CodeIgniter\CodeIgniter->run()
#13 {main}
  thrown
in APPPATH\Views\pages\candidatos\Classificacoes_view.php on line 87.
 1 [internal function]: CodeIgniter\Debug\Exceptions->shutdownHandler()
CRITICAL - 2026-09-23 09:32:38 --> Uncaught ErrorException: Undefined array key "nr_total_pos_graduacao" in C:\laragon\www\servicos\procseletivos\adm\app\Views\pages\candidatos\Classificacoes_view.php:87
Stack trace:
#0 C:\laragon\www\servicos\procseletivos\adm\app\Views\pages\candidatos\Classificacoes_view.php(87): CodeIgniter\Debug\Exceptions->errorHandler(2, 'Undefined array...', 'C:\\laragon\\www\\...', 87)
#1 C:\laragon\www\servicos\procseletivos\adm\system\View\View.php(213): include('C:\\laragon\\www\\...')
#2 C:\laragon\www\servicos\procseletivos\adm\system\View\View.php(216): CodeIgniter\View\View->CodeIgniter\View\{closure}()
#3 C:\laragon\www\servicos\procseletivos\adm\system\Common.php(1177): CodeIgniter\View\View->render('pages/candidato...', Array, true)
#4 C:\laragon\www\servicos\procseletivos\adm\app\Views\layoutDash.php(5): view('pages/candidato...')
#5 C:\laragon\www\servicos\procseletivos\adm\system\View\View.php(213): include('C:\\laragon\\www\\...')
#6 C:\laragon\www\servicos\procseletivos\adm\system\View\View.php(216): CodeIgniter\View\View->CodeIgniter\View\{closure}()
#7 C:\laragon\www\servicos\procseletivos\adm\system\Common.php(1177): CodeIgniter\View\View->render('layoutDash', Array, true)
#8 C:\laragon\www\servicos\procseletivos\adm\app\Controllers\Classificacoes.php(83): view('layoutDash', Array)
#9 C:\laragon\www\servicos\procseletivos\adm\system\CodeIgniter.php(934): App\Controllers\Classificacoes->index('28', '12')
#10 C:\laragon\www\servicos\procseletivos\adm\system\CodeIgniter.php(499): CodeIgniter\CodeIgniter->runController(Object(App\Controllers\Classificacoes))
#11 C:\laragon\www\servicos\procseletivos\adm\system\CodeIgniter.php(368): CodeIgniter\CodeIgniter->handleRequest(NULL, Object(Config\Cache), false)
#12 C:\laragon\www\servicos\procseletivos\adm\index.php(67): CodeIgniter\CodeIgniter->run()
#13 {main}
  thrown
in APPPATH\Views\pages\candidatos\Classificacoes_view.php on line 87.
 1 [internal function]: CodeIgniter\Debug\Exceptions->shutdownHandler()
CRITICAL - 2026-09-23 09:32:55 --> Uncaught ErrorException: Undefined array key "nr_total_pos_graduacao" in C:\laragon\www\servicos\procseletivos\adm\app\Views\pages\candidatos\Classificacoes_view.php:87
Stack trace:
#0 C:\laragon\www\servicos\procseletivos\adm\app\Views\pages\candidatos\Classificacoes_view.php(87): CodeIgniter\Debug\Exceptions->errorHandler(2, 'Undefined array...', 'C:\\laragon\\www\\...', 87)
#1 C:\laragon\www\servicos\procseletivos\adm\system\View\View.php(213): include('C:\\laragon\\www\\...')
#2 C:\laragon\www\servicos\procseletivos\adm\system\View\View.php(216): CodeIgniter\View\View->CodeIgniter\View\{closure}()
#3 C:\laragon\www\servicos\procseletivos\adm\system\Common.php(1177): CodeIgniter\View\View->render('pages/candidato...', Array, true)
#4 C:\laragon\www\servicos\procseletivos\adm\app\Views\layoutDash.php(5): view('pages/candidato...')
#5 C:\laragon\www\servicos\procseletivos\adm\system\View\View.php(213): include('C:\\laragon\\www\\...')
#6 C:\laragon\www\servicos\procseletivos\adm\system\View\View.php(216): CodeIgniter\View\View->CodeIgniter\View\{closure}()
#7 C:\laragon\www\servicos\procseletivos\adm\system\Common.php(1177): CodeIgniter\View\View->render('layoutDash', Array, true)
#8 C:\laragon\www\servicos\procseletivos\adm\app\Controllers\Classificacoes.php(83): view('layoutDash', Array)
#9 C:\laragon\www\servicos\procseletivos\adm\system\CodeIgniter.php(934): App\Controllers\Classificacoes->index('28', '12')
#10 C:\laragon\www\servicos\procseletivos\adm\system\CodeIgniter.php(499): CodeIgniter\CodeIgniter->runController(Object(App\Controllers\Classificacoes))
#11 C:\laragon\www\servicos\procseletivos\adm\system\CodeIgniter.php(368): CodeIgniter\CodeIgniter->handleRequest(NULL, Object(Config\Cache), false)
#12 C:\laragon\www\servicos\procseletivos\adm\index.php(67): CodeIgniter\CodeIgniter->run()
#13 {main}
  thrown
in APPPATH\Views\pages\candidatos\Classificacoes_view.php on line 87.
 1 [internal function]: CodeIgniter\Debug\Exceptions->shutdownHandler()
CRITICAL - 2026-09-23 09:44:09 --> Uncaught CodeIgniter\Exceptions\PageNotFoundException: Can't find a route for 'get: Classificacoes/exportarXlsx/27/8'. in C:\laragon\www\servicos\procseletivos\adm\system\CodeIgniter.php:993
Stack trace:
#0 C:\laragon\www\servicos\procseletivos\adm\system\CodeIgniter.php(993): CodeIgniter\Exceptions\PageNotFoundException::forPageNotFound('Can't find a ro...')
#1 C:\laragon\www\servicos\procseletivos\adm\system\CodeIgniter.php(387): CodeIgniter\CodeIgniter->display404errors(Object(CodeIgniter\Exceptions\PageNotFoundException))
#2 C:\laragon\www\servicos\procseletivos\adm\index.php(67): CodeIgniter\CodeIgniter->run()
#3 {main}
  thrown
in SYSTEMPATH\CodeIgniter.php on line 993.
 1 [internal function]: CodeIgniter\Debug\Exceptions->shutdownHandler()
CRITICAL - 2026-09-23 09:44:27 --> Uncaught CodeIgniter\Exceptions\PageNotFoundException: Can't find a route for 'get: Classificacoes/exportarXlsx/27/8'. in C:\laragon\www\servicos\procseletivos\adm\system\CodeIgniter.php:993
Stack trace:
#0 C:\laragon\www\servicos\procseletivos\adm\system\CodeIgniter.php(993): CodeIgniter\Exceptions\PageNotFoundException::forPageNotFound('Can't find a ro...')
#1 C:\laragon\www\servicos\procseletivos\adm\system\CodeIgniter.php(387): CodeIgniter\CodeIgniter->display404errors(Object(CodeIgniter\Exceptions\PageNotFoundException))
#2 C:\laragon\www\servicos\procseletivos\adm\index.php(67): CodeIgniter\CodeIgniter->run()
#3 {main}
  thrown
in SYSTEMPATH\CodeIgniter.php on line 993.
 1 [internal function]: CodeIgniter\Debug\Exceptions->shutdownHandler()
CRITICAL - 2026-09-23 09:44:54 --> Uncaught CodeIgniter\Exceptions\PageNotFoundException: Can't find a route for 'get: Classificacoes/exportarXlsx/28/12'. in C:\laragon\www\servicos\procseletivos\adm\system\CodeIgniter.php:993
Stack trace:
#0 C:\laragon\www\servicos\procseletivos\adm\system\CodeIgniter.php(993): CodeIgniter\Exceptions\PageNotFoundException::forPageNotFound('Can't find a ro...')
#1 C:\laragon\www\servicos\procseletivos\adm\system\CodeIgniter.php(387): CodeIgniter\CodeIgniter->display404errors(Object(CodeIgniter\Exceptions\PageNotFoundException))
#2 C:\laragon\www\servicos\procseletivos\adm\index.php(67): CodeIgniter\CodeIgniter->run()
#3 {main}
  thrown
in SYSTEMPATH\CodeIgniter.php on line 993.
 1 [internal function]: CodeIgniter\Debug\Exceptions->shutdownHandler()
CRITICAL - 2026-09-23 09:45:22 --> Uncaught CodeIgniter\Exceptions\PageNotFoundException: Can't find a route for 'get: Classificacoes/exportarXlsx/28/12'. in C:\laragon\www\servicos\procseletivos\adm\system\CodeIgniter.php:993
Stack trace:
#0 C:\laragon\www\servicos\procseletivos\adm\system\CodeIgniter.php(993): CodeIgniter\Exceptions\PageNotFoundException::forPageNotFound('Can't find a ro...')
#1 C:\laragon\www\servicos\procseletivos\adm\system\CodeIgniter.php(387): CodeIgniter\CodeIgniter->display404errors(Object(CodeIgniter\Exceptions\PageNotFoundException))
#2 C:\laragon\www\servicos\procseletivos\adm\index.php(67): CodeIgniter\CodeIgniter->run()
#3 {main}
  thrown
in SYSTEMPATH\CodeIgniter.php on line 993.
 1 [internal function]: CodeIgniter\Debug\Exceptions->shutdownHandler()
ERROR - 2026-09-23 10:02:39 --> mysqli_sql_exception: Unknown column 'nr_total_pos_graduacao' in 'field list' in C:\laragon\www\servicos\procseletivos\adm\system\Database\MySQLi\Connection.php:295
Stack trace:
#0 C:\laragon\www\servicos\procseletivos\adm\system\Database\MySQLi\Connection.php(295): mysqli->query('INSERT INTO `tb...', 0)
#1 C:\laragon\www\servicos\procseletivos\adm\system\Database\BaseConnection.php(691): CodeIgniter\Database\MySQLi\Connection->execute('INSERT INTO `tb...')
#2 C:\laragon\www\servicos\procseletivos\adm\system\Database\BaseConnection.php(605): CodeIgniter\Database\BaseConnection->simpleQuery('INSERT INTO `tb...')
#3 C:\laragon\www\servicos\procseletivos\adm\system\Database\BaseBuilder.php(1787): CodeIgniter\Database\BaseConnection->query('INSERT INTO `tb...', NULL, false)
#4 C:\laragon\www\servicos\procseletivos\adm\system\Database\BaseBuilder.php(2178): CodeIgniter\Database\BaseBuilder->batchExecute('_insertBatch', 100)
#5 C:\laragon\www\servicos\procseletivos\adm\app\Services\Classificacao\ClassificacaoPersistService.php(72): CodeIgniter\Database\BaseBuilder->insertBatch(Array)
#6 C:\laragon\www\servicos\procseletivos\adm\app\Services\Classificacao\ClassificacaoPersistService.php(54): App\Services\Classificacao\ClassificacaoPersistService->salvarBatch(28, 12, Array)
#7 C:\laragon\www\servicos\procseletivos\adm\app\Services\Classificacao\ClassificacaoService.php(30): App\Services\Classificacao\ClassificacaoPersistService->salvar(28, 12, Array)
#8 C:\laragon\www\servicos\procseletivos\adm\app\Controllers\Classificacoes.php(90): App\Services\Classificacao\ClassificacaoService->reprocessar(28, 12)
#9 C:\laragon\www\servicos\procseletivos\adm\system\CodeIgniter.php(934): App\Controllers\Classificacoes->reprocessar('28', '12')
#10 C:\laragon\www\servicos\procseletivos\adm\system\CodeIgniter.php(499): CodeIgniter\CodeIgniter->runController(Object(App\Controllers\Classificacoes))
#11 C:\laragon\www\servicos\procseletivos\adm\system\CodeIgniter.php(368): CodeIgniter\CodeIgniter->handleRequest(NULL, Object(Config\Cache), false)
#12 C:\laragon\www\servicos\procseletivos\adm\index.php(67): CodeIgniter\CodeIgniter->run()
#13 {main}
ERROR - 2026-09-23 10:02:39 --> mysqli_sql_exception: Unknown column 'nr_total_pos_graduacao' in 'field list' in C:\laragon\www\servicos\procseletivos\adm\system\Database\MySQLi\Connection.php:295
Stack trace:
#0 C:\laragon\www\servicos\procseletivos\adm\system\Database\MySQLi\Connection.php(295): mysqli->query('INSERT INTO `tb...', 0)
#1 C:\laragon\www\servicos\procseletivos\adm\system\Database\BaseConnection.php(691): CodeIgniter\Database\MySQLi\Connection->execute('INSERT INTO `tb...')
#2 C:\laragon\www\servicos\procseletivos\adm\system\Database\BaseConnection.php(605): CodeIgniter\Database\BaseConnection->simpleQuery('INSERT INTO `tb...')
#3 C:\laragon\www\servicos\procseletivos\adm\system\Database\BaseBuilder.php(1787): CodeIgniter\Database\BaseConnection->query('INSERT INTO `tb...', NULL, false)
#4 C:\laragon\www\servicos\procseletivos\adm\system\Database\BaseBuilder.php(2178): CodeIgniter\Database\BaseBuilder->batchExecute('_insertBatch', 100)
#5 C:\laragon\www\servicos\procseletivos\adm\app\Services\Classificacao\ClassificacaoPersistService.php(72): CodeIgniter\Database\BaseBuilder->insertBatch(Array)
#6 C:\laragon\www\servicos\procseletivos\adm\app\Services\Classificacao\ClassificacaoPersistService.php(54): App\Services\Classificacao\ClassificacaoPersistService->salvarBatch(28, 12, Array)
#7 C:\laragon\www\servicos\procseletivos\adm\app\Services\Classificacao\ClassificacaoService.php(30): App\Services\Classificacao\ClassificacaoPersistService->salvar(28, 12, Array)
#8 C:\laragon\www\servicos\procseletivos\adm\app\Controllers\Classificacoes.php(90): App\Services\Classificacao\ClassificacaoService->reprocessar(28, 12)
#9 C:\laragon\www\servicos\procseletivos\adm\system\CodeIgniter.php(934): App\Controllers\Classificacoes->reprocessar('28', '12')
#10 C:\laragon\www\servicos\procseletivos\adm\system\CodeIgniter.php(499): CodeIgniter\CodeIgniter->runController(Object(App\Controllers\Classificacoes))
#11 C:\laragon\www\servicos\procseletivos\adm\system\CodeIgniter.php(368): CodeIgniter\CodeIgniter->handleRequest(NULL, Object(Config\Cache), false)
#12 C:\laragon\www\servicos\procseletivos\adm\index.php(67): CodeIgniter\CodeIgniter->run()
#13 {main}
ERROR - 2026-09-23 10:02:39 --> mysqli_sql_exception: Unknown column 'nr_total_pos_graduacao' in 'field list' in C:\laragon\www\servicos\procseletivos\adm\system\Database\MySQLi\Connection.php:295
Stack trace:
#0 C:\laragon\www\servicos\procseletivos\adm\system\Database\MySQLi\Connection.php(295): mysqli->query('INSERT INTO `tb...', 0)
#1 C:\laragon\www\servicos\procseletivos\adm\system\Database\BaseConnection.php(691): CodeIgniter\Database\MySQLi\Connection->execute('INSERT INTO `tb...')
#2 C:\laragon\www\servicos\procseletivos\adm\system\Database\BaseConnection.php(605): CodeIgniter\Database\BaseConnection->simpleQuery('INSERT INTO `tb...')
#3 C:\laragon\www\servicos\procseletivos\adm\system\Database\BaseBuilder.php(1787): CodeIgniter\Database\BaseConnection->query('INSERT INTO `tb...', NULL, false)
#4 C:\laragon\www\servicos\procseletivos\adm\system\Database\BaseBuilder.php(2178): CodeIgniter\Database\BaseBuilder->batchExecute('_insertBatch', 100)
#5 C:\laragon\www\servicos\procseletivos\adm\app\Services\Classificacao\ClassificacaoPersistService.php(72): CodeIgniter\Database\BaseBuilder->insertBatch(Array)
#6 C:\laragon\www\servicos\procseletivos\adm\app\Services\Classificacao\ClassificacaoPersistService.php(54): App\Services\Classificacao\ClassificacaoPersistService->salvarBatch(28, 12, Array)
#7 C:\laragon\www\servicos\procseletivos\adm\app\Services\Classificacao\ClassificacaoService.php(30): App\Services\Classificacao\ClassificacaoPersistService->salvar(28, 12, Array)
#8 C:\laragon\www\servicos\procseletivos\adm\app\Controllers\Classificacoes.php(90): App\Services\Classificacao\ClassificacaoService->reprocessar(28, 12)
#9 C:\laragon\www\servicos\procseletivos\adm\system\CodeIgniter.php(934): App\Controllers\Classificacoes->reprocessar('28', '12')
#10 C:\laragon\www\servicos\procseletivos\adm\system\CodeIgniter.php(499): CodeIgniter\CodeIgniter->runController(Object(App\Controllers\Classificacoes))
#11 C:\laragon\www\servicos\procseletivos\adm\system\CodeIgniter.php(368): CodeIgniter\CodeIgniter->handleRequest(NULL, Object(Config\Cache), false)
#12 C:\laragon\www\servicos\procseletivos\adm\index.php(67): CodeIgniter\CodeIgniter->run()
#13 {main}
ERROR - 2026-09-23 10:02:39 --> mysqli_sql_exception: Unknown column 'nr_total_pos_graduacao' in 'field list' in C:\laragon\www\servicos\procseletivos\adm\system\Database\MySQLi\Connection.php:295
Stack trace:
#0 C:\laragon\www\servicos\procseletivos\adm\system\Database\MySQLi\Connection.php(295): mysqli->query('INSERT INTO `tb...', 0)
#1 C:\laragon\www\servicos\procseletivos\adm\system\Database\BaseConnection.php(691): CodeIgniter\Database\MySQLi\Connection->execute('INSERT INTO `tb...')
#2 C:\laragon\www\servicos\procseletivos\adm\system\Database\BaseConnection.php(605): CodeIgniter\Database\BaseConnection->simpleQuery('INSERT INTO `tb...')
#3 C:\laragon\www\servicos\procseletivos\adm\system\Database\BaseBuilder.php(1787): CodeIgniter\Database\BaseConnection->query('INSERT INTO `tb...', NULL, false)
#4 C:\laragon\www\servicos\procseletivos\adm\system\Database\BaseBuilder.php(2178): CodeIgniter\Database\BaseBuilder->batchExecute('_insertBatch', 100)
#5 C:\laragon\www\servicos\procseletivos\adm\app\Services\Classificacao\ClassificacaoPersistService.php(72): CodeIgniter\Database\BaseBuilder->insertBatch(Array)
#6 C:\laragon\www\servicos\procseletivos\adm\app\Services\Classificacao\ClassificacaoPersistService.php(54): App\Services\Classificacao\ClassificacaoPersistService->salvarBatch(28, 12, Array)
#7 C:\laragon\www\servicos\procseletivos\adm\app\Services\Classificacao\ClassificacaoService.php(30): App\Services\Classificacao\ClassificacaoPersistService->salvar(28, 12, Array)
#8 C:\laragon\www\servicos\procseletivos\adm\app\Controllers\Classificacoes.php(90): App\Services\Classificacao\ClassificacaoService->reprocessar(28, 12)
#9 C:\laragon\www\servicos\procseletivos\adm\system\CodeIgniter.php(934): App\Controllers\Classificacoes->reprocessar('28', '12')
#10 C:\laragon\www\servicos\procseletivos\adm\system\CodeIgniter.php(499): CodeIgniter\CodeIgniter->runController(Object(App\Controllers\Classificacoes))
#11 C:\laragon\www\servicos\procseletivos\adm\system\CodeIgniter.php(368): CodeIgniter\CodeIgniter->handleRequest(NULL, Object(Config\Cache), false)
#12 C:\laragon\www\servicos\procseletivos\adm\index.php(67): CodeIgniter\CodeIgniter->run()
#13 {main}
ERROR - 2026-09-23 10:02:39 --> mysqli_sql_exception: Unknown column 'nr_total_pos_graduacao' in 'field list' in C:\laragon\www\servicos\procseletivos\adm\system\Database\MySQLi\Connection.php:295
Stack trace:
#0 C:\laragon\www\servicos\procseletivos\adm\system\Database\MySQLi\Connection.php(295): mysqli->query('INSERT INTO `tb...', 0)
#1 C:\laragon\www\servicos\procseletivos\adm\system\Database\BaseConnection.php(691): CodeIgniter\Database\MySQLi\Connection->execute('INSERT INTO `tb...')
#2 C:\laragon\www\servicos\procseletivos\adm\system\Database\BaseConnection.php(605): CodeIgniter\Database\BaseConnection->simpleQuery('INSERT INTO `tb...')
#3 C:\laragon\www\servicos\procseletivos\adm\system\Database\BaseBuilder.php(1787): CodeIgniter\Database\BaseConnection->query('INSERT INTO `tb...', NULL, false)
#4 C:\laragon\www\servicos\procseletivos\adm\system\Database\BaseBuilder.php(2178): CodeIgniter\Database\BaseBuilder->batchExecute('_insertBatch', 100)
#5 C:\laragon\www\servicos\procseletivos\adm\app\Services\Classificacao\ClassificacaoPersistService.php(72): CodeIgniter\Database\BaseBuilder->insertBatch(Array)
#6 C:\laragon\www\servicos\procseletivos\adm\app\Services\Classificacao\ClassificacaoPersistService.php(54): App\Services\Classificacao\ClassificacaoPersistService->salvarBatch(28, 12, Array)
#7 C:\laragon\www\servicos\procseletivos\adm\app\Services\Classificacao\ClassificacaoService.php(30): App\Services\Classificacao\ClassificacaoPersistService->salvar(28, 12, Array)
#8 C:\laragon\www\servicos\procseletivos\adm\app\Controllers\Classificacoes.php(90): App\Services\Classificacao\ClassificacaoService->reprocessar(28, 12)
#9 C:\laragon\www\servicos\procseletivos\adm\system\CodeIgniter.php(934): App\Controllers\Classificacoes->reprocessar('28', '12')
#10 C:\laragon\www\servicos\procseletivos\adm\system\CodeIgniter.php(499): CodeIgniter\CodeIgniter->runController(Object(App\Controllers\Classificacoes))
#11 C:\laragon\www\servicos\procseletivos\adm\system\CodeIgniter.php(368): CodeIgniter\CodeIgniter->handleRequest(NULL, Object(Config\Cache), false)
#12 C:\laragon\www\servicos\procseletivos\adm\index.php(67): CodeIgniter\CodeIgniter->run()
#13 {main}
ERROR - 2026-09-23 10:02:39 --> mysqli_sql_exception: Unknown column 'nr_total_pos_graduacao' in 'field list' in C:\laragon\www\servicos\procseletivos\adm\system\Database\MySQLi\Connection.php:295
Stack trace:
#0 C:\laragon\www\servicos\procseletivos\adm\system\Database\MySQLi\Connection.php(295): mysqli->query('INSERT INTO `tb...', 0)
#1 C:\laragon\www\servicos\procseletivos\adm\system\Database\BaseConnection.php(691): CodeIgniter\Database\MySQLi\Connection->execute('INSERT INTO `tb...')
#2 C:\laragon\www\servicos\procseletivos\adm\system\Database\BaseConnection.php(605): CodeIgniter\Database\BaseConnection->simpleQuery('INSERT INTO `tb...')
#3 C:\laragon\www\servicos\procseletivos\adm\system\Database\BaseBuilder.php(1787): CodeIgniter\Database\BaseConnection->query('INSERT INTO `tb...', NULL, false)
#4 C:\laragon\www\servicos\procseletivos\adm\system\Database\BaseBuilder.php(2178): CodeIgniter\Database\BaseBuilder->batchExecute('_insertBatch', 100)
#5 C:\laragon\www\servicos\procseletivos\adm\app\Services\Classificacao\ClassificacaoPersistService.php(72): CodeIgniter\Database\BaseBuilder->insertBatch(Array)
#6 C:\laragon\www\servicos\procseletivos\adm\app\Services\Classificacao\ClassificacaoPersistService.php(54): App\Services\Classificacao\ClassificacaoPersistService->salvarBatch(28, 12, Array)
#7 C:\laragon\www\servicos\procseletivos\adm\app\Services\Classificacao\ClassificacaoService.php(30): App\Services\Classificacao\ClassificacaoPersistService->salvar(28, 12, Array)
#8 C:\laragon\www\servicos\procseletivos\adm\app\Controllers\Classificacoes.php(90): App\Services\Classificacao\ClassificacaoService->reprocessar(28, 12)
#9 C:\laragon\www\servicos\procseletivos\adm\system\CodeIgniter.php(934): App\Controllers\Classificacoes->reprocessar('28', '12')
#10 C:\laragon\www\servicos\procseletivos\adm\system\CodeIgniter.php(499): CodeIgniter\CodeIgniter->runController(Object(App\Controllers\Classificacoes))
#11 C:\laragon\www\servicos\procseletivos\adm\system\CodeIgniter.php(368): CodeIgniter\CodeIgniter->handleRequest(NULL, Object(Config\Cache), false)
#12 C:\laragon\www\servicos\procseletivos\adm\index.php(67): CodeIgniter\CodeIgniter->run()
#13 {main}
ERROR - 2026-09-23 10:02:39 --> mysqli_sql_exception: Unknown column 'nr_total_pos_graduacao' in 'field list' in C:\laragon\www\servicos\procseletivos\adm\system\Database\MySQLi\Connection.php:295
Stack trace:
#0 C:\laragon\www\servicos\procseletivos\adm\system\Database\MySQLi\Connection.php(295): mysqli->query('INSERT INTO `tb...', 0)
#1 C:\laragon\www\servicos\procseletivos\adm\system\Database\BaseConnection.php(691): CodeIgniter\Database\MySQLi\Connection->execute('INSERT INTO `tb...')
#2 C:\laragon\www\servicos\procseletivos\adm\system\Database\BaseConnection.php(605): CodeIgniter\Database\BaseConnection->simpleQuery('INSERT INTO `tb...')
#3 C:\laragon\www\servicos\procseletivos\adm\system\Database\BaseBuilder.php(1787): CodeIgniter\Database\BaseConnection->query('INSERT INTO `tb...', NULL, false)
#4 C:\laragon\www\servicos\procseletivos\adm\system\Database\BaseBuilder.php(2178): CodeIgniter\Database\BaseBuilder->batchExecute('_insertBatch', 100)
#5 C:\laragon\www\servicos\procseletivos\adm\app\Services\Classificacao\ClassificacaoPersistService.php(72): CodeIgniter\Database\BaseBuilder->insertBatch(Array)
#6 C:\laragon\www\servicos\procseletivos\adm\app\Services\Classificacao\ClassificacaoPersistService.php(54): App\Services\Classificacao\ClassificacaoPersistService->salvarBatch(28, 12, Array)
#7 C:\laragon\www\servicos\procseletivos\adm\app\Services\Classificacao\ClassificacaoService.php(30): App\Services\Classificacao\ClassificacaoPersistService->salvar(28, 12, Array)
#8 C:\laragon\www\servicos\procseletivos\adm\app\Controllers\Classificacoes.php(90): App\Services\Classificacao\ClassificacaoService->reprocessar(28, 12)
#9 C:\laragon\www\servicos\procseletivos\adm\system\CodeIgniter.php(934): App\Controllers\Classificacoes->reprocessar('28', '12')
#10 C:\laragon\www\servicos\procseletivos\adm\system\CodeIgniter.php(499): CodeIgniter\CodeIgniter->runController(Object(App\Controllers\Classificacoes))
#11 C:\laragon\www\servicos\procseletivos\adm\system\CodeIgniter.php(368): CodeIgniter\CodeIgniter->handleRequest(NULL, Object(Config\Cache), false)
#12 C:\laragon\www\servicos\procseletivos\adm\index.php(67): CodeIgniter\CodeIgniter->run()
#13 {main}
ERROR - 2026-09-23 10:02:39 --> mysqli_sql_exception: Unknown column 'nr_total_pos_graduacao' in 'field list' in C:\laragon\www\servicos\procseletivos\adm\system\Database\MySQLi\Connection.php:295
Stack trace:
#0 C:\laragon\www\servicos\procseletivos\adm\system\Database\MySQLi\Connection.php(295): mysqli->query('INSERT INTO `tb...', 0)
#1 C:\laragon\www\servicos\procseletivos\adm\system\Database\BaseConnection.php(691): CodeIgniter\Database\MySQLi\Connection->execute('INSERT INTO `tb...')
#2 C:\laragon\www\servicos\procseletivos\adm\system\Database\BaseConnection.php(605): CodeIgniter\Database\BaseConnection->simpleQuery('INSERT INTO `tb...')
#3 C:\laragon\www\servicos\procseletivos\adm\system\Database\BaseBuilder.php(1787): CodeIgniter\Database\BaseConnection->query('INSERT INTO `tb...', NULL, false)
#4 C:\laragon\www\servicos\procseletivos\adm\system\Database\BaseBuilder.php(2178): CodeIgniter\Database\BaseBuilder->batchExecute('_insertBatch', 100)
#5 C:\laragon\www\servicos\procseletivos\adm\app\Services\Classificacao\ClassificacaoPersistService.php(72): CodeIgniter\Database\BaseBuilder->insertBatch(Array)
#6 C:\laragon\www\servicos\procseletivos\adm\app\Services\Classificacao\ClassificacaoPersistService.php(54): App\Services\Classificacao\ClassificacaoPersistService->salvarBatch(28, 12, Array)
#7 C:\laragon\www\servicos\procseletivos\adm\app\Services\Classificacao\ClassificacaoService.php(30): App\Services\Classificacao\ClassificacaoPersistService->salvar(28, 12, Array)
#8 C:\laragon\www\servicos\procseletivos\adm\app\Controllers\Classificacoes.php(90): App\Services\Classificacao\ClassificacaoService->reprocessar(28, 12)
#9 C:\laragon\www\servicos\procseletivos\adm\system\CodeIgniter.php(934): App\Controllers\Classificacoes->reprocessar('28', '12')
#10 C:\laragon\www\servicos\procseletivos\adm\system\CodeIgniter.php(499): CodeIgniter\CodeIgniter->runController(Object(App\Controllers\Classificacoes))
#11 C:\laragon\www\servicos\procseletivos\adm\system\CodeIgniter.php(368): CodeIgniter\CodeIgniter->handleRequest(NULL, Object(Config\Cache), false)
#12 C:\laragon\www\servicos\procseletivos\adm\index.php(67): CodeIgniter\CodeIgniter->run()
#13 {main}
ERROR - 2026-09-23 10:02:39 --> mysqli_sql_exception: Unknown column 'nr_total_pos_graduacao' in 'field list' in C:\laragon\www\servicos\procseletivos\adm\system\Database\MySQLi\Connection.php:295
Stack trace:
#0 C:\laragon\www\servicos\procseletivos\adm\system\Database\MySQLi\Connection.php(295): mysqli->query('INSERT INTO `tb...', 0)
#1 C:\laragon\www\servicos\procseletivos\adm\system\Database\BaseConnection.php(691): CodeIgniter\Database\MySQLi\Connection->execute('INSERT INTO `tb...')
#2 C:\laragon\www\servicos\procseletivos\adm\system\Database\BaseConnection.php(605): CodeIgniter\Database\BaseConnection->simpleQuery('INSERT INTO `tb...')
#3 C:\laragon\www\servicos\procseletivos\adm\system\Database\BaseBuilder.php(1787): CodeIgniter\Database\BaseConnection->query('INSERT INTO `tb...', NULL, false)
#4 C:\laragon\www\servicos\procseletivos\adm\system\Database\BaseBuilder.php(2178): CodeIgniter\Database\BaseBuilder->batchExecute('_insertBatch', 100)
#5 C:\laragon\www\servicos\procseletivos\adm\app\Services\Classificacao\ClassificacaoPersistService.php(72): CodeIgniter\Database\BaseBuilder->insertBatch(Array)
#6 C:\laragon\www\servicos\procseletivos\adm\app\Services\Classificacao\ClassificacaoPersistService.php(54): App\Services\Classificacao\ClassificacaoPersistService->salvarBatch(28, 12, Array)
#7 C:\laragon\www\servicos\procseletivos\adm\app\Services\Classificacao\ClassificacaoService.php(30): App\Services\Classificacao\ClassificacaoPersistService->salvar(28, 12, Array)
#8 C:\laragon\www\servicos\procseletivos\adm\app\Controllers\Classificacoes.php(90): App\Services\Classificacao\ClassificacaoService->reprocessar(28, 12)
#9 C:\laragon\www\servicos\procseletivos\adm\system\CodeIgniter.php(934): App\Controllers\Classificacoes->reprocessar('28', '12')
#10 C:\laragon\www\servicos\procseletivos\adm\system\CodeIgniter.php(499): CodeIgniter\CodeIgniter->runController(Object(App\Controllers\Classificacoes))
#11 C:\laragon\www\servicos\procseletivos\adm\system\CodeIgniter.php(368): CodeIgniter\CodeIgniter->handleRequest(NULL, Object(Config\Cache), false)
#12 C:\laragon\www\servicos\procseletivos\adm\index.php(67): CodeIgniter\CodeIgniter->run()
#13 {main}
ERROR - 2026-09-23 10:31:03 --> mysqli_sql_exception: Unknown column 'nr_total_pos_graduacao' in 'field list' in C:\laragon\www\servicos\procseletivos\adm\system\Database\MySQLi\Connection.php:295
Stack trace:
#0 C:\laragon\www\servicos\procseletivos\adm\system\Database\MySQLi\Connection.php(295): mysqli->query('INSERT INTO `tb...', 0)
#1 C:\laragon\www\servicos\procseletivos\adm\system\Database\BaseConnection.php(691): CodeIgniter\Database\MySQLi\Connection->execute('INSERT INTO `tb...')
#2 C:\laragon\www\servicos\procseletivos\adm\system\Database\BaseConnection.php(605): CodeIgniter\Database\BaseConnection->simpleQuery('INSERT INTO `tb...')
#3 C:\laragon\www\servicos\procseletivos\adm\system\Database\BaseBuilder.php(1787): CodeIgniter\Database\BaseConnection->query('INSERT INTO `tb...', NULL, false)
#4 C:\laragon\www\servicos\procseletivos\adm\system\Database\BaseBuilder.php(2178): CodeIgniter\Database\BaseBuilder->batchExecute('_insertBatch', 100)
#5 C:\laragon\www\servicos\procseletivos\adm\app\Services\Classificacao\ClassificacaoPersistService.php(72): CodeIgniter\Database\BaseBuilder->insertBatch(Array)
#6 C:\laragon\www\servicos\procseletivos\adm\app\Services\Classificacao\ClassificacaoPersistService.php(54): App\Services\Classificacao\ClassificacaoPersistService->salvarBatch(28, 12, Array)
#7 C:\laragon\www\servicos\procseletivos\adm\app\Services\Classificacao\ClassificacaoService.php(30): App\Services\Classificacao\ClassificacaoPersistService->salvar(28, 12, Array)
#8 C:\laragon\www\servicos\procseletivos\adm\app\Controllers\Classificacoes.php(90): App\Services\Classificacao\ClassificacaoService->reprocessar(28, 12)
#9 C:\laragon\www\servicos\procseletivos\adm\system\CodeIgniter.php(934): App\Controllers\Classificacoes->reprocessar('28', '12')
#10 C:\laragon\www\servicos\procseletivos\adm\system\CodeIgniter.php(499): CodeIgniter\CodeIgniter->runController(Object(App\Controllers\Classificacoes))
#11 C:\laragon\www\servicos\procseletivos\adm\system\CodeIgniter.php(368): CodeIgniter\CodeIgniter->handleRequest(NULL, Object(Config\Cache), false)
#12 C:\laragon\www\servicos\procseletivos\adm\index.php(67): CodeIgniter\CodeIgniter->run()
#13 {main}
ERROR - 2026-09-23 10:31:03 --> mysqli_sql_exception: Unknown column 'nr_total_pos_graduacao' in 'field list' in C:\laragon\www\servicos\procseletivos\adm\system\Database\MySQLi\Connection.php:295
Stack trace:
#0 C:\laragon\www\servicos\procseletivos\adm\system\Database\MySQLi\Connection.php(295): mysqli->query('INSERT INTO `tb...', 0)
#1 C:\laragon\www\servicos\procseletivos\adm\system\Database\BaseConnection.php(691): CodeIgniter\Database\MySQLi\Connection->execute('INSERT INTO `tb...')
#2 C:\laragon\www\servicos\procseletivos\adm\system\Database\BaseConnection.php(605): CodeIgniter\Database\BaseConnection->simpleQuery('INSERT INTO `tb...')
#3 C:\laragon\www\servicos\procseletivos\adm\system\Database\BaseBuilder.php(1787): CodeIgniter\Database\BaseConnection->query('INSERT INTO `tb...', NULL, false)
#4 C:\laragon\www\servicos\procseletivos\adm\system\Database\BaseBuilder.php(2178): CodeIgniter\Database\BaseBuilder->batchExecute('_insertBatch', 100)
#5 C:\laragon\www\servicos\procseletivos\adm\app\Services\Classificacao\ClassificacaoPersistService.php(72): CodeIgniter\Database\BaseBuilder->insertBatch(Array)
#6 C:\laragon\www\servicos\procseletivos\adm\app\Services\Classificacao\ClassificacaoPersistService.php(54): App\Services\Classificacao\ClassificacaoPersistService->salvarBatch(28, 12, Array)
#7 C:\laragon\www\servicos\procseletivos\adm\app\Services\Classificacao\ClassificacaoService.php(30): App\Services\Classificacao\ClassificacaoPersistService->salvar(28, 12, Array)
#8 C:\laragon\www\servicos\procseletivos\adm\app\Controllers\Classificacoes.php(90): App\Services\Classificacao\ClassificacaoService->reprocessar(28, 12)
#9 C:\laragon\www\servicos\procseletivos\adm\system\CodeIgniter.php(934): App\Controllers\Classificacoes->reprocessar('28', '12')
#10 C:\laragon\www\servicos\procseletivos\adm\system\CodeIgniter.php(499): CodeIgniter\CodeIgniter->runController(Object(App\Controllers\Classificacoes))
#11 C:\laragon\www\servicos\procseletivos\adm\system\CodeIgniter.php(368): CodeIgniter\CodeIgniter->handleRequest(NULL, Object(Config\Cache), false)
#12 C:\laragon\www\servicos\procseletivos\adm\index.php(67): CodeIgniter\CodeIgniter->run()
#13 {main}
ERROR - 2026-09-23 10:31:03 --> mysqli_sql_exception: Unknown column 'nr_total_pos_graduacao' in 'field list' in C:\laragon\www\servicos\procseletivos\adm\system\Database\MySQLi\Connection.php:295
Stack trace:
#0 C:\laragon\www\servicos\procseletivos\adm\system\Database\MySQLi\Connection.php(295): mysqli->query('INSERT INTO `tb...', 0)
#1 C:\laragon\www\servicos\procseletivos\adm\system\Database\BaseConnection.php(691): CodeIgniter\Database\MySQLi\Connection->execute('INSERT INTO `tb...')
#2 C:\laragon\www\servicos\procseletivos\adm\system\Database\BaseConnection.php(605): CodeIgniter\Database\BaseConnection->simpleQuery('INSERT INTO `tb...')
#3 C:\laragon\www\servicos\procseletivos\adm\system\Database\BaseBuilder.php(1787): CodeIgniter\Database\BaseConnection->query('INSERT INTO `tb...', NULL, false)
#4 C:\laragon\www\servicos\procseletivos\adm\system\Database\BaseBuilder.php(2178): CodeIgniter\Database\BaseBuilder->batchExecute('_insertBatch', 100)
#5 C:\laragon\www\servicos\procseletivos\adm\app\Services\Classificacao\ClassificacaoPersistService.php(72): CodeIgniter\Database\BaseBuilder->insertBatch(Array)
#6 C:\laragon\www\servicos\procseletivos\adm\app\Services\Classificacao\ClassificacaoPersistService.php(54): App\Services\Classificacao\ClassificacaoPersistService->salvarBatch(28, 12, Array)
#7 C:\laragon\www\servicos\procseletivos\adm\app\Services\Classificacao\ClassificacaoService.php(30): App\Services\Classificacao\ClassificacaoPersistService->salvar(28, 12, Array)
#8 C:\laragon\www\servicos\procseletivos\adm\app\Controllers\Classificacoes.php(90): App\Services\Classificacao\ClassificacaoService->reprocessar(28, 12)
#9 C:\laragon\www\servicos\procseletivos\adm\system\CodeIgniter.php(934): App\Controllers\Classificacoes->reprocessar('28', '12')
#10 C:\laragon\www\servicos\procseletivos\adm\system\CodeIgniter.php(499): CodeIgniter\CodeIgniter->runController(Object(App\Controllers\Classificacoes))
#11 C:\laragon\www\servicos\procseletivos\adm\system\CodeIgniter.php(368): CodeIgniter\CodeIgniter->handleRequest(NULL, Object(Config\Cache), false)
#12 C:\laragon\www\servicos\procseletivos\adm\index.php(67): CodeIgniter\CodeIgniter->run()
#13 {main}
ERROR - 2026-09-23 10:31:03 --> mysqli_sql_exception: Unknown column 'nr_total_pos_graduacao' in 'field list' in C:\laragon\www\servicos\procseletivos\adm\system\Database\MySQLi\Connection.php:295
Stack trace:
#0 C:\laragon\www\servicos\procseletivos\adm\system\Database\MySQLi\Connection.php(295): mysqli->query('INSERT INTO `tb...', 0)
#1 C:\laragon\www\servicos\procseletivos\adm\system\Database\BaseConnection.php(691): CodeIgniter\Database\MySQLi\Connection->execute('INSERT INTO `tb...')
#2 C:\laragon\www\servicos\procseletivos\adm\system\Database\BaseConnection.php(605): CodeIgniter\Database\BaseConnection->simpleQuery('INSERT INTO `tb...')
#3 C:\laragon\www\servicos\procseletivos\adm\system\Database\BaseBuilder.php(1787): CodeIgniter\Database\BaseConnection->query('INSERT INTO `tb...', NULL, false)
#4 C:\laragon\www\servicos\procseletivos\adm\system\Database\BaseBuilder.php(2178): CodeIgniter\Database\BaseBuilder->batchExecute('_insertBatch', 100)
#5 C:\laragon\www\servicos\procseletivos\adm\app\Services\Classificacao\ClassificacaoPersistService.php(72): CodeIgniter\Database\BaseBuilder->insertBatch(Array)
#6 C:\laragon\www\servicos\procseletivos\adm\app\Services\Classificacao\ClassificacaoPersistService.php(54): App\Services\Classificacao\ClassificacaoPersistService->salvarBatch(28, 12, Array)
#7 C:\laragon\www\servicos\procseletivos\adm\app\Services\Classificacao\ClassificacaoService.php(30): App\Services\Classificacao\ClassificacaoPersistService->salvar(28, 12, Array)
#8 C:\laragon\www\servicos\procseletivos\adm\app\Controllers\Classificacoes.php(90): App\Services\Classificacao\ClassificacaoService->reprocessar(28, 12)
#9 C:\laragon\www\servicos\procseletivos\adm\system\CodeIgniter.php(934): App\Controllers\Classificacoes->reprocessar('28', '12')
#10 C:\laragon\www\servicos\procseletivos\adm\system\CodeIgniter.php(499): CodeIgniter\CodeIgniter->runController(Object(App\Controllers\Classificacoes))
#11 C:\laragon\www\servicos\procseletivos\adm\system\CodeIgniter.php(368): CodeIgniter\CodeIgniter->handleRequest(NULL, Object(Config\Cache), false)
#12 C:\laragon\www\servicos\procseletivos\adm\index.php(67): CodeIgniter\CodeIgniter->run()
#13 {main}
ERROR - 2026-09-23 10:31:03 --> mysqli_sql_exception: Unknown column 'nr_total_pos_graduacao' in 'field list' in C:\laragon\www\servicos\procseletivos\adm\system\Database\MySQLi\Connection.php:295
Stack trace:
#0 C:\laragon\www\servicos\procseletivos\adm\system\Database\MySQLi\Connection.php(295): mysqli->query('INSERT INTO `tb...', 0)
#1 C:\laragon\www\servicos\procseletivos\adm\system\Database\BaseConnection.php(691): CodeIgniter\Database\MySQLi\Connection->execute('INSERT INTO `tb...')
#2 C:\laragon\www\servicos\procseletivos\adm\system\Database\BaseConnection.php(605): CodeIgniter\Database\BaseConnection->simpleQuery('INSERT INTO `tb...')
#3 C:\laragon\www\servicos\procseletivos\adm\system\Database\BaseBuilder.php(1787): CodeIgniter\Database\BaseConnection->query('INSERT INTO `tb...', NULL, false)
#4 C:\laragon\www\servicos\procseletivos\adm\system\Database\BaseBuilder.php(2178): CodeIgniter\Database\BaseBuilder->batchExecute('_insertBatch', 100)
#5 C:\laragon\www\servicos\procseletivos\adm\app\Services\Classificacao\ClassificacaoPersistService.php(72): CodeIgniter\Database\BaseBuilder->insertBatch(Array)
#6 C:\laragon\www\servicos\procseletivos\adm\app\Services\Classificacao\ClassificacaoPersistService.php(54): App\Services\Classificacao\ClassificacaoPersistService->salvarBatch(28, 12, Array)
#7 C:\laragon\www\servicos\procseletivos\adm\app\Services\Classificacao\ClassificacaoService.php(30): App\Services\Classificacao\ClassificacaoPersistService->salvar(28, 12, Array)
#8 C:\laragon\www\servicos\procseletivos\adm\app\Controllers\Classificacoes.php(90): App\Services\Classificacao\ClassificacaoService->reprocessar(28, 12)
#9 C:\laragon\www\servicos\procseletivos\adm\system\CodeIgniter.php(934): App\Controllers\Classificacoes->reprocessar('28', '12')
#10 C:\laragon\www\servicos\procseletivos\adm\system\CodeIgniter.php(499): CodeIgniter\CodeIgniter->runController(Object(App\Controllers\Classificacoes))
#11 C:\laragon\www\servicos\procseletivos\adm\system\CodeIgniter.php(368): CodeIgniter\CodeIgniter->handleRequest(NULL, Object(Config\Cache), false)
#12 C:\laragon\www\servicos\procseletivos\adm\index.php(67): CodeIgniter\CodeIgniter->run()
#13 {main}
ERROR - 2026-09-23 10:31:03 --> mysqli_sql_exception: Unknown column 'nr_total_pos_graduacao' in 'field list' in C:\laragon\www\servicos\procseletivos\adm\system\Database\MySQLi\Connection.php:295
Stack trace:
#0 C:\laragon\www\servicos\procseletivos\adm\system\Database\MySQLi\Connection.php(295): mysqli->query('INSERT INTO `tb...', 0)
#1 C:\laragon\www\servicos\procseletivos\adm\system\Database\BaseConnection.php(691): CodeIgniter\Database\MySQLi\Connection->execute('INSERT INTO `tb...')
#2 C:\laragon\www\servicos\procseletivos\adm\system\Database\BaseConnection.php(605): CodeIgniter\Database\BaseConnection->simpleQuery('INSERT INTO `tb...')
#3 C:\laragon\www\servicos\procseletivos\adm\system\Database\BaseBuilder.php(1787): CodeIgniter\Database\BaseConnection->query('INSERT INTO `tb...', NULL, false)
#4 C:\laragon\www\servicos\procseletivos\adm\system\Database\BaseBuilder.php(2178): CodeIgniter\Database\BaseBuilder->batchExecute('_insertBatch', 100)
#5 C:\laragon\www\servicos\procseletivos\adm\app\Services\Classificacao\ClassificacaoPersistService.php(72): CodeIgniter\Database\BaseBuilder->insertBatch(Array)
#6 C:\laragon\www\servicos\procseletivos\adm\app\Services\Classificacao\ClassificacaoPersistService.php(54): App\Services\Classificacao\ClassificacaoPersistService->salvarBatch(28, 12, Array)
#7 C:\laragon\www\servicos\procseletivos\adm\app\Services\Classificacao\ClassificacaoService.php(30): App\Services\Classificacao\ClassificacaoPersistService->salvar(28, 12, Array)
#8 C:\laragon\www\servicos\procseletivos\adm\app\Controllers\Classificacoes.php(90): App\Services\Classificacao\ClassificacaoService->reprocessar(28, 12)
#9 C:\laragon\www\servicos\procseletivos\adm\system\CodeIgniter.php(934): App\Controllers\Classificacoes->reprocessar('28', '12')
#10 C:\laragon\www\servicos\procseletivos\adm\system\CodeIgniter.php(499): CodeIgniter\CodeIgniter->runController(Object(App\Controllers\Classificacoes))
#11 C:\laragon\www\servicos\procseletivos\adm\system\CodeIgniter.php(368): CodeIgniter\CodeIgniter->handleRequest(NULL, Object(Config\Cache), false)
#12 C:\laragon\www\servicos\procseletivos\adm\index.php(67): CodeIgniter\CodeIgniter->run()
#13 {main}
ERROR - 2026-09-23 10:31:03 --> mysqli_sql_exception: Unknown column 'nr_total_pos_graduacao' in 'field list' in C:\laragon\www\servicos\procseletivos\adm\system\Database\MySQLi\Connection.php:295
Stack trace:
#0 C:\laragon\www\servicos\procseletivos\adm\system\Database\MySQLi\Connection.php(295): mysqli->query('INSERT INTO `tb...', 0)
#1 C:\laragon\www\servicos\procseletivos\adm\system\Database\BaseConnection.php(691): CodeIgniter\Database\MySQLi\Connection->execute('INSERT INTO `tb...')
#2 C:\laragon\www\servicos\procseletivos\adm\system\Database\BaseConnection.php(605): CodeIgniter\Database\BaseConnection->simpleQuery('INSERT INTO `tb...')
#3 C:\laragon\www\servicos\procseletivos\adm\system\Database\BaseBuilder.php(1787): CodeIgniter\Database\BaseConnection->query('INSERT INTO `tb...', NULL, false)
#4 C:\laragon\www\servicos\procseletivos\adm\system\Database\BaseBuilder.php(2178): CodeIgniter\Database\BaseBuilder->batchExecute('_insertBatch', 100)
#5 C:\laragon\www\servicos\procseletivos\adm\app\Services\Classificacao\ClassificacaoPersistService.php(72): CodeIgniter\Database\BaseBuilder->insertBatch(Array)
#6 C:\laragon\www\servicos\procseletivos\adm\app\Services\Classificacao\ClassificacaoPersistService.php(54): App\Services\Classificacao\ClassificacaoPersistService->salvarBatch(28, 12, Array)
#7 C:\laragon\www\servicos\procseletivos\adm\app\Services\Classificacao\ClassificacaoService.php(30): App\Services\Classificacao\ClassificacaoPersistService->salvar(28, 12, Array)
#8 C:\laragon\www\servicos\procseletivos\adm\app\Controllers\Classificacoes.php(90): App\Services\Classificacao\ClassificacaoService->reprocessar(28, 12)
#9 C:\laragon\www\servicos\procseletivos\adm\system\CodeIgniter.php(934): App\Controllers\Classificacoes->reprocessar('28', '12')
#10 C:\laragon\www\servicos\procseletivos\adm\system\CodeIgniter.php(499): CodeIgniter\CodeIgniter->runController(Object(App\Controllers\Classificacoes))
#11 C:\laragon\www\servicos\procseletivos\adm\system\CodeIgniter.php(368): CodeIgniter\CodeIgniter->handleRequest(NULL, Object(Config\Cache), false)
#12 C:\laragon\www\servicos\procseletivos\adm\index.php(67): CodeIgniter\CodeIgniter->run()
#13 {main}
ERROR - 2026-09-23 10:31:03 --> mysqli_sql_exception: Unknown column 'nr_total_pos_graduacao' in 'field list' in C:\laragon\www\servicos\procseletivos\adm\system\Database\MySQLi\Connection.php:295
Stack trace:
#0 C:\laragon\www\servicos\procseletivos\adm\system\Database\MySQLi\Connection.php(295): mysqli->query('INSERT INTO `tb...', 0)
#1 C:\laragon\www\servicos\procseletivos\adm\system\Database\BaseConnection.php(691): CodeIgniter\Database\MySQLi\Connection->execute('INSERT INTO `tb...')
#2 C:\laragon\www\servicos\procseletivos\adm\system\Database\BaseConnection.php(605): CodeIgniter\Database\BaseConnection->simpleQuery('INSERT INTO `tb...')
#3 C:\laragon\www\servicos\procseletivos\adm\system\Database\BaseBuilder.php(1787): CodeIgniter\Database\BaseConnection->query('INSERT INTO `tb...', NULL, false)
#4 C:\laragon\www\servicos\procseletivos\adm\system\Database\BaseBuilder.php(2178): CodeIgniter\Database\BaseBuilder->batchExecute('_insertBatch', 100)
#5 C:\laragon\www\servicos\procseletivos\adm\app\Services\Classificacao\ClassificacaoPersistService.php(72): CodeIgniter\Database\BaseBuilder->insertBatch(Array)
#6 C:\laragon\www\servicos\procseletivos\adm\app\Services\Classificacao\ClassificacaoPersistService.php(54): App\Services\Classificacao\ClassificacaoPersistService->salvarBatch(28, 12, Array)
#7 C:\laragon\www\servicos\procseletivos\adm\app\Services\Classificacao\ClassificacaoService.php(30): App\Services\Classificacao\ClassificacaoPersistService->salvar(28, 12, Array)
#8 C:\laragon\www\servicos\procseletivos\adm\app\Controllers\Classificacoes.php(90): App\Services\Classificacao\ClassificacaoService->reprocessar(28, 12)
#9 C:\laragon\www\servicos\procseletivos\adm\system\CodeIgniter.php(934): App\Controllers\Classificacoes->reprocessar('28', '12')
#10 C:\laragon\www\servicos\procseletivos\adm\system\CodeIgniter.php(499): CodeIgniter\CodeIgniter->runController(Object(App\Controllers\Classificacoes))
#11 C:\laragon\www\servicos\procseletivos\adm\system\CodeIgniter.php(368): CodeIgniter\CodeIgniter->handleRequest(NULL, Object(Config\Cache), false)
#12 C:\laragon\www\servicos\procseletivos\adm\index.php(67): CodeIgniter\CodeIgniter->run()
#13 {main}
ERROR - 2026-09-23 10:31:03 --> mysqli_sql_exception: Unknown column 'nr_total_pos_graduacao' in 'field list' in C:\laragon\www\servicos\procseletivos\adm\system\Database\MySQLi\Connection.php:295
Stack trace:
#0 C:\laragon\www\servicos\procseletivos\adm\system\Database\MySQLi\Connection.php(295): mysqli->query('INSERT INTO `tb...', 0)
#1 C:\laragon\www\servicos\procseletivos\adm\system\Database\BaseConnection.php(691): CodeIgniter\Database\MySQLi\Connection->execute('INSERT INTO `tb...')
#2 C:\laragon\www\servicos\procseletivos\adm\system\Database\BaseConnection.php(605): CodeIgniter\Database\BaseConnection->simpleQuery('INSERT INTO `tb...')
#3 C:\laragon\www\servicos\procseletivos\adm\system\Database\BaseBuilder.php(1787): CodeIgniter\Database\BaseConnection->query('INSERT INTO `tb...', NULL, false)
#4 C:\laragon\www\servicos\procseletivos\adm\system\Database\BaseBuilder.php(2178): CodeIgniter\Database\BaseBuilder->batchExecute('_insertBatch', 100)
#5 C:\laragon\www\servicos\procseletivos\adm\app\Services\Classificacao\ClassificacaoPersistService.php(72): CodeIgniter\Database\BaseBuilder->insertBatch(Array)
#6 C:\laragon\www\servicos\procseletivos\adm\app\Services\Classificacao\ClassificacaoPersistService.php(54): App\Services\Classificacao\ClassificacaoPersistService->salvarBatch(28, 12, Array)
#7 C:\laragon\www\servicos\procseletivos\adm\app\Services\Classificacao\ClassificacaoService.php(30): App\Services\Classificacao\ClassificacaoPersistService->salvar(28, 12, Array)
#8 C:\laragon\www\servicos\procseletivos\adm\app\Controllers\Classificacoes.php(90): App\Services\Classificacao\ClassificacaoService->reprocessar(28, 12)
#9 C:\laragon\www\servicos\procseletivos\adm\system\CodeIgniter.php(934): App\Controllers\Classificacoes->reprocessar('28', '12')
#10 C:\laragon\www\servicos\procseletivos\adm\system\CodeIgniter.php(499): CodeIgniter\CodeIgniter->runController(Object(App\Controllers\Classificacoes))
#11 C:\laragon\www\servicos\procseletivos\adm\system\CodeIgniter.php(368): CodeIgniter\CodeIgniter->handleRequest(NULL, Object(Config\Cache), false)
#12 C:\laragon\www\servicos\procseletivos\adm\index.php(67): CodeIgniter\CodeIgniter->run()
#13 {main}
ERROR - 2026-09-23 10:34:22 --> mysqli_sql_exception: Unknown column 'nr_total_pos_graduacao' in 'field list' in C:\laragon\www\servicos\procseletivos\adm\system\Database\MySQLi\Connection.php:295
Stack trace:
#0 C:\laragon\www\servicos\procseletivos\adm\system\Database\MySQLi\Connection.php(295): mysqli->query('INSERT INTO `tb...', 0)
#1 C:\laragon\www\servicos\procseletivos\adm\system\Database\BaseConnection.php(691): CodeIgniter\Database\MySQLi\Connection->execute('INSERT INTO `tb...')
#2 C:\laragon\www\servicos\procseletivos\adm\system\Database\BaseConnection.php(605): CodeIgniter\Database\BaseConnection->simpleQuery('INSERT INTO `tb...')
#3 C:\laragon\www\servicos\procseletivos\adm\system\Database\BaseBuilder.php(1787): CodeIgniter\Database\BaseConnection->query('INSERT INTO `tb...', NULL, false)
#4 C:\laragon\www\servicos\procseletivos\adm\system\Database\BaseBuilder.php(2178): CodeIgniter\Database\BaseBuilder->batchExecute('_insertBatch', 100)
#5 C:\laragon\www\servicos\procseletivos\adm\app\Services\Classificacao\ClassificacaoPersistService.php(72): CodeIgniter\Database\BaseBuilder->insertBatch(Array)
#6 C:\laragon\www\servicos\procseletivos\adm\app\Services\Classificacao\ClassificacaoPersistService.php(54): App\Services\Classificacao\ClassificacaoPersistService->salvarBatch(28, 12, Array)
#7 C:\laragon\www\servicos\procseletivos\adm\app\Services\Classificacao\ClassificacaoService.php(30): App\Services\Classificacao\ClassificacaoPersistService->salvar(28, 12, Array)
#8 C:\laragon\www\servicos\procseletivos\adm\app\Controllers\Classificacoes.php(90): App\Services\Classificacao\ClassificacaoService->reprocessar(28, 12)
#9 C:\laragon\www\servicos\procseletivos\adm\system\CodeIgniter.php(934): App\Controllers\Classificacoes->reprocessar('28', '12')
#10 C:\laragon\www\servicos\procseletivos\adm\system\CodeIgniter.php(499): CodeIgniter\CodeIgniter->runController(Object(App\Controllers\Classificacoes))
#11 C:\laragon\www\servicos\procseletivos\adm\system\CodeIgniter.php(368): CodeIgniter\CodeIgniter->handleRequest(NULL, Object(Config\Cache), false)
#12 C:\laragon\www\servicos\procseletivos\adm\index.php(67): CodeIgniter\CodeIgniter->run()
#13 {main}
ERROR - 2026-09-23 10:34:22 --> mysqli_sql_exception: Unknown column 'nr_total_pos_graduacao' in 'field list' in C:\laragon\www\servicos\procseletivos\adm\system\Database\MySQLi\Connection.php:295
Stack trace:
#0 C:\laragon\www\servicos\procseletivos\adm\system\Database\MySQLi\Connection.php(295): mysqli->query('INSERT INTO `tb...', 0)
#1 C:\laragon\www\servicos\procseletivos\adm\system\Database\BaseConnection.php(691): CodeIgniter\Database\MySQLi\Connection->execute('INSERT INTO `tb...')
#2 C:\laragon\www\servicos\procseletivos\adm\system\Database\BaseConnection.php(605): CodeIgniter\Database\BaseConnection->simpleQuery('INSERT INTO `tb...')
#3 C:\laragon\www\servicos\procseletivos\adm\system\Database\BaseBuilder.php(1787): CodeIgniter\Database\BaseConnection->query('INSERT INTO `tb...', NULL, false)
#4 C:\laragon\www\servicos\procseletivos\adm\system\Database\BaseBuilder.php(2178): CodeIgniter\Database\BaseBuilder->batchExecute('_insertBatch', 100)
#5 C:\laragon\www\servicos\procseletivos\adm\app\Services\Classificacao\ClassificacaoPersistService.php(72): CodeIgniter\Database\BaseBuilder->insertBatch(Array)
#6 C:\laragon\www\servicos\procseletivos\adm\app\Services\Classificacao\ClassificacaoPersistService.php(54): App\Services\Classificacao\ClassificacaoPersistService->salvarBatch(28, 12, Array)
#7 C:\laragon\www\servicos\procseletivos\adm\app\Services\Classificacao\ClassificacaoService.php(30): App\Services\Classificacao\ClassificacaoPersistService->salvar(28, 12, Array)
#8 C:\laragon\www\servicos\procseletivos\adm\app\Controllers\Classificacoes.php(90): App\Services\Classificacao\ClassificacaoService->reprocessar(28, 12)
#9 C:\laragon\www\servicos\procseletivos\adm\system\CodeIgniter.php(934): App\Controllers\Classificacoes->reprocessar('28', '12')
#10 C:\laragon\www\servicos\procseletivos\adm\system\CodeIgniter.php(499): CodeIgniter\CodeIgniter->runController(Object(App\Controllers\Classificacoes))
#11 C:\laragon\www\servicos\procseletivos\adm\system\CodeIgniter.php(368): CodeIgniter\CodeIgniter->handleRequest(NULL, Object(Config\Cache), false)
#12 C:\laragon\www\servicos\procseletivos\adm\index.php(67): CodeIgniter\CodeIgniter->run()
#13 {main}
ERROR - 2026-09-23 10:34:22 --> mysqli_sql_exception: Unknown column 'nr_total_pos_graduacao' in 'field list' in C:\laragon\www\servicos\procseletivos\adm\system\Database\MySQLi\Connection.php:295
Stack trace:
#0 C:\laragon\www\servicos\procseletivos\adm\system\Database\MySQLi\Connection.php(295): mysqli->query('INSERT INTO `tb...', 0)
#1 C:\laragon\www\servicos\procseletivos\adm\system\Database\BaseConnection.php(691): CodeIgniter\Database\MySQLi\Connection->execute('INSERT INTO `tb...')
#2 C:\laragon\www\servicos\procseletivos\adm\system\Database\BaseConnection.php(605): CodeIgniter\Database\BaseConnection->simpleQuery('INSERT INTO `tb...')
#3 C:\laragon\www\servicos\procseletivos\adm\system\Database\BaseBuilder.php(1787): CodeIgniter\Database\BaseConnection->query('INSERT INTO `tb...', NULL, false)
#4 C:\laragon\www\servicos\procseletivos\adm\system\Database\BaseBuilder.php(2178): CodeIgniter\Database\BaseBuilder->batchExecute('_insertBatch', 100)
#5 C:\laragon\www\servicos\procseletivos\adm\app\Services\Classificacao\ClassificacaoPersistService.php(72): CodeIgniter\Database\BaseBuilder->insertBatch(Array)
#6 C:\laragon\www\servicos\procseletivos\adm\app\Services\Classificacao\ClassificacaoPersistService.php(54): App\Services\Classificacao\ClassificacaoPersistService->salvarBatch(28, 12, Array)
#7 C:\laragon\www\servicos\procseletivos\adm\app\Services\Classificacao\ClassificacaoService.php(30): App\Services\Classificacao\ClassificacaoPersistService->salvar(28, 12, Array)
#8 C:\laragon\www\servicos\procseletivos\adm\app\Controllers\Classificacoes.php(90): App\Services\Classificacao\ClassificacaoService->reprocessar(28, 12)
#9 C:\laragon\www\servicos\procseletivos\adm\system\CodeIgniter.php(934): App\Controllers\Classificacoes->reprocessar('28', '12')
#10 C:\laragon\www\servicos\procseletivos\adm\system\CodeIgniter.php(499): CodeIgniter\CodeIgniter->runController(Object(App\Controllers\Classificacoes))
#11 C:\laragon\www\servicos\procseletivos\adm\system\CodeIgniter.php(368): CodeIgniter\CodeIgniter->handleRequest(NULL, Object(Config\Cache), false)
#12 C:\laragon\www\servicos\procseletivos\adm\index.php(67): CodeIgniter\CodeIgniter->run()
#13 {main}
ERROR - 2026-09-23 10:34:22 --> mysqli_sql_exception: Unknown column 'nr_total_pos_graduacao' in 'field list' in C:\laragon\www\servicos\procseletivos\adm\system\Database\MySQLi\Connection.php:295
Stack trace:
#0 C:\laragon\www\servicos\procseletivos\adm\system\Database\MySQLi\Connection.php(295): mysqli->query('INSERT INTO `tb...', 0)
#1 C:\laragon\www\servicos\procseletivos\adm\system\Database\BaseConnection.php(691): CodeIgniter\Database\MySQLi\Connection->execute('INSERT INTO `tb...')
#2 C:\laragon\www\servicos\procseletivos\adm\system\Database\BaseConnection.php(605): CodeIgniter\Database\BaseConnection->simpleQuery('INSERT INTO `tb...')
#3 C:\laragon\www\servicos\procseletivos\adm\system\Database\BaseBuilder.php(1787): CodeIgniter\Database\BaseConnection->query('INSERT INTO `tb...', NULL, false)
#4 C:\laragon\www\servicos\procseletivos\adm\system\Database\BaseBuilder.php(2178): CodeIgniter\Database\BaseBuilder->batchExecute('_insertBatch', 100)
#5 C:\laragon\www\servicos\procseletivos\adm\app\Services\Classificacao\ClassificacaoPersistService.php(72): CodeIgniter\Database\BaseBuilder->insertBatch(Array)
#6 C:\laragon\www\servicos\procseletivos\adm\app\Services\Classificacao\ClassificacaoPersistService.php(54): App\Services\Classificacao\ClassificacaoPersistService->salvarBatch(28, 12, Array)
#7 C:\laragon\www\servicos\procseletivos\adm\app\Services\Classificacao\ClassificacaoService.php(30): App\Services\Classificacao\ClassificacaoPersistService->salvar(28, 12, Array)
#8 C:\laragon\www\servicos\procseletivos\adm\app\Controllers\Classificacoes.php(90): App\Services\Classificacao\ClassificacaoService->reprocessar(28, 12)
#9 C:\laragon\www\servicos\procseletivos\adm\system\CodeIgniter.php(934): App\Controllers\Classificacoes->reprocessar('28', '12')
#10 C:\laragon\www\servicos\procseletivos\adm\system\CodeIgniter.php(499): CodeIgniter\CodeIgniter->runController(Object(App\Controllers\Classificacoes))
#11 C:\laragon\www\servicos\procseletivos\adm\system\CodeIgniter.php(368): CodeIgniter\CodeIgniter->handleRequest(NULL, Object(Config\Cache), false)
#12 C:\laragon\www\servicos\procseletivos\adm\index.php(67): CodeIgniter\CodeIgniter->run()
#13 {main}
ERROR - 2026-09-23 10:34:22 --> mysqli_sql_exception: Unknown column 'nr_total_pos_graduacao' in 'field list' in C:\laragon\www\servicos\procseletivos\adm\system\Database\MySQLi\Connection.php:295
Stack trace:
#0 C:\laragon\www\servicos\procseletivos\adm\system\Database\MySQLi\Connection.php(295): mysqli->query('INSERT INTO `tb...', 0)
#1 C:\laragon\www\servicos\procseletivos\adm\system\Database\BaseConnection.php(691): CodeIgniter\Database\MySQLi\Connection->execute('INSERT INTO `tb...')
#2 C:\laragon\www\servicos\procseletivos\adm\system\Database\BaseConnection.php(605): CodeIgniter\Database\BaseConnection->simpleQuery('INSERT INTO `tb...')
#3 C:\laragon\www\servicos\procseletivos\adm\system\Database\BaseBuilder.php(1787): CodeIgniter\Database\BaseConnection->query('INSERT INTO `tb...', NULL, false)
#4 C:\laragon\www\servicos\procseletivos\adm\system\Database\BaseBuilder.php(2178): CodeIgniter\Database\BaseBuilder->batchExecute('_insertBatch', 100)
#5 C:\laragon\www\servicos\procseletivos\adm\app\Services\Classificacao\ClassificacaoPersistService.php(72): CodeIgniter\Database\BaseBuilder->insertBatch(Array)
#6 C:\laragon\www\servicos\procseletivos\adm\app\Services\Classificacao\ClassificacaoPersistService.php(54): App\Services\Classificacao\ClassificacaoPersistService->salvarBatch(28, 12, Array)
#7 C:\laragon\www\servicos\procseletivos\adm\app\Services\Classificacao\ClassificacaoService.php(30): App\Services\Classificacao\ClassificacaoPersistService->salvar(28, 12, Array)
#8 C:\laragon\www\servicos\procseletivos\adm\app\Controllers\Classificacoes.php(90): App\Services\Classificacao\ClassificacaoService->reprocessar(28, 12)
#9 C:\laragon\www\servicos\procseletivos\adm\system\CodeIgniter.php(934): App\Controllers\Classificacoes->reprocessar('28', '12')
#10 C:\laragon\www\servicos\procseletivos\adm\system\CodeIgniter.php(499): CodeIgniter\CodeIgniter->runController(Object(App\Controllers\Classificacoes))
#11 C:\laragon\www\servicos\procseletivos\adm\system\CodeIgniter.php(368): CodeIgniter\CodeIgniter->handleRequest(NULL, Object(Config\Cache), false)
#12 C:\laragon\www\servicos\procseletivos\adm\index.php(67): CodeIgniter\CodeIgniter->run()
#13 {main}
ERROR - 2026-09-23 10:34:22 --> mysqli_sql_exception: Unknown column 'nr_total_pos_graduacao' in 'field list' in C:\laragon\www\servicos\procseletivos\adm\system\Database\MySQLi\Connection.php:295
Stack trace:
#0 C:\laragon\www\servicos\procseletivos\adm\system\Database\MySQLi\Connection.php(295): mysqli->query('INSERT INTO `tb...', 0)
#1 C:\laragon\www\servicos\procseletivos\adm\system\Database\BaseConnection.php(691): CodeIgniter\Database\MySQLi\Connection->execute('INSERT INTO `tb...')
#2 C:\laragon\www\servicos\procseletivos\adm\system\Database\BaseConnection.php(605): CodeIgniter\Database\BaseConnection->simpleQuery('INSERT INTO `tb...')
#3 C:\laragon\www\servicos\procseletivos\adm\system\Database\BaseBuilder.php(1787): CodeIgniter\Database\BaseConnection->query('INSERT INTO `tb...', NULL, false)
#4 C:\laragon\www\servicos\procseletivos\adm\system\Database\BaseBuilder.php(2178): CodeIgniter\Database\BaseBuilder->batchExecute('_insertBatch', 100)
#5 C:\laragon\www\servicos\procseletivos\adm\app\Services\Classificacao\ClassificacaoPersistService.php(72): CodeIgniter\Database\BaseBuilder->insertBatch(Array)
#6 C:\laragon\www\servicos\procseletivos\adm\app\Services\Classificacao\ClassificacaoPersistService.php(54): App\Services\Classificacao\ClassificacaoPersistService->salvarBatch(28, 12, Array)
#7 C:\laragon\www\servicos\procseletivos\adm\app\Services\Classificacao\ClassificacaoService.php(30): App\Services\Classificacao\ClassificacaoPersistService->salvar(28, 12, Array)
#8 C:\laragon\www\servicos\procseletivos\adm\app\Controllers\Classificacoes.php(90): App\Services\Classificacao\ClassificacaoService->reprocessar(28, 12)
#9 C:\laragon\www\servicos\procseletivos\adm\system\CodeIgniter.php(934): App\Controllers\Classificacoes->reprocessar('28', '12')
#10 C:\laragon\www\servicos\procseletivos\adm\system\CodeIgniter.php(499): CodeIgniter\CodeIgniter->runController(Object(App\Controllers\Classificacoes))
#11 C:\laragon\www\servicos\procseletivos\adm\system\CodeIgniter.php(368): CodeIgniter\CodeIgniter->handleRequest(NULL, Object(Config\Cache), false)
#12 C:\laragon\www\servicos\procseletivos\adm\index.php(67): CodeIgniter\CodeIgniter->run()
#13 {main}
ERROR - 2026-09-23 10:34:22 --> mysqli_sql_exception: Unknown column 'nr_total_pos_graduacao' in 'field list' in C:\laragon\www\servicos\procseletivos\adm\system\Database\MySQLi\Connection.php:295
Stack trace:
#0 C:\laragon\www\servicos\procseletivos\adm\system\Database\MySQLi\Connection.php(295): mysqli->query('INSERT INTO `tb...', 0)
#1 C:\laragon\www\servicos\procseletivos\adm\system\Database\BaseConnection.php(691): CodeIgniter\Database\MySQLi\Connection->execute('INSERT INTO `tb...')
#2 C:\laragon\www\servicos\procseletivos\adm\system\Database\BaseConnection.php(605): CodeIgniter\Database\BaseConnection->simpleQuery('INSERT INTO `tb...')
#3 C:\laragon\www\servicos\procseletivos\adm\system\Database\BaseBuilder.php(1787): CodeIgniter\Database\BaseConnection->query('INSERT INTO `tb...', NULL, false)
#4 C:\laragon\www\servicos\procseletivos\adm\system\Database\BaseBuilder.php(2178): CodeIgniter\Database\BaseBuilder->batchExecute('_insertBatch', 100)
#5 C:\laragon\www\servicos\procseletivos\adm\app\Services\Classificacao\ClassificacaoPersistService.php(72): CodeIgniter\Database\BaseBuilder->insertBatch(Array)
#6 C:\laragon\www\servicos\procseletivos\adm\app\Services\Classificacao\ClassificacaoPersistService.php(54): App\Services\Classificacao\ClassificacaoPersistService->salvarBatch(28, 12, Array)
#7 C:\laragon\www\servicos\procseletivos\adm\app\Services\Classificacao\ClassificacaoService.php(30): App\Services\Classificacao\ClassificacaoPersistService->salvar(28, 12, Array)
#8 C:\laragon\www\servicos\procseletivos\adm\app\Controllers\Classificacoes.php(90): App\Services\Classificacao\ClassificacaoService->reprocessar(28, 12)
#9 C:\laragon\www\servicos\procseletivos\adm\system\CodeIgniter.php(934): App\Controllers\Classificacoes->reprocessar('28', '12')
#10 C:\laragon\www\servicos\procseletivos\adm\system\CodeIgniter.php(499): CodeIgniter\CodeIgniter->runController(Object(App\Controllers\Classificacoes))
#11 C:\laragon\www\servicos\procseletivos\adm\system\CodeIgniter.php(368): CodeIgniter\CodeIgniter->handleRequest(NULL, Object(Config\Cache), false)
#12 C:\laragon\www\servicos\procseletivos\adm\index.php(67): CodeIgniter\CodeIgniter->run()
#13 {main}
ERROR - 2026-09-23 10:34:22 --> mysqli_sql_exception: Unknown column 'nr_total_pos_graduacao' in 'field list' in C:\laragon\www\servicos\procseletivos\adm\system\Database\MySQLi\Connection.php:295
Stack trace:
#0 C:\laragon\www\servicos\procseletivos\adm\system\Database\MySQLi\Connection.php(295): mysqli->query('INSERT INTO `tb...', 0)
#1 C:\laragon\www\servicos\procseletivos\adm\system\Database\BaseConnection.php(691): CodeIgniter\Database\MySQLi\Connection->execute('INSERT INTO `tb...')
#2 C:\laragon\www\servicos\procseletivos\adm\system\Database\BaseConnection.php(605): CodeIgniter\Database\BaseConnection->simpleQuery('INSERT INTO `tb...')
#3 C:\laragon\www\servicos\procseletivos\adm\system\Database\BaseBuilder.php(1787): CodeIgniter\Database\BaseConnection->query('INSERT INTO `tb...', NULL, false)
#4 C:\laragon\www\servicos\procseletivos\adm\system\Database\BaseBuilder.php(2178): CodeIgniter\Database\BaseBuilder->batchExecute('_insertBatch', 100)
#5 C:\laragon\www\servicos\procseletivos\adm\app\Services\Classificacao\ClassificacaoPersistService.php(72): CodeIgniter\Database\BaseBuilder->insertBatch(Array)
#6 C:\laragon\www\servicos\procseletivos\adm\app\Services\Classificacao\ClassificacaoPersistService.php(54): App\Services\Classificacao\ClassificacaoPersistService->salvarBatch(28, 12, Array)
#7 C:\laragon\www\servicos\procseletivos\adm\app\Services\Classificacao\ClassificacaoService.php(30): App\Services\Classificacao\ClassificacaoPersistService->salvar(28, 12, Array)
#8 C:\laragon\www\servicos\procseletivos\adm\app\Controllers\Classificacoes.php(90): App\Services\Classificacao\ClassificacaoService->reprocessar(28, 12)
#9 C:\laragon\www\servicos\procseletivos\adm\system\CodeIgniter.php(934): App\Controllers\Classificacoes->reprocessar('28', '12')
#10 C:\laragon\www\servicos\procseletivos\adm\system\CodeIgniter.php(499): CodeIgniter\CodeIgniter->runController(Object(App\Controllers\Classificacoes))
#11 C:\laragon\www\servicos\procseletivos\adm\system\CodeIgniter.php(368): CodeIgniter\CodeIgniter->handleRequest(NULL, Object(Config\Cache), false)
#12 C:\laragon\www\servicos\procseletivos\adm\index.php(67): CodeIgniter\CodeIgniter->run()
#13 {main}
ERROR - 2026-09-23 10:34:22 --> mysqli_sql_exception: Unknown column 'nr_total_pos_graduacao' in 'field list' in C:\laragon\www\servicos\procseletivos\adm\system\Database\MySQLi\Connection.php:295
Stack trace:
#0 C:\laragon\www\servicos\procseletivos\adm\system\Database\MySQLi\Connection.php(295): mysqli->query('INSERT INTO `tb...', 0)
#1 C:\laragon\www\servicos\procseletivos\adm\system\Database\BaseConnection.php(691): CodeIgniter\Database\MySQLi\Connection->execute('INSERT INTO `tb...')
#2 C:\laragon\www\servicos\procseletivos\adm\system\Database\BaseConnection.php(605): CodeIgniter\Database\BaseConnection->simpleQuery('INSERT INTO `tb...')
#3 C:\laragon\www\servicos\procseletivos\adm\system\Database\BaseBuilder.php(1787): CodeIgniter\Database\BaseConnection->query('INSERT INTO `tb...', NULL, false)
#4 C:\laragon\www\servicos\procseletivos\adm\system\Database\BaseBuilder.php(2178): CodeIgniter\Database\BaseBuilder->batchExecute('_insertBatch', 100)
#5 C:\laragon\www\servicos\procseletivos\adm\app\Services\Classificacao\ClassificacaoPersistService.php(72): CodeIgniter\Database\BaseBuilder->insertBatch(Array)
#6 C:\laragon\www\servicos\procseletivos\adm\app\Services\Classificacao\ClassificacaoPersistService.php(54): App\Services\Classificacao\ClassificacaoPersistService->salvarBatch(28, 12, Array)
#7 C:\laragon\www\servicos\procseletivos\adm\app\Services\Classificacao\ClassificacaoService.php(30): App\Services\Classificacao\ClassificacaoPersistService->salvar(28, 12, Array)
#8 C:\laragon\www\servicos\procseletivos\adm\app\Controllers\Classificacoes.php(90): App\Services\Classificacao\ClassificacaoService->reprocessar(28, 12)
#9 C:\laragon\www\servicos\procseletivos\adm\system\CodeIgniter.php(934): App\Controllers\Classificacoes->reprocessar('28', '12')
#10 C:\laragon\www\servicos\procseletivos\adm\system\CodeIgniter.php(499): CodeIgniter\CodeIgniter->runController(Object(App\Controllers\Classificacoes))
#11 C:\laragon\www\servicos\procseletivos\adm\system\CodeIgniter.php(368): CodeIgniter\CodeIgniter->handleRequest(NULL, Object(Config\Cache), false)
#12 C:\laragon\www\servicos\procseletivos\adm\index.php(67): CodeIgniter\CodeIgniter->run()
#13 {main}
