CRITICAL - 2026-08-20 08:09:23 --> Uncaught CodeIgniter\Exceptions\PageNotFoundException: Can't find a route for 'get: external/img/bg-login.jpg'. in C:\laragon\www\servicos\procseletivos\adm\system\CodeIgniter.php:993
Stack trace:
#0 C:\laragon\www\servicos\procseletivos\adm\system\CodeIgniter.php(993): CodeIgniter\Exceptions\PageNotFoundException::forPageNotFound('Can't find a ro...')
#1 C:\laragon\www\servicos\procseletivos\adm\system\CodeIgniter.php(387): CodeIgniter\CodeIgniter->display404errors(Object(CodeIgniter\Exceptions\PageNotFoundException))
#2 C:\laragon\www\servicos\procseletivos\adm\index.php(67): CodeIgniter\CodeIgniter->run()
#3 {main}
  thrown
in SYSTEMPATH\CodeIgniter.php on line 993.
 1 [internal function]: CodeIgniter\Debug\Exceptions->shutdownHandler()
CRITICAL - 2026-08-20 08:09:23 --> Uncaught CodeIgniter\Exceptions\PageNotFoundException: Can't find a route for 'get: external/img/materiais.png'. in C:\laragon\www\servicos\procseletivos\adm\system\CodeIgniter.php:993
Stack trace:
#0 C:\laragon\www\servicos\procseletivos\adm\system\CodeIgniter.php(993): CodeIgniter\Exceptions\PageNotFoundException::forPageNotFound('Can't find a ro...')
#1 C:\laragon\www\servicos\procseletivos\adm\system\CodeIgniter.php(387): CodeIgniter\CodeIgniter->display404errors(Object(CodeIgniter\Exceptions\PageNotFoundException))
#2 C:\laragon\www\servicos\procseletivos\adm\index.php(67): CodeIgniter\CodeIgniter->run()
#3 {main}
  thrown
in SYSTEMPATH\CodeIgniter.php on line 993.
 1 [internal function]: CodeIgniter\Debug\Exceptions->shutdownHandler()
CRITICAL - 2026-08-20 08:09:41 --> Uncaught CodeIgniter\Exceptions\PageNotFoundException: Método do Controller não foi encontrado: formularioCargosExperiencia in C:\laragon\www\servicos\procseletivos\adm\system\CodeIgniter.php:993
Stack trace:
#0 C:\laragon\www\servicos\procseletivos\adm\system\CodeIgniter.php(993): CodeIgniter\Exceptions\PageNotFoundException::forPageNotFound('M\xC3\xA9todo do Cont...')
#1 C:\laragon\www\servicos\procseletivos\adm\system\CodeIgniter.php(387): CodeIgniter\CodeIgniter->display404errors(Object(CodeIgniter\Exceptions\PageNotFoundException))
#2 C:\laragon\www\servicos\procseletivos\adm\index.php(67): CodeIgniter\CodeIgniter->run()
#3 {main}
  thrown
in SYSTEMPATH\CodeIgniter.php on line 993.
 1 [internal function]: CodeIgniter\Debug\Exceptions->shutdownHandler()
CRITICAL - 2026-08-20 08:20:47 --> Uncaught Error: Class "App\Controllers\ExperienciasModel" not found in C:\laragon\www\servicos\procseletivos\adm\app\Controllers\CargosExperiencias.php:34
Stack trace:
#0 C:\laragon\www\servicos\procseletivos\adm\system\CodeIgniter.php(934): App\Controllers\CargosExperiencias->formularioCargosExperiencia('17')
#1 C:\laragon\www\servicos\procseletivos\adm\system\CodeIgniter.php(499): CodeIgniter\CodeIgniter->runController(Object(App\Controllers\CargosExperiencias))
#2 C:\laragon\www\servicos\procseletivos\adm\system\CodeIgniter.php(368): CodeIgniter\CodeIgniter->handleRequest(NULL, Object(Config\Cache), false)
#3 C:\laragon\www\servicos\procseletivos\adm\index.php(67): CodeIgniter\CodeIgniter->run()
#4 {main}
  thrown
in APPPATH\Controllers\CargosExperiencias.php on line 34.
 1 [internal function]: CodeIgniter\Debug\Exceptions->shutdownHandler()
CRITICAL - 2026-08-20 08:21:36 --> Uncaught Error: Class "App\Controllers\CargosExperienciasModel" not found in C:\laragon\www\servicos\procseletivos\adm\app\Controllers\CargosExperiencias.php:38
Stack trace:
#0 C:\laragon\www\servicos\procseletivos\adm\system\CodeIgniter.php(934): App\Controllers\CargosExperiencias->formularioCargosExperiencia('17')
#1 C:\laragon\www\servicos\procseletivos\adm\system\CodeIgniter.php(499): CodeIgniter\CodeIgniter->runController(Object(App\Controllers\CargosExperiencias))
#2 C:\laragon\www\servicos\procseletivos\adm\system\CodeIgniter.php(368): CodeIgniter\CodeIgniter->handleRequest(NULL, Object(Config\Cache), false)
#3 C:\laragon\www\servicos\procseletivos\adm\index.php(67): CodeIgniter\CodeIgniter->run()
#4 {main}
  thrown
in APPPATH\Controllers\CargosExperiencias.php on line 38.
 1 [internal function]: CodeIgniter\Debug\Exceptions->shutdownHandler()
CRITICAL - 2026-08-20 09:43:51 --> Uncaught CodeIgniter\Exceptions\PageNotFoundException: Can't find a route for 'get: CargosEscolaridadees/formularioEscolaridade/17'. in C:\laragon\www\servicos\procseletivos\adm\system\CodeIgniter.php:993
Stack trace:
#0 C:\laragon\www\servicos\procseletivos\adm\system\CodeIgniter.php(993): CodeIgniter\Exceptions\PageNotFoundException::forPageNotFound('Can't find a ro...')
#1 C:\laragon\www\servicos\procseletivos\adm\system\CodeIgniter.php(387): CodeIgniter\CodeIgniter->display404errors(Object(CodeIgniter\Exceptions\PageNotFoundException))
#2 C:\laragon\www\servicos\procseletivos\adm\index.php(67): CodeIgniter\CodeIgniter->run()
#3 {main}
  thrown
in SYSTEMPATH\CodeIgniter.php on line 993.
 1 [internal function]: CodeIgniter\Debug\Exceptions->shutdownHandler()
CRITICAL - 2026-08-20 09:44:19 --> Uncaught CodeIgniter\Exceptions\PageNotFoundException: Can't find a route for 'get: CargosEscolaridades/formularioEscolaridade/17'. in C:\laragon\www\servicos\procseletivos\adm\system\CodeIgniter.php:993
Stack trace:
#0 C:\laragon\www\servicos\procseletivos\adm\system\CodeIgniter.php(993): CodeIgniter\Exceptions\PageNotFoundException::forPageNotFound('Can't find a ro...')
#1 C:\laragon\www\servicos\procseletivos\adm\system\CodeIgniter.php(387): CodeIgniter\CodeIgniter->display404errors(Object(CodeIgniter\Exceptions\PageNotFoundException))
#2 C:\laragon\www\servicos\procseletivos\adm\index.php(67): CodeIgniter\CodeIgniter->run()
#3 {main}
  thrown
in SYSTEMPATH\CodeIgniter.php on line 993.
 1 [internal function]: CodeIgniter\Debug\Exceptions->shutdownHandler()
CRITICAL - 2026-08-20 09:46:13 --> Uncaught CodeIgniter\Exceptions\PageNotFoundException: Can't find a route for 'get: CargosEscolaridades/formularioEscolaridade/17'. in C:\laragon\www\servicos\procseletivos\adm\system\CodeIgniter.php:993
Stack trace:
#0 C:\laragon\www\servicos\procseletivos\adm\system\CodeIgniter.php(993): CodeIgniter\Exceptions\PageNotFoundException::forPageNotFound('Can't find a ro...')
#1 C:\laragon\www\servicos\procseletivos\adm\system\CodeIgniter.php(387): CodeIgniter\CodeIgniter->display404errors(Object(CodeIgniter\Exceptions\PageNotFoundException))
#2 C:\laragon\www\servicos\procseletivos\adm\index.php(67): CodeIgniter\CodeIgniter->run()
#3 {main}
  thrown
in SYSTEMPATH\CodeIgniter.php on line 993.
 1 [internal function]: CodeIgniter\Debug\Exceptions->shutdownHandler()
CRITICAL - 2026-08-20 09:46:19 --> Uncaught CodeIgniter\Exceptions\PageNotFoundException: Can't find a route for 'get: CargosEscolaridades/formularioEscolaridade/17'. in C:\laragon\www\servicos\procseletivos\adm\system\CodeIgniter.php:993
Stack trace:
#0 C:\laragon\www\servicos\procseletivos\adm\system\CodeIgniter.php(993): CodeIgniter\Exceptions\PageNotFoundException::forPageNotFound('Can't find a ro...')
#1 C:\laragon\www\servicos\procseletivos\adm\system\CodeIgniter.php(387): CodeIgniter\CodeIgniter->display404errors(Object(CodeIgniter\Exceptions\PageNotFoundException))
#2 C:\laragon\www\servicos\procseletivos\adm\index.php(67): CodeIgniter\CodeIgniter->run()
#3 {main}
  thrown
in SYSTEMPATH\CodeIgniter.php on line 993.
 1 [internal function]: CodeIgniter\Debug\Exceptions->shutdownHandler()
CRITICAL - 2026-08-20 10:06:31 --> Uncaught CodeIgniter\Exceptions\PageNotFoundException: Can't find a route for 'get: CargosEscolaridades/formularioEscolaridade/17'. in C:\laragon\www\servicos\procseletivos\adm\system\CodeIgniter.php:993
Stack trace:
#0 C:\laragon\www\servicos\procseletivos\adm\system\CodeIgniter.php(993): CodeIgniter\Exceptions\PageNotFoundException::forPageNotFound('Can't find a ro...')
#1 C:\laragon\www\servicos\procseletivos\adm\system\CodeIgniter.php(387): CodeIgniter\CodeIgniter->display404errors(Object(CodeIgniter\Exceptions\PageNotFoundException))
#2 C:\laragon\www\servicos\procseletivos\adm\index.php(67): CodeIgniter\CodeIgniter->run()
#3 {main}
  thrown
in SYSTEMPATH\CodeIgniter.php on line 993.
 1 [internal function]: CodeIgniter\Debug\Exceptions->shutdownHandler()
CRITICAL - 2026-08-20 10:06:43 --> Uncaught CodeIgniter\Exceptions\PageNotFoundException: Can't find a route for 'get: CargosEscolaridades/formularioEscolaridade/17'. in C:\laragon\www\servicos\procseletivos\adm\system\CodeIgniter.php:993
Stack trace:
#0 C:\laragon\www\servicos\procseletivos\adm\system\CodeIgniter.php(993): CodeIgniter\Exceptions\PageNotFoundException::forPageNotFound('Can't find a ro...')
#1 C:\laragon\www\servicos\procseletivos\adm\system\CodeIgniter.php(387): CodeIgniter\CodeIgniter->display404errors(Object(CodeIgniter\Exceptions\PageNotFoundException))
#2 C:\laragon\www\servicos\procseletivos\adm\index.php(67): CodeIgniter\CodeIgniter->run()
#3 {main}
  thrown
in SYSTEMPATH\CodeIgniter.php on line 993.
 1 [internal function]: CodeIgniter\Debug\Exceptions->shutdownHandler()
CRITICAL - 2026-08-20 10:09:14 --> Uncaught BadMethodCallException: Call to undefined method App\Models\EscolaridadesModel::listarEscolaridadesOrdenadas in C:\laragon\www\servicos\procseletivos\adm\system\Model.php:841
Stack trace:
#0 C:\laragon\www\servicos\procseletivos\adm\app\Controllers\CargosEscolaridades.php(40): CodeIgniter\Model->__call('listarEscolarid...', Array)
#1 C:\laragon\www\servicos\procseletivos\adm\system\CodeIgniter.php(934): App\Controllers\CargosEscolaridades->formularioCargosEscolaridade('17')
#2 C:\laragon\www\servicos\procseletivos\adm\system\CodeIgniter.php(499): CodeIgniter\CodeIgniter->runController(Object(App\Controllers\CargosEscolaridades))
#3 C:\laragon\www\servicos\procseletivos\adm\system\CodeIgniter.php(368): CodeIgniter\CodeIgniter->handleRequest(NULL, Object(Config\Cache), false)
#4 C:\laragon\www\servicos\procseletivos\adm\index.php(67): CodeIgniter\CodeIgniter->run()
#5 {main}
  thrown
in SYSTEMPATH\Model.php on line 841.
 1 [internal function]: CodeIgniter\Debug\Exceptions->shutdownHandler()
CRITICAL - 2026-08-20 10:13:53 --> Uncaught BadMethodCallException: Call to undefined method App\Models\EscolaridadesModel::listarEscolaridadesOrdenadas in C:\laragon\www\servicos\procseletivos\adm\system\Model.php:841
Stack trace:
#0 C:\laragon\www\servicos\procseletivos\adm\app\Controllers\CargosEscolaridades.php(40): CodeIgniter\Model->__call('listarEscolarid...', Array)
#1 C:\laragon\www\servicos\procseletivos\adm\system\CodeIgniter.php(934): App\Controllers\CargosEscolaridades->formularioCargosEscolaridade('17')
#2 C:\laragon\www\servicos\procseletivos\adm\system\CodeIgniter.php(499): CodeIgniter\CodeIgniter->runController(Object(App\Controllers\CargosEscolaridades))
#3 C:\laragon\www\servicos\procseletivos\adm\system\CodeIgniter.php(368): CodeIgniter\CodeIgniter->handleRequest(NULL, Object(Config\Cache), false)
#4 C:\laragon\www\servicos\procseletivos\adm\index.php(67): CodeIgniter\CodeIgniter->run()
#5 {main}
  thrown
in SYSTEMPATH\Model.php on line 841.
 1 [internal function]: CodeIgniter\Debug\Exceptions->shutdownHandler()
CRITICAL - 2026-08-20 10:15:35 --> Uncaught BadMethodCallException: Call to undefined method App\Models\EscolaridadesModel::listarEscolaridadesOrdenadas in C:\laragon\www\servicos\procseletivos\adm\system\Model.php:841
Stack trace:
#0 C:\laragon\www\servicos\procseletivos\adm\app\Controllers\CargosEscolaridades.php(40): CodeIgniter\Model->__call('listarEscolarid...', Array)
#1 C:\laragon\www\servicos\procseletivos\adm\system\CodeIgniter.php(934): App\Controllers\CargosEscolaridades->formularioCargosEscolaridade('17')
#2 C:\laragon\www\servicos\procseletivos\adm\system\CodeIgniter.php(499): CodeIgniter\CodeIgniter->runController(Object(App\Controllers\CargosEscolaridades))
#3 C:\laragon\www\servicos\procseletivos\adm\system\CodeIgniter.php(368): CodeIgniter\CodeIgniter->handleRequest(NULL, Object(Config\Cache), false)
#4 C:\laragon\www\servicos\procseletivos\adm\index.php(67): CodeIgniter\CodeIgniter->run()
#5 {main}
  thrown
in SYSTEMPATH\Model.php on line 841.
 1 [internal function]: CodeIgniter\Debug\Exceptions->shutdownHandler()
ERROR - 2026-08-20 10:20:57 --> mysqli_sql_exception: Table 'bd_processos_seletivos_administracao.tb_cargos_escolaridades' doesn't exist in C:\laragon\www\servicos\procseletivos\adm\system\Database\MySQLi\Connection.php:295
Stack trace:
#0 C:\laragon\www\servicos\procseletivos\adm\system\Database\MySQLi\Connection.php(295): mysqli->query('SELECT *\nFROM `...', 0)
#1 C:\laragon\www\servicos\procseletivos\adm\system\Database\BaseConnection.php(691): CodeIgniter\Database\MySQLi\Connection->execute('SELECT *\nFROM `...')
#2 C:\laragon\www\servicos\procseletivos\adm\system\Database\BaseConnection.php(605): CodeIgniter\Database\BaseConnection->simpleQuery('SELECT *\nFROM `...')
#3 C:\laragon\www\servicos\procseletivos\adm\system\Database\BaseBuilder.php(1602): CodeIgniter\Database\BaseConnection->query('SELECT *\nFROM `...', Array, false)
#4 C:\laragon\www\servicos\procseletivos\adm\system\Model.php(267): CodeIgniter\Database\BaseBuilder->get()
#5 C:\laragon\www\servicos\procseletivos\adm\system\BaseModel.php(656): CodeIgniter\Model->doFirst()
#6 C:\laragon\www\servicos\procseletivos\adm\app\Controllers\CargosEscolaridades.php(45): CodeIgniter\BaseModel->first()
#7 C:\laragon\www\servicos\procseletivos\adm\system\CodeIgniter.php(934): App\Controllers\CargosEscolaridades->formularioCargosEscolaridade('17')
#8 C:\laragon\www\servicos\procseletivos\adm\system\CodeIgniter.php(499): CodeIgniter\CodeIgniter->runController(Object(App\Controllers\CargosEscolaridades))
#9 C:\laragon\www\servicos\procseletivos\adm\system\CodeIgniter.php(368): CodeIgniter\CodeIgniter->handleRequest(NULL, Object(Config\Cache), false)
#10 C:\laragon\www\servicos\procseletivos\adm\index.php(67): CodeIgniter\CodeIgniter->run()
#11 {main}
CRITICAL - 2026-08-20 10:20:57 --> Uncaught mysqli_sql_exception: Table 'bd_processos_seletivos_administracao.tb_cargos_escolaridades' doesn't exist in C:\laragon\www\servicos\procseletivos\adm\system\Database\MySQLi\Connection.php:295
Stack trace:
#0 C:\laragon\www\servicos\procseletivos\adm\system\Database\MySQLi\Connection.php(295): mysqli->query('SELECT *\nFROM `...', 0)
#1 C:\laragon\www\servicos\procseletivos\adm\system\Database\BaseConnection.php(691): CodeIgniter\Database\MySQLi\Connection->execute('SELECT *\nFROM `...')
#2 C:\laragon\www\servicos\procseletivos\adm\system\Database\BaseConnection.php(605): CodeIgniter\Database\BaseConnection->simpleQuery('SELECT *\nFROM `...')
#3 C:\laragon\www\servicos\procseletivos\adm\system\Database\BaseBuilder.php(1602): CodeIgniter\Database\BaseConnection->query('SELECT *\nFROM `...', Array, false)
#4 C:\laragon\www\servicos\procseletivos\adm\system\Model.php(267): CodeIgniter\Database\BaseBuilder->get()
#5 C:\laragon\www\servicos\procseletivos\adm\system\BaseModel.php(656): CodeIgniter\Model->doFirst()
#6 C:\laragon\www\servicos\procseletivos\adm\app\Controllers\CargosEscolaridades.php(45): CodeIgniter\BaseModel->first()
#7 C:\laragon\www\servicos\procseletivos\adm\system\CodeIgniter.php(934): App\Controllers\CargosEscolaridades->formularioCargosEscolaridade('17')
#8 C:\laragon\www\servicos\procseletivos\adm\system\CodeIgniter.php(499): CodeIgniter\CodeIgniter->runController(Object(App\Controllers\CargosEscolaridades))
#9 C:\laragon\www\servicos\procseletivos\adm\system\CodeIgniter.php(368): CodeIgniter\CodeIgniter->handleRequest(NULL, Object(Config\Cache), false)
#10 C:\laragon\www\servicos\procseletivos\adm\index.php(67): CodeIgniter\CodeIgniter->run()
#11 {main}

Next CodeIgniter\Database\Exceptions\DatabaseException: Table 'bd_processos_seletivos_administracao.tb_cargos_escolaridades' doesn't exist in C:\laragon\www\servicos\procseletivos\adm\system\Database\MySQLi\Connection.php:300
Stack trace:
#0 C:\laragon\www\servicos\procseletivos\adm\system\Database\BaseConnection.php(691): CodeIgniter\Database\MySQLi\Connection->execute('SELECT *\nFROM `...')
#1 C:\laragon\www\servicos\procseletivos\adm\system\Database\BaseConnection.php(605): CodeIgniter\Database\BaseConnection->simpleQuery('SELECT *\nFROM `...')
#2 C:\laragon\www\servicos\procseletivos\adm\system\Database\BaseBuilder.php(1602): CodeIgniter\Database\BaseConnection->query('SELECT *\nFROM `...', Array, false)
#3 C:\laragon\www\servicos\procseletivos\adm\system\Model.php(267): CodeIgniter\Database\BaseBuilder->get()
#4 C:\laragon\www\servicos\procseletivos\adm\system\BaseModel.php(656): CodeIgniter\Model->doFirst()
#5 C:\laragon\www\servicos\procseletivos\adm\app\Controllers\CargosEscolaridades.php(45): CodeIgniter\BaseModel->first()
#6 C:\laragon\www\servicos\procseletivos\adm\system\CodeIgniter.php(934): App\Controllers\CargosEscolaridades->formularioCargosEscolaridade('17')
#7 C:\laragon\www\servicos\procseletivos\adm\system\CodeIgniter.php(499): CodeIgniter\CodeIgniter->runController(Object(App\Controllers\CargosEscolaridades))
#8 C:\laragon\www\servicos\procseletivos\adm\system\CodeIgniter.php(368): CodeIgniter\CodeIgniter->handleRequest(NULL, Object(Config\Cache), false)
#9 C:\laragon\www\servicos\procseletivos\adm\index.php(67): CodeIgniter\CodeIgniter->run()
#10 {main}

Next CodeIgniter\Database\Exceptions\DatabaseException: Table 'bd_processos_seletivos_administracao.tb_cargos_escolaridades' doesn't exist in C:\laragon\www\servicos\procseletivos\adm\system\Database\BaseConnection.php:645
Stack trace:
#0 C:\laragon\www\servicos\procseletivos\adm\system\Database\BaseBuilder.php(1602): CodeIgniter\Database\BaseConnection->query('SELECT *\nFROM `...', Array, false)
#1 C:\laragon\www\servicos\procseletivos\adm\system\Model.php(267): CodeIgniter\Database\BaseBuilder->get()
#2 C:\laragon\www\servicos\procseletivos\adm\system\BaseModel.php(656): CodeIgniter\Model->doFirst()
#3 C:\laragon\www\servicos\procseletivos\adm\app\Controllers\CargosEscolaridades.php(45): CodeIgniter\BaseModel->first()
#4 C:\laragon\www\servicos\procseletivos\adm\system\CodeIgniter.php(934): App\Controllers\CargosEscolaridades->formularioCargosEscolaridade('17')
#5 C:\laragon\www\servicos\procseletivos\adm\system\CodeIgniter.php(499): CodeIgniter\CodeIgniter->runController(Object(App\Controllers\CargosEscolaridades))
#6 C:\laragon\www\servicos\procseletivos\adm\system\CodeIgniter.php(368): CodeIgniter\CodeIgniter->handleRequest(NULL, Object(Config\Cache), false)
#7 C:\laragon\www\servicos\procseletivos\adm\index.php(67): CodeIgniter\CodeIgniter->run()
#8 {main}
  thrown
in SYSTEMPATH\Database\BaseConnection.php on line 645.
 1 [internal function]: CodeIgniter\Debug\Exceptions->shutdownHandler()
ERROR - 2026-08-20 10:21:28 --> mysqli_sql_exception: Table 'bd_processos_seletivos_administracao.tb_cargos_escolaridades_edital' doesn't exist in C:\laragon\www\servicos\procseletivos\adm\system\Database\MySQLi\Connection.php:295
Stack trace:
#0 C:\laragon\www\servicos\procseletivos\adm\system\Database\MySQLi\Connection.php(295): mysqli->query('SELECT *\nFROM `...', 0)
#1 C:\laragon\www\servicos\procseletivos\adm\system\Database\BaseConnection.php(691): CodeIgniter\Database\MySQLi\Connection->execute('SELECT *\nFROM `...')
#2 C:\laragon\www\servicos\procseletivos\adm\system\Database\BaseConnection.php(605): CodeIgniter\Database\BaseConnection->simpleQuery('SELECT *\nFROM `...')
#3 C:\laragon\www\servicos\procseletivos\adm\system\Database\BaseBuilder.php(1602): CodeIgniter\Database\BaseConnection->query('SELECT *\nFROM `...', Array, false)
#4 C:\laragon\www\servicos\procseletivos\adm\system\Model.php(267): CodeIgniter\Database\BaseBuilder->get()
#5 C:\laragon\www\servicos\procseletivos\adm\system\BaseModel.php(656): CodeIgniter\Model->doFirst()
#6 C:\laragon\www\servicos\procseletivos\adm\app\Controllers\CargosEscolaridades.php(45): CodeIgniter\BaseModel->first()
#7 C:\laragon\www\servicos\procseletivos\adm\system\CodeIgniter.php(934): App\Controllers\CargosEscolaridades->formularioCargosEscolaridade('17')
#8 C:\laragon\www\servicos\procseletivos\adm\system\CodeIgniter.php(499): CodeIgniter\CodeIgniter->runController(Object(App\Controllers\CargosEscolaridades))
#9 C:\laragon\www\servicos\procseletivos\adm\system\CodeIgniter.php(368): CodeIgniter\CodeIgniter->handleRequest(NULL, Object(Config\Cache), false)
#10 C:\laragon\www\servicos\procseletivos\adm\index.php(67): CodeIgniter\CodeIgniter->run()
#11 {main}
CRITICAL - 2026-08-20 10:21:28 --> Uncaught mysqli_sql_exception: Table 'bd_processos_seletivos_administracao.tb_cargos_escolaridades_edital' doesn't exist in C:\laragon\www\servicos\procseletivos\adm\system\Database\MySQLi\Connection.php:295
Stack trace:
#0 C:\laragon\www\servicos\procseletivos\adm\system\Database\MySQLi\Connection.php(295): mysqli->query('SELECT *\nFROM `...', 0)
#1 C:\laragon\www\servicos\procseletivos\adm\system\Database\BaseConnection.php(691): CodeIgniter\Database\MySQLi\Connection->execute('SELECT *\nFROM `...')
#2 C:\laragon\www\servicos\procseletivos\adm\system\Database\BaseConnection.php(605): CodeIgniter\Database\BaseConnection->simpleQuery('SELECT *\nFROM `...')
#3 C:\laragon\www\servicos\procseletivos\adm\system\Database\BaseBuilder.php(1602): CodeIgniter\Database\BaseConnection->query('SELECT *\nFROM `...', Array, false)
#4 C:\laragon\www\servicos\procseletivos\adm\system\Model.php(267): CodeIgniter\Database\BaseBuilder->get()
#5 C:\laragon\www\servicos\procseletivos\adm\system\BaseModel.php(656): CodeIgniter\Model->doFirst()
#6 C:\laragon\www\servicos\procseletivos\adm\app\Controllers\CargosEscolaridades.php(45): CodeIgniter\BaseModel->first()
#7 C:\laragon\www\servicos\procseletivos\adm\system\CodeIgniter.php(934): App\Controllers\CargosEscolaridades->formularioCargosEscolaridade('17')
#8 C:\laragon\www\servicos\procseletivos\adm\system\CodeIgniter.php(499): CodeIgniter\CodeIgniter->runController(Object(App\Controllers\CargosEscolaridades))
#9 C:\laragon\www\servicos\procseletivos\adm\system\CodeIgniter.php(368): CodeIgniter\CodeIgniter->handleRequest(NULL, Object(Config\Cache), false)
#10 C:\laragon\www\servicos\procseletivos\adm\index.php(67): CodeIgniter\CodeIgniter->run()
#11 {main}

Next CodeIgniter\Database\Exceptions\DatabaseException: Table 'bd_processos_seletivos_administracao.tb_cargos_escolaridades_edital' doesn't exist in C:\laragon\www\servicos\procseletivos\adm\system\Database\MySQLi\Connection.php:300
Stack trace:
#0 C:\laragon\www\servicos\procseletivos\adm\system\Database\BaseConnection.php(691): CodeIgniter\Database\MySQLi\Connection->execute('SELECT *\nFROM `...')
#1 C:\laragon\www\servicos\procseletivos\adm\system\Database\BaseConnection.php(605): CodeIgniter\Database\BaseConnection->simpleQuery('SELECT *\nFROM `...')
#2 C:\laragon\www\servicos\procseletivos\adm\system\Database\BaseBuilder.php(1602): CodeIgniter\Database\BaseConnection->query('SELECT *\nFROM `...', Array, false)
#3 C:\laragon\www\servicos\procseletivos\adm\system\Model.php(267): CodeIgniter\Database\BaseBuilder->get()
#4 C:\laragon\www\servicos\procseletivos\adm\system\BaseModel.php(656): CodeIgniter\Model->doFirst()
#5 C:\laragon\www\servicos\procseletivos\adm\app\Controllers\CargosEscolaridades.php(45): CodeIgniter\BaseModel->first()
#6 C:\laragon\www\servicos\procseletivos\adm\system\CodeIgniter.php(934): App\Controllers\CargosEscolaridades->formularioCargosEscolaridade('17')
#7 C:\laragon\www\servicos\procseletivos\adm\system\CodeIgniter.php(499): CodeIgniter\CodeIgniter->runController(Object(App\Controllers\CargosEscolaridades))
#8 C:\laragon\www\servicos\procseletivos\adm\system\CodeIgniter.php(368): CodeIgniter\CodeIgniter->handleRequest(NULL, Object(Config\Cache), false)
#9 C:\laragon\www\servicos\procseletivos\adm\index.php(67): CodeIgniter\CodeIgniter->run()
#10 {main}

Next CodeIgniter\Database\Exceptions\DatabaseException: Table 'bd_processos_seletivos_administracao.tb_cargos_escolaridades_edital' doesn't exist in C:\laragon\www\servicos\procseletivos\adm\system\Database\BaseConnection.php:645
Stack trace:
#0 C:\laragon\www\servicos\procseletivos\adm\system\Database\BaseBuilder.php(1602): CodeIgniter\Database\BaseConnection->query('SELECT *\nFROM `...', Array, false)
#1 C:\laragon\www\servicos\procseletivos\adm\system\Model.php(267): CodeIgniter\Database\BaseBuilder->get()
#2 C:\laragon\www\servicos\procseletivos\adm\system\BaseModel.php(656): CodeIgniter\Model->doFirst()
#3 C:\laragon\www\servicos\procseletivos\adm\app\Controllers\CargosEscolaridades.php(45): CodeIgniter\BaseModel->first()
#4 C:\laragon\www\servicos\procseletivos\adm\system\CodeIgniter.php(934): App\Controllers\CargosEscolaridades->formularioCargosEscolaridade('17')
#5 C:\laragon\www\servicos\procseletivos\adm\system\CodeIgniter.php(499): CodeIgniter\CodeIgniter->runController(Object(App\Controllers\CargosEscolaridades))
#6 C:\laragon\www\servicos\procseletivos\adm\system\CodeIgniter.php(368): CodeIgniter\CodeIgniter->handleRequest(NULL, Object(Config\Cache), false)
#7 C:\laragon\www\servicos\procseletivos\adm\index.php(67): CodeIgniter\CodeIgniter->run()
#8 {main}
  thrown
in SYSTEMPATH\Database\BaseConnection.php on line 645.
 1 [internal function]: CodeIgniter\Debug\Exceptions->shutdownHandler()
CRITICAL - 2026-08-20 10:21:38 --> Uncaught ErrorException: Undefined variable $Escolaridades in C:\laragon\www\servicos\procseletivos\adm\app\Views\pages\cadastros\formCargosEscolaridade_view.php:71
Stack trace:
#0 C:\laragon\www\servicos\procseletivos\adm\app\Views\pages\cadastros\formCargosEscolaridade_view.php(71): CodeIgniter\Debug\Exceptions->errorHandler(2, 'Undefined varia...', 'C:\\laragon\\www\\...', 71)
#1 C:\laragon\www\servicos\procseletivos\adm\system\View\View.php(213): include('C:\\laragon\\www\\...')
#2 C:\laragon\www\servicos\procseletivos\adm\system\View\View.php(216): CodeIgniter\View\View->CodeIgniter\View\{closure}()
#3 C:\laragon\www\servicos\procseletivos\adm\system\Common.php(1177): CodeIgniter\View\View->render('pages/cadastros...', Array, true)
#4 C:\laragon\www\servicos\procseletivos\adm\app\Views\layoutDash.php(5): view('pages/cadastros...')
#5 C:\laragon\www\servicos\procseletivos\adm\system\View\View.php(213): include('C:\\laragon\\www\\...')
#6 C:\laragon\www\servicos\procseletivos\adm\system\View\View.php(216): CodeIgniter\View\View->CodeIgniter\View\{closure}()
#7 C:\laragon\www\servicos\procseletivos\adm\system\Common.php(1177): CodeIgniter\View\View->render('layoutDash', Array, true)
#8 C:\laragon\www\servicos\procseletivos\adm\app\Controllers\CargosEscolaridades.php(110): view('layoutDash', Array)
#9 C:\laragon\www\servicos\procseletivos\adm\app\Controllers\CargosEscolaridades.php(55): App\Controllers\CargosEscolaridades->renderFormulario(Array)
#10 C:\laragon\www\servicos\procseletivos\adm\system\CodeIgniter.php(934): App\Controllers\CargosEscolaridades->formularioCargosEscolaridade('17')
#11 C:\laragon\www\servicos\procseletivos\adm\system\CodeIgniter.php(499): CodeIgniter\CodeIgniter->runController(Object(App\Controllers\CargosEscolaridades))
#12 C:\laragon\www\servicos\procseletivos\adm\system\CodeIgniter.php(368): CodeIgniter\CodeIgniter->handleRequest(NULL, Object(Config\Cache), false)
#13 C:\laragon\www\servicos\procseletivos\adm\index.php(67): CodeIgniter\CodeIgniter->run()
#14 {main}
  thrown
in APPPATH\Views\pages\cadastros\formCargosEscolaridade_view.php on line 71.
 1 [internal function]: CodeIgniter\Debug\Exceptions->shutdownHandler()
CRITICAL - 2026-08-20 10:22:59 --> Uncaught ErrorException: Undefined property: stdClass::$ds_quantidade_minima in C:\laragon\www\servicos\procseletivos\adm\app\Views\pages\cadastros\formCargosEscolaridade_view.php:183
Stack trace:
#0 C:\laragon\www\servicos\procseletivos\adm\app\Views\pages\cadastros\formCargosEscolaridade_view.php(183): CodeIgniter\Debug\Exceptions->errorHandler(2, 'Undefined prope...', 'C:\\laragon\\www\\...', 183)
#1 C:\laragon\www\servicos\procseletivos\adm\system\View\View.php(213): include('C:\\laragon\\www\\...')
#2 C:\laragon\www\servicos\procseletivos\adm\system\View\View.php(216): CodeIgniter\View\View->CodeIgniter\View\{closure}()
#3 C:\laragon\www\servicos\procseletivos\adm\system\Common.php(1177): CodeIgniter\View\View->render('pages/cadastros...', Array, true)
#4 C:\laragon\www\servicos\procseletivos\adm\app\Views\layoutDash.php(5): view('pages/cadastros...')
#5 C:\laragon\www\servicos\procseletivos\adm\system\View\View.php(213): include('C:\\laragon\\www\\...')
#6 C:\laragon\www\servicos\procseletivos\adm\system\View\View.php(216): CodeIgniter\View\View->CodeIgniter\View\{closure}()
#7 C:\laragon\www\servicos\procseletivos\adm\system\Common.php(1177): CodeIgniter\View\View->render('layoutDash', Array, true)
#8 C:\laragon\www\servicos\procseletivos\adm\app\Controllers\CargosEscolaridades.php(110): view('layoutDash', Array)
#9 C:\laragon\www\servicos\procseletivos\adm\app\Controllers\CargosEscolaridades.php(55): App\Controllers\CargosEscolaridades->renderFormulario(Array)
#10 C:\laragon\www\servicos\procseletivos\adm\system\CodeIgniter.php(934): App\Controllers\CargosEscolaridades->formularioCargosEscolaridade('17')
#11 C:\laragon\www\servicos\procseletivos\adm\system\CodeIgniter.php(499): CodeIgniter\CodeIgniter->runController(Object(App\Controllers\CargosEscolaridades))
#12 C:\laragon\www\servicos\procseletivos\adm\system\CodeIgniter.php(368): CodeIgniter\CodeIgniter->handleRequest(NULL, Object(Config\Cache), false)
#13 C:\laragon\www\servicos\procseletivos\adm\index.php(67): CodeIgniter\CodeIgniter->run()
#14 {main}
  thrown
in APPPATH\Views\pages\cadastros\formCargosEscolaridade_view.php on line 183.
 1 [internal function]: CodeIgniter\Debug\Exceptions->shutdownHandler()
CRITICAL - 2026-08-20 10:23:24 --> Uncaught ErrorException: Undefined property: stdClass::$ds_quantidade_minima in C:\laragon\www\servicos\procseletivos\adm\app\Views\pages\cadastros\formCargosEscolaridade_view.php:183
Stack trace:
#0 C:\laragon\www\servicos\procseletivos\adm\app\Views\pages\cadastros\formCargosEscolaridade_view.php(183): CodeIgniter\Debug\Exceptions->errorHandler(2, 'Undefined prope...', 'C:\\laragon\\www\\...', 183)
#1 C:\laragon\www\servicos\procseletivos\adm\system\View\View.php(213): include('C:\\laragon\\www\\...')
#2 C:\laragon\www\servicos\procseletivos\adm\system\View\View.php(216): CodeIgniter\View\View->CodeIgniter\View\{closure}()
#3 C:\laragon\www\servicos\procseletivos\adm\system\Common.php(1177): CodeIgniter\View\View->render('pages/cadastros...', Array, true)
#4 C:\laragon\www\servicos\procseletivos\adm\app\Views\layoutDash.php(5): view('pages/cadastros...')
#5 C:\laragon\www\servicos\procseletivos\adm\system\View\View.php(213): include('C:\\laragon\\www\\...')
#6 C:\laragon\www\servicos\procseletivos\adm\system\View\View.php(216): CodeIgniter\View\View->CodeIgniter\View\{closure}()
#7 C:\laragon\www\servicos\procseletivos\adm\system\Common.php(1177): CodeIgniter\View\View->render('layoutDash', Array, true)
#8 C:\laragon\www\servicos\procseletivos\adm\app\Controllers\CargosEscolaridades.php(110): view('layoutDash', Array)
#9 C:\laragon\www\servicos\procseletivos\adm\app\Controllers\CargosEscolaridades.php(55): App\Controllers\CargosEscolaridades->renderFormulario(Array)
#10 C:\laragon\www\servicos\procseletivos\adm\system\CodeIgniter.php(934): App\Controllers\CargosEscolaridades->formularioCargosEscolaridade('17')
#11 C:\laragon\www\servicos\procseletivos\adm\system\CodeIgniter.php(499): CodeIgniter\CodeIgniter->runController(Object(App\Controllers\CargosEscolaridades))
#12 C:\laragon\www\servicos\procseletivos\adm\system\CodeIgniter.php(368): CodeIgniter\CodeIgniter->handleRequest(NULL, Object(Config\Cache), false)
#13 C:\laragon\www\servicos\procseletivos\adm\index.php(67): CodeIgniter\CodeIgniter->run()
#14 {main}
  thrown
in APPPATH\Views\pages\cadastros\formCargosEscolaridade_view.php on line 183.
 1 [internal function]: CodeIgniter\Debug\Exceptions->shutdownHandler()
CRITICAL - 2026-08-20 10:25:05 --> Uncaught CodeIgniter\Exceptions\PageNotFoundException: Can't find a route for 'post: Cargos/registrarAssociacaoCargoEscolaridade'. in C:\laragon\www\servicos\procseletivos\adm\system\CodeIgniter.php:993
Stack trace:
#0 C:\laragon\www\servicos\procseletivos\adm\system\CodeIgniter.php(993): CodeIgniter\Exceptions\PageNotFoundException::forPageNotFound('Can't find a ro...')
#1 C:\laragon\www\servicos\procseletivos\adm\system\CodeIgniter.php(387): CodeIgniter\CodeIgniter->display404errors(Object(CodeIgniter\Exceptions\PageNotFoundException))
#2 C:\laragon\www\servicos\procseletivos\adm\index.php(67): CodeIgniter\CodeIgniter->run()
#3 {main}
  thrown
in SYSTEMPATH\CodeIgniter.php on line 993.
 1 [internal function]: CodeIgniter\Debug\Exceptions->shutdownHandler()
CRITICAL - 2026-08-20 14:11:05 --> Uncaught CodeIgniter\Exceptions\PageNotFoundException: Can't find a route for 'get: external/img/materiais.png'. in C:\laragon\www\servicos\procseletivos\adm\system\CodeIgniter.php:993
Stack trace:
#0 C:\laragon\www\servicos\procseletivos\adm\system\CodeIgniter.php(993): CodeIgniter\Exceptions\PageNotFoundException::forPageNotFound('Can't find a ro...')
#1 C:\laragon\www\servicos\procseletivos\adm\system\CodeIgniter.php(387): CodeIgniter\CodeIgniter->display404errors(Object(CodeIgniter\Exceptions\PageNotFoundException))
#2 C:\laragon\www\servicos\procseletivos\adm\index.php(67): CodeIgniter\CodeIgniter->run()
#3 {main}
  thrown
in SYSTEMPATH\CodeIgniter.php on line 993.
 1 [internal function]: CodeIgniter\Debug\Exceptions->shutdownHandler()
CRITICAL - 2026-08-20 14:11:05 --> Uncaught CodeIgniter\Exceptions\PageNotFoundException: Can't find a route for 'get: external/img/bg-login.jpg'. in C:\laragon\www\servicos\procseletivos\adm\system\CodeIgniter.php:993
Stack trace:
#0 C:\laragon\www\servicos\procseletivos\adm\system\CodeIgniter.php(993): CodeIgniter\Exceptions\PageNotFoundException::forPageNotFound('Can't find a ro...')
#1 C:\laragon\www\servicos\procseletivos\adm\system\CodeIgniter.php(387): CodeIgniter\CodeIgniter->display404errors(Object(CodeIgniter\Exceptions\PageNotFoundException))
#2 C:\laragon\www\servicos\procseletivos\adm\index.php(67): CodeIgniter\CodeIgniter->run()
#3 {main}
  thrown
in SYSTEMPATH\CodeIgniter.php on line 993.
 1 [internal function]: CodeIgniter\Debug\Exceptions->shutdownHandler()
