CRITICAL - 2026-09-10 10:16:30 --> Uncaught CodeIgniter\Security\Exceptions\SecurityException: The action you requested is not allowed. in C:\laragon\www\servicos\procseletivos\adm\system\Security\Security.php:306
Stack trace:
#0 C:\laragon\www\servicos\procseletivos\adm\system\Security\Security.php(306): CodeIgniter\Security\Exceptions\SecurityException::forDisallowedAction()
#1 C:\laragon\www\servicos\procseletivos\adm\system\Filters\CSRF.php(55): CodeIgniter\Security\Security->verify(Object(CodeIgniter\HTTP\IncomingRequest))
#2 C:\laragon\www\servicos\procseletivos\adm\system\Filters\Filters.php(173): CodeIgniter\Filters\CSRF->before(Object(CodeIgniter\HTTP\IncomingRequest), NULL)
#3 C:\laragon\www\servicos\procseletivos\adm\system\CodeIgniter.php(473): CodeIgniter\Filters\Filters->run('CargosDesempate...', 'before')
#4 C:\laragon\www\servicos\procseletivos\adm\system\CodeIgniter.php(368): CodeIgniter\CodeIgniter->handleRequest(NULL, Object(Config\Cache), false)
#5 C:\laragon\www\servicos\procseletivos\adm\index.php(67): CodeIgniter\CodeIgniter->run()
#6 {main}
  thrown
in SYSTEMPATH\Security\Security.php on line 306.
 1 [internal function]: CodeIgniter\Debug\Exceptions->shutdownHandler()
CRITICAL - 2026-09-10 10:19:46 --> Uncaught CodeIgniter\Security\Exceptions\SecurityException: The action you requested is not allowed. in C:\laragon\www\servicos\procseletivos\adm\system\Security\Security.php:306
Stack trace:
#0 C:\laragon\www\servicos\procseletivos\adm\system\Security\Security.php(306): CodeIgniter\Security\Exceptions\SecurityException::forDisallowedAction()
#1 C:\laragon\www\servicos\procseletivos\adm\system\Filters\CSRF.php(55): CodeIgniter\Security\Security->verify(Object(CodeIgniter\HTTP\IncomingRequest))
#2 C:\laragon\www\servicos\procseletivos\adm\system\Filters\Filters.php(173): CodeIgniter\Filters\CSRF->before(Object(CodeIgniter\HTTP\IncomingRequest), NULL)
#3 C:\laragon\www\servicos\procseletivos\adm\system\CodeIgniter.php(473): CodeIgniter\Filters\Filters->run('CargosDesempate...', 'before')
#4 C:\laragon\www\servicos\procseletivos\adm\system\CodeIgniter.php(368): CodeIgniter\CodeIgniter->handleRequest(NULL, Object(Config\Cache), false)
#5 C:\laragon\www\servicos\procseletivos\adm\index.php(67): CodeIgniter\CodeIgniter->run()
#6 {main}
  thrown
in SYSTEMPATH\Security\Security.php on line 306.
 1 [internal function]: CodeIgniter\Debug\Exceptions->shutdownHandler()
CRITICAL - 2026-09-10 10:21:03 --> Uncaught CodeIgniter\Security\Exceptions\SecurityException: The action you requested is not allowed. in C:\laragon\www\servicos\procseletivos\adm\system\Security\Security.php:306
Stack trace:
#0 C:\laragon\www\servicos\procseletivos\adm\system\Security\Security.php(306): CodeIgniter\Security\Exceptions\SecurityException::forDisallowedAction()
#1 C:\laragon\www\servicos\procseletivos\adm\system\Filters\CSRF.php(55): CodeIgniter\Security\Security->verify(Object(CodeIgniter\HTTP\IncomingRequest))
#2 C:\laragon\www\servicos\procseletivos\adm\system\Filters\Filters.php(173): CodeIgniter\Filters\CSRF->before(Object(CodeIgniter\HTTP\IncomingRequest), NULL)
#3 C:\laragon\www\servicos\procseletivos\adm\system\CodeIgniter.php(473): CodeIgniter\Filters\Filters->run('CargosDesempate...', 'before')
#4 C:\laragon\www\servicos\procseletivos\adm\system\CodeIgniter.php(368): CodeIgniter\CodeIgniter->handleRequest(NULL, Object(Config\Cache), false)
#5 C:\laragon\www\servicos\procseletivos\adm\index.php(67): CodeIgniter\CodeIgniter->run()
#6 {main}
  thrown
in SYSTEMPATH\Security\Security.php on line 306.
 1 [internal function]: CodeIgniter\Debug\Exceptions->shutdownHandler()
CRITICAL - 2026-09-10 11:51:15 --> Uncaught ErrorException: Array to string conversion in C:\laragon\www\servicos\procseletivos\adm\app\Views\pages\candidatos\Classificacoes_view.php:70
Stack trace:
#0 C:\laragon\www\servicos\procseletivos\adm\app\Views\pages\candidatos\Classificacoes_view.php(70): CodeIgniter\Debug\Exceptions->errorHandler(2, 'Array to string...', 'C:\\laragon\\www\\...', 70)
#1 C:\laragon\www\servicos\procseletivos\adm\system\View\View.php(213): include('C:\\laragon\\www\\...')
#2 C:\laragon\www\servicos\procseletivos\adm\system\View\View.php(216): CodeIgniter\View\View->CodeIgniter\View\{closure}()
#3 C:\laragon\www\servicos\procseletivos\adm\system\Common.php(1177): CodeIgniter\View\View->render('pages/candidato...', Array, true)
#4 C:\laragon\www\servicos\procseletivos\adm\app\Views\layoutDash.php(5): view('pages/candidato...')
#5 C:\laragon\www\servicos\procseletivos\adm\system\View\View.php(213): include('C:\\laragon\\www\\...')
#6 C:\laragon\www\servicos\procseletivos\adm\system\View\View.php(216): CodeIgniter\View\View->CodeIgniter\View\{closure}()
#7 C:\laragon\www\servicos\procseletivos\adm\system\Common.php(1177): CodeIgniter\View\View->render('layoutDash', Array, true)
#8 C:\laragon\www\servicos\procseletivos\adm\app\Controllers\Classificacoes.php(86): view('layoutDash', Array)
#9 C:\laragon\www\servicos\procseletivos\adm\system\CodeIgniter.php(934): App\Controllers\Classificacoes->index('28', '12')
#10 C:\laragon\www\servicos\procseletivos\adm\system\CodeIgniter.php(499): CodeIgniter\CodeIgniter->runController(Object(App\Controllers\Classificacoes))
#11 C:\laragon\www\servicos\procseletivos\adm\system\CodeIgniter.php(368): CodeIgniter\CodeIgniter->handleRequest(NULL, Object(Config\Cache), false)
#12 C:\laragon\www\servicos\procseletivos\adm\index.php(67): CodeIgniter\CodeIgniter->run()
#13 {main}
  thrown
in APPPATH\Views\pages\candidatos\Classificacoes_view.php on line 70.
 1 [internal function]: CodeIgniter\Debug\Exceptions->shutdownHandler()
CRITICAL - 2026-09-10 11:51:41 --> Uncaught ErrorException: Array to string conversion in C:\laragon\www\servicos\procseletivos\adm\app\Views\pages\candidatos\Classificacoes_view.php:70
Stack trace:
#0 C:\laragon\www\servicos\procseletivos\adm\app\Views\pages\candidatos\Classificacoes_view.php(70): CodeIgniter\Debug\Exceptions->errorHandler(2, 'Array to string...', 'C:\\laragon\\www\\...', 70)
#1 C:\laragon\www\servicos\procseletivos\adm\system\View\View.php(213): include('C:\\laragon\\www\\...')
#2 C:\laragon\www\servicos\procseletivos\adm\system\View\View.php(216): CodeIgniter\View\View->CodeIgniter\View\{closure}()
#3 C:\laragon\www\servicos\procseletivos\adm\system\Common.php(1177): CodeIgniter\View\View->render('pages/candidato...', Array, true)
#4 C:\laragon\www\servicos\procseletivos\adm\app\Views\layoutDash.php(5): view('pages/candidato...')
#5 C:\laragon\www\servicos\procseletivos\adm\system\View\View.php(213): include('C:\\laragon\\www\\...')
#6 C:\laragon\www\servicos\procseletivos\adm\system\View\View.php(216): CodeIgniter\View\View->CodeIgniter\View\{closure}()
#7 C:\laragon\www\servicos\procseletivos\adm\system\Common.php(1177): CodeIgniter\View\View->render('layoutDash', Array, true)
#8 C:\laragon\www\servicos\procseletivos\adm\app\Controllers\Classificacoes.php(86): view('layoutDash', Array)
#9 C:\laragon\www\servicos\procseletivos\adm\system\CodeIgniter.php(934): App\Controllers\Classificacoes->index('28', '12')
#10 C:\laragon\www\servicos\procseletivos\adm\system\CodeIgniter.php(499): CodeIgniter\CodeIgniter->runController(Object(App\Controllers\Classificacoes))
#11 C:\laragon\www\servicos\procseletivos\adm\system\CodeIgniter.php(368): CodeIgniter\CodeIgniter->handleRequest(NULL, Object(Config\Cache), false)
#12 C:\laragon\www\servicos\procseletivos\adm\index.php(67): CodeIgniter\CodeIgniter->run()
#13 {main}
  thrown
in APPPATH\Views\pages\candidatos\Classificacoes_view.php on line 70.
 1 [internal function]: CodeIgniter\Debug\Exceptions->shutdownHandler()
CRITICAL - 2026-09-10 15:20:51 --> Uncaught ErrorException: Array to string conversion in C:\laragon\www\servicos\procseletivos\adm\app\Views\pages\candidatos\Classificacoes_view.php:70
Stack trace:
#0 C:\laragon\www\servicos\procseletivos\adm\app\Views\pages\candidatos\Classificacoes_view.php(70): CodeIgniter\Debug\Exceptions->errorHandler(2, 'Array to string...', 'C:\\laragon\\www\\...', 70)
#1 C:\laragon\www\servicos\procseletivos\adm\system\View\View.php(213): include('C:\\laragon\\www\\...')
#2 C:\laragon\www\servicos\procseletivos\adm\system\View\View.php(216): CodeIgniter\View\View->CodeIgniter\View\{closure}()
#3 C:\laragon\www\servicos\procseletivos\adm\system\Common.php(1177): CodeIgniter\View\View->render('pages/candidato...', Array, true)
#4 C:\laragon\www\servicos\procseletivos\adm\app\Views\layoutDash.php(5): view('pages/candidato...')
#5 C:\laragon\www\servicos\procseletivos\adm\system\View\View.php(213): include('C:\\laragon\\www\\...')
#6 C:\laragon\www\servicos\procseletivos\adm\system\View\View.php(216): CodeIgniter\View\View->CodeIgniter\View\{closure}()
#7 C:\laragon\www\servicos\procseletivos\adm\system\Common.php(1177): CodeIgniter\View\View->render('layoutDash', Array, true)
#8 C:\laragon\www\servicos\procseletivos\adm\app\Controllers\Classificacoes.php(86): view('layoutDash', Array)
#9 C:\laragon\www\servicos\procseletivos\adm\system\CodeIgniter.php(934): App\Controllers\Classificacoes->index('28', '12')
#10 C:\laragon\www\servicos\procseletivos\adm\system\CodeIgniter.php(499): CodeIgniter\CodeIgniter->runController(Object(App\Controllers\Classificacoes))
#11 C:\laragon\www\servicos\procseletivos\adm\system\CodeIgniter.php(368): CodeIgniter\CodeIgniter->handleRequest(NULL, Object(Config\Cache), false)
#12 C:\laragon\www\servicos\procseletivos\adm\index.php(67): CodeIgniter\CodeIgniter->run()
#13 {main}
  thrown
in APPPATH\Views\pages\candidatos\Classificacoes_view.php on line 70.
 1 [internal function]: CodeIgniter\Debug\Exceptions->shutdownHandler()
