CRITICAL - 2026-08-14 07:50:59 --> Uncaught CodeIgniter\Exceptions\PageNotFoundException: Can't find a route for 'get: external/img/materiais.png'. in C:\laragon\www\servicos\procseletivos\adm\system\CodeIgniter.php:993
Stack trace:
#0 C:\laragon\www\servicos\procseletivos\adm\system\CodeIgniter.php(993): CodeIgniter\Exceptions\PageNotFoundException::forPageNotFound('Can't find a ro...')
#1 C:\laragon\www\servicos\procseletivos\adm\system\CodeIgniter.php(387): CodeIgniter\CodeIgniter->display404errors(Object(CodeIgniter\Exceptions\PageNotFoundException))
#2 C:\laragon\www\servicos\procseletivos\adm\index.php(67): CodeIgniter\CodeIgniter->run()
#3 {main}
  thrown
in SYSTEMPATH\CodeIgniter.php on line 993.
 1 [internal function]: CodeIgniter\Debug\Exceptions->shutdownHandler()
CRITICAL - 2026-08-14 07:50:59 --> Uncaught CodeIgniter\Exceptions\PageNotFoundException: Can't find a route for 'get: external/img/bg-login.jpg'. in C:\laragon\www\servicos\procseletivos\adm\system\CodeIgniter.php:993
Stack trace:
#0 C:\laragon\www\servicos\procseletivos\adm\system\CodeIgniter.php(993): CodeIgniter\Exceptions\PageNotFoundException::forPageNotFound('Can't find a ro...')
#1 C:\laragon\www\servicos\procseletivos\adm\system\CodeIgniter.php(387): CodeIgniter\CodeIgniter->display404errors(Object(CodeIgniter\Exceptions\PageNotFoundException))
#2 C:\laragon\www\servicos\procseletivos\adm\index.php(67): CodeIgniter\CodeIgniter->run()
#3 {main}
  thrown
in SYSTEMPATH\CodeIgniter.php on line 993.
 1 [internal function]: CodeIgniter\Debug\Exceptions->shutdownHandler()
CRITICAL - 2026-08-14 11:16:12 --> Uncaught Error: Class "App\Enums\Escolaridades\EnumEscolaridades" not found in C:\laragon\www\servicos\procseletivos\adm\app\Views\pages\cadastros\formCargos_view.php:57
Stack trace:
#0 C:\laragon\www\servicos\procseletivos\adm\system\View\View.php(213): include()
#1 C:\laragon\www\servicos\procseletivos\adm\system\View\View.php(216): CodeIgniter\View\View->CodeIgniter\View\{closure}()
#2 C:\laragon\www\servicos\procseletivos\adm\system\Common.php(1177): CodeIgniter\View\View->render('pages/cadastros...', Array, true)
#3 C:\laragon\www\servicos\procseletivos\adm\app\Views\layoutDash.php(5): view('pages/cadastros...')
#4 C:\laragon\www\servicos\procseletivos\adm\system\View\View.php(213): include('C:\\laragon\\www\\...')
#5 C:\laragon\www\servicos\procseletivos\adm\system\View\View.php(216): CodeIgniter\View\View->CodeIgniter\View\{closure}()
#6 C:\laragon\www\servicos\procseletivos\adm\system\Common.php(1177): CodeIgniter\View\View->render('layoutDash', Array, true)
#7 C:\laragon\www\servicos\procseletivos\adm\app\Controllers\Cargos.php(107): view('layoutDash', Array)
#8 C:\laragon\www\servicos\procseletivos\adm\app\Controllers\Cargos.php(67): App\Controllers\Cargos->renderFormulario(Array)
#9 C:\laragon\www\servicos\procseletivos\adm\system\CodeIgniter.php(934): App\Controllers\Cargos->formularioCadastro()
#10 C:\laragon\www\servicos\procseletivos\adm\system\CodeIgniter.php(499): CodeIgniter\CodeIgniter->runController(Object(App\Controllers\Cargos))
#11 C:\laragon\www\servicos\procseletivos\adm\system\CodeIgniter.php(368): CodeIgniter\CodeIgniter->handleRequest(NULL, Object(Config\Cache), false)
#12 C:\laragon\www\servicos\procseletivos\adm\index.php(67): CodeIgniter\CodeIgniter->run()
#13 {main}
  thrown
in APPPATH\Views\pages\cadastros\formCargos_view.php on line 57.
 1 [internal function]: CodeIgniter\Debug\Exceptions->shutdownHandler()
CRITICAL - 2026-08-14 11:32:40 --> Uncaught Error: Class "App\Enums\Escolaridades\EnumEscolaridades" not found in C:\laragon\www\servicos\procseletivos\adm\app\Views\pages\cadastros\formCargos_view.php:58
Stack trace:
#0 C:\laragon\www\servicos\procseletivos\adm\system\View\View.php(213): include()
#1 C:\laragon\www\servicos\procseletivos\adm\system\View\View.php(216): CodeIgniter\View\View->CodeIgniter\View\{closure}()
#2 C:\laragon\www\servicos\procseletivos\adm\system\Common.php(1177): CodeIgniter\View\View->render('pages/cadastros...', Array, true)
#3 C:\laragon\www\servicos\procseletivos\adm\app\Views\layoutDash.php(5): view('pages/cadastros...')
#4 C:\laragon\www\servicos\procseletivos\adm\system\View\View.php(213): include('C:\\laragon\\www\\...')
#5 C:\laragon\www\servicos\procseletivos\adm\system\View\View.php(216): CodeIgniter\View\View->CodeIgniter\View\{closure}()
#6 C:\laragon\www\servicos\procseletivos\adm\system\Common.php(1177): CodeIgniter\View\View->render('layoutDash', Array, true)
#7 C:\laragon\www\servicos\procseletivos\adm\app\Controllers\Cargos.php(107): view('layoutDash', Array)
#8 C:\laragon\www\servicos\procseletivos\adm\app\Controllers\Cargos.php(67): App\Controllers\Cargos->renderFormulario(Array)
#9 C:\laragon\www\servicos\procseletivos\adm\system\CodeIgniter.php(934): App\Controllers\Cargos->formularioCadastro()
#10 C:\laragon\www\servicos\procseletivos\adm\system\CodeIgniter.php(499): CodeIgniter\CodeIgniter->runController(Object(App\Controllers\Cargos))
#11 C:\laragon\www\servicos\procseletivos\adm\system\CodeIgniter.php(368): CodeIgniter\CodeIgniter->handleRequest(NULL, Object(Config\Cache), false)
#12 C:\laragon\www\servicos\procseletivos\adm\index.php(67): CodeIgniter\CodeIgniter->run()
#13 {main}
  thrown
in APPPATH\Views\pages\cadastros\formCargos_view.php on line 58.
 1 [internal function]: CodeIgniter\Debug\Exceptions->shutdownHandler()
CRITICAL - 2026-08-14 11:39:39 --> Uncaught Error: Undefined constant App\Enums\Escolaridades\EnumEscolaridades::POSGRADUACAO in C:\laragon\www\servicos\procseletivos\adm\app\Views\pages\cadastros\formCargos_view.php:61
Stack trace:
#0 C:\laragon\www\servicos\procseletivos\adm\system\View\View.php(213): include()
#1 C:\laragon\www\servicos\procseletivos\adm\system\View\View.php(216): CodeIgniter\View\View->CodeIgniter\View\{closure}()
#2 C:\laragon\www\servicos\procseletivos\adm\system\Common.php(1177): CodeIgniter\View\View->render('pages/cadastros...', Array, true)
#3 C:\laragon\www\servicos\procseletivos\adm\app\Views\layoutDash.php(5): view('pages/cadastros...')
#4 C:\laragon\www\servicos\procseletivos\adm\system\View\View.php(213): include('C:\\laragon\\www\\...')
#5 C:\laragon\www\servicos\procseletivos\adm\system\View\View.php(216): CodeIgniter\View\View->CodeIgniter\View\{closure}()
#6 C:\laragon\www\servicos\procseletivos\adm\system\Common.php(1177): CodeIgniter\View\View->render('layoutDash', Array, true)
#7 C:\laragon\www\servicos\procseletivos\adm\app\Controllers\Cargos.php(107): view('layoutDash', Array)
#8 C:\laragon\www\servicos\procseletivos\adm\app\Controllers\Cargos.php(67): App\Controllers\Cargos->renderFormulario(Array)
#9 C:\laragon\www\servicos\procseletivos\adm\system\CodeIgniter.php(934): App\Controllers\Cargos->formularioCadastro()
#10 C:\laragon\www\servicos\procseletivos\adm\system\CodeIgniter.php(499): CodeIgniter\CodeIgniter->runController(Object(App\Controllers\Cargos))
#11 C:\laragon\www\servicos\procseletivos\adm\system\CodeIgniter.php(368): CodeIgniter\CodeIgniter->handleRequest(NULL, Object(Config\Cache), false)
#12 C:\laragon\www\servicos\procseletivos\adm\index.php(67): CodeIgniter\CodeIgniter->run()
#13 {main}
  thrown
in APPPATH\Views\pages\cadastros\formCargos_view.php on line 61.
 1 [internal function]: CodeIgniter\Debug\Exceptions->shutdownHandler()
CRITICAL - 2026-08-14 11:57:40 --> syntax error, unexpected token "?", expecting end of file
in APPPATH\Views\pages\cadastros\formCargos_view.php on line 3.
 1 [internal function]: CodeIgniter\Debug\Exceptions->shutdownHandler()
CRITICAL - 2026-08-14 12:00:05 --> syntax error, unexpected token "?", expecting end of file
in APPPATH\Views\pages\cadastros\formCargos_view.php on line 3.
 1 [internal function]: CodeIgniter\Debug\Exceptions->shutdownHandler()
CRITICAL - 2026-08-14 12:01:29 --> syntax error, unexpected token "?", expecting end of file
in APPPATH\Views\pages\cadastros\formCargos_view.php on line 3.
 1 [internal function]: CodeIgniter\Debug\Exceptions->shutdownHandler()
CRITICAL - 2026-08-14 14:07:46 --> Uncaught CodeIgniter\Exceptions\PageNotFoundException: Can't find a route for 'get: Cargos/formularioExperiencia/18'. in C:\laragon\www\servicos\procseletivos\adm\system\CodeIgniter.php:993
Stack trace:
#0 C:\laragon\www\servicos\procseletivos\adm\system\CodeIgniter.php(993): CodeIgniter\Exceptions\PageNotFoundException::forPageNotFound('Can't find a ro...')
#1 C:\laragon\www\servicos\procseletivos\adm\system\CodeIgniter.php(387): CodeIgniter\CodeIgniter->display404errors(Object(CodeIgniter\Exceptions\PageNotFoundException))
#2 C:\laragon\www\servicos\procseletivos\adm\index.php(67): CodeIgniter\CodeIgniter->run()
#3 {main}
  thrown
in SYSTEMPATH\CodeIgniter.php on line 993.
 1 [internal function]: CodeIgniter\Debug\Exceptions->shutdownHandler()
